<html>
<body>
<pre>
<h1>礦ision Build Log</h1>
<h2>Project:</h2>
D:\xiaomu\Slave声音调节\Project\Recev_slaver.uvproj
Project File Date:  01/17/2018

<h2>Output:</h2>
Build target 'SLAVER'
compiling Config.c...
..\API\Config.c(257): warning:  #940-D: missing return statement at end of non-void function "GEA_Setvolume"
linking...
Program Size: Code=26580 RO-data=580 RW-data=9044 ZI-data=56228  
FromELF: creating hex file...
After Build - User command #1: fromelf.exe --bin -o ..\Output\Recevslaver.bin ..\Output\Recevslaver.axf
"..\Output\Recevslaver.axf": Error: Q0122E: Could not open file '..\Output\Recevslaver.axf': No such file or directory
Finished: 0 information, 0 warning and 1 error messages.
"..\Output_recev\Recevslaver.axf" - 0 Errors, 1 Warning(s).
Build target 'SLAVER'
compiling main.c...
compiling xiaomu.c...
..\APP\xiaomu.c(94): warning:  #177-D: variable "speech" was declared but never referenced
..\APP\xiaomu.c(394): warning:  #550-D: variable "speech" was set but never used
compiling hardware.c...
..\APP\hardware.c(101): warning:  #223-D: function "recevcheck" declared implicitly
..\APP\hardware.c(170): warning:  #223-D: function "recevcheck" declared implicitly
..\APP\hardware.c(197): warning:  #177-D: variable "spiromsize" was declared but never referenced
compiling nRF.c...
compiling SLAVERAPIS2.c...
compiling GEngineCfg.c...
compiling Config.c...
..\API\Config.c(257): warning:  #940-D: missing return statement at end of non-void function "GEA_Setvolume"
compiling hdr.c...
compiling Motor.c...
compiling sentence.c...
compiling recev.c...
..\Driver\recev.c(129): warning:  #177-D: variable "point" was declared but never referenced
..\Driver\recev.c(254): warning:  #546-D: transfer of control bypasses initialization of:
            variable "sampleCnt" (declared at line 258)
            variable "sum" (declared at line 319)
            variable "length" (declared at line 347)
                        goto _Update;
                        ^
..\Driver\recev.c(305): warning:  #546-D: transfer of control bypasses initialization of:
            variable "sum" (declared at line 319)
            variable "length" (declared at line 347)
                        goto _Exit;
                        ^
..\Driver\recev.c(155): warning:  #177-D: variable "findlow" was declared but never referenced
..\Driver\recev.c(155): warning:  #177-D: variable "Hcnt" was declared but never referenced
..\Driver\recev.c(427): warning:  #940-D: missing return statement at end of non-void function "recev_Init"
..\Driver\recev.c(106): warning:  #177-D: variable "DMAIsDONE" was declared but never referenced
compiling CMOS.c...
linking...
Program Size: Code=26580 RO-data=580 RW-data=9044 ZI-data=56228  
FromELF: creating hex file...
After Build - User command #1: fromelf.exe --bin -o ..\Output\Recevslaver.bin ..\Output\Recevslaver.axf
"..\Output\Recevslaver.axf": Error: Q0122E: Could not open file '..\Output\Recevslaver.axf': No such file or directory
Finished: 0 information, 0 warning and 1 error messages.
"..\Output_recev\Recevslaver.axf" - 0 Errors, 13 Warning(s).
Load "..\\Output_recev\\Recevslaver.axf" 
Set JLink Project File to "D:\xiaomu\Slave声音调节\Project\JLinkSettings.ini"
* JLink Info: Device "STM32F105RB" selected (128 KB flash, 32 KB RAM).
 
JLink info:
------------
DLL: V4.68a, compiled Apr 12 2013 13:26:50
Firmware: J-Link V9 compiled Oct  6 2017 16:38:28
Hardware: V9.40
S/N : 59425868 
Feature(s) : RDI, GDB, FlashDL, FlashBP, JFlash, RDDI 
 
* JLink Info: TotalIRLen = ?, IRPrint = 0x..000000000000000000000000
* JLink Info: STM32F1xxx: Can not attach to CPU. Trying connect under reset.
* JLink Info: TotalIRLen = ?, IRPrint = 0x..000000000000000000000000
Build target 'SLAVER'
linking...
Program Size: Code=26580 RO-data=580 RW-data=9044 ZI-data=56228  
FromELF: creating hex file...
After Build - User command #1: fromelf.exe --bin -o ..\Output\Recevslaver.bin ..\Output\Recevslaver.axf
"..\Output\Recevslaver.axf": Error: Q0122E: Could not open file '..\Output\Recevslaver.axf': No such file or directory
Finished: 0 information, 0 warning and 1 error messages.
"..\Output_recev\Recevslaver.axf" - 0 Errors, 0 Warning(s).
Load "..\\Output_recev\\Recevslaver.axf" 
Set JLink Project File to "D:\xiaomu\Slave声音调节\Project\JLinkSettings.ini"
* JLink Info: Device "STM32F105RB" selected (128 KB flash, 32 KB RAM).
 
JLink info:
------------
DLL: V4.68a, compiled Apr 12 2013 13:26:50
Firmware: J-Link V9 compiled Oct  6 2017 16:38:28
Hardware: V9.40
S/N : 59425868 
Feature(s) : RDI, GDB, FlashDL, FlashBP, JFlash, RDDI 
 
* JLink Info: TotalIRLen = ?, IRPrint = 0x..000000000000000000000000
* JLink Info: STM32F1xxx: Can not attach to CPU. Trying connect under reset.
* JLink Info: TotalIRLen = ?, IRPrint = 0x..000000000000000000000000
Load "..\\Output_recev\\Recevslaver.axf" 
Set JLink Project File to "D:\xiaomu\Slave声音调节\Project\JLinkSettings.ini"
* JLink Info: Device "STM32F105RB" selected (128 KB flash, 32 KB RAM).
 
JLink info:
------------
DLL: V4.68a, compiled Apr 12 2013 13:26:50
Firmware: J-Link V9 compiled Oct  6 2017 16:38:28
Hardware: V9.40
S/N : 59425868 
Feature(s) : RDI, GDB, FlashDL, FlashBP, JFlash, RDDI 
 
* JLink Info: Found SWD-DP with ID 0x1BA01477
* JLink Info: Found SWD-DP with ID 0x1BA01477
* JLink Info: TPIU fitted.
* JLink Info: ETM fitted.
* JLink Info: FPUnit: 6 code (BP) slots and 2 literal slots
* JLink Info: Found Cortex-M3 r1p1, Little endian.
ROMTableAddr = 0xE00FF003
 
Target info:
------------
Device: STM32F105RB
VTarget = 3.303V
State of Pins: 
TCK: 0, TDI: 0, TDO: 0, TMS: 0, TRES: 1, TRST: 1
Hardware-Breakpoints: 6
Software-Breakpoints: 8192
Watchpoints:          4
JTAG speed: 2000 kHz
 
Erase Done.
Programming Done.
Verify OK.
Application running ...
Build target 'SLAVER'
compiling main.c...
compiling xiaomu.c...
..\APP\xiaomu.c(94): warning:  #177-D: variable "speech" was declared but never referenced
..\APP\xiaomu.c(394): warning:  #550-D: variable "speech" was set but never used
compiling hardware.c...
..\APP\hardware.c(101): warning:  #223-D: function "recevcheck" declared implicitly
..\APP\hardware.c(170): warning:  #223-D: function "recevcheck" declared implicitly
..\APP\hardware.c(197): warning:  #177-D: variable "spiromsize" was declared but never referenced
compiling nRF.c...
compiling SLAVERAPIS2.c...
compiling GEngineCfg.c...
compiling Config.c...
..\API\Config.c(259): warning:  #940-D: missing return statement at end of non-void function "GEA_Setvolume"
compiling hdr.c...
compiling Motor.c...
compiling sentence.c...
compiling recev.c...
..\Driver\recev.c(129): warning:  #177-D: variable "point" was declared but never referenced
..\Driver\recev.c(254): warning:  #546-D: transfer of control bypasses initialization of:
            variable "sampleCnt" (declared at line 258)
            variable "sum" (declared at line 319)
            variable "length" (declared at line 347)
                        goto _Update;
                        ^
..\Driver\recev.c(305): warning:  #546-D: transfer of control bypasses initialization of:
            variable "sum" (declared at line 319)
            variable "length" (declared at line 347)
                        goto _Exit;
                        ^
..\Driver\recev.c(155): warning:  #177-D: variable "findlow" was declared but never referenced
..\Driver\recev.c(155): warning:  #177-D: variable "Hcnt" was declared but never referenced
..\Driver\recev.c(427): warning:  #940-D: missing return statement at end of non-void function "recev_Init"
..\Driver\recev.c(106): warning:  #177-D: variable "DMAIsDONE" was declared but never referenced
compiling CMOS.c...
linking...
Program Size: Code=26580 RO-data=580 RW-data=9044 ZI-data=56228  
FromELF: creating hex file...
After Build - User command #1: fromelf.exe --bin -o ..\Output\Recevslaver.bin ..\Output\Recevslaver.axf
"..\Output\Recevslaver.axf": Error: Q0122E: Could not open file '..\Output\Recevslaver.axf': No such file or directory
Finished: 0 information, 0 warning and 1 error messages.
"..\Output_recev\Recevslaver.axf" - 0 Errors, 13 Warning(s).
Build target 'SLAVER'
compiling Config.c...
..\API\Config.c(257): warning:  #940-D: missing return statement at end of non-void function "GEA_Setvolume"
linking...
Program Size: Code=26576 RO-data=580 RW-data=9044 ZI-data=56228  
FromELF: creating hex file...
After Build - User command #1: fromelf.exe --bin -o ..\Output\Recevslaver.bin ..\Output\Recevslaver.axf
"..\Output\Recevslaver.axf": Error: Q0122E: Could not open file '..\Output\Recevslaver.axf': No such file or directory
Finished: 0 information, 0 warning and 1 error messages.
"..\Output_recev\Recevslaver.axf" - 0 Errors, 1 Warning(s).
Load "..\\Output_recev\\Recevslaver.axf" 
Set JLink Project File to "D:\xiaomu\Slave声音调节\Project\JLinkSettings.ini"
* JLink Info: Device "STM32F105RB" selected (128 KB flash, 32 KB RAM).
 
JLink info:
------------
DLL: V4.68a, compiled Apr 12 2013 13:26:50
Firmware: J-Link V9 compiled Oct  6 2017 16:38:28
Hardware: V9.40
S/N : 59425868 
Feature(s) : RDI, GDB, FlashDL, FlashBP, JFlash, RDDI 
 
* JLink Info: Found SWD-DP with ID 0x1BA01477
* JLink Info: Found SWD-DP with ID 0x1BA01477
* JLink Info: TPIU fitted.
* JLink Info: ETM fitted.
* JLink Info: FPUnit: 6 code (BP) slots and 2 literal slots
* JLink Info: Found Cortex-M3 r1p1, Little endian.
ROMTableAddr = 0xE00FF003
 
Target info:
------------
Device: STM32F105RB
VTarget = 3.300V
State of Pins: 
TCK: 0, TDI: 0, TDO: 0, TMS: 0, TRES: 1, TRST: 1
Hardware-Breakpoints: 6
Software-Breakpoints: 8192
Watchpoints:          4
JTAG speed: 2000 kHz
 
Erase Done.
Programming Done.
Verify OK.
Application running ...
Build target 'SLAVER'
linking...
Program Size: Code=26576 RO-data=580 RW-data=9044 ZI-data=56228  
FromELF: creating hex file...
After Build - User command #1: fromelf.exe --bin -o ..\Output\Recevslaver.bin ..\Output\Recevslaver.axf
"..\Output\Recevslaver.axf": Error: Q0122E: Could not open file '..\Output\Recevslaver.axf': No such file or directory
Finished: 0 information, 0 warning and 1 error messages.
"..\Output_recev\Recevslaver.axf" - 0 Errors, 0 Warning(s).
Build target 'SLAVER'
compiling main.c...
compiling xiaomu.c...
..\APP\xiaomu.c(94): warning:  #177-D: variable "speech" was declared but never referenced
..\APP\xiaomu.c(394): warning:  #550-D: variable "speech" was set but never used
compiling hardware.c...
..\APP\hardware.c(101): warning:  #223-D: function "recevcheck" declared implicitly
..\APP\hardware.c(170): warning:  #223-D: function "recevcheck" declared implicitly
..\APP\hardware.c(197): warning:  #177-D: variable "spiromsize" was declared but never referenced
compiling nRF.c...
compiling SLAVERAPIS2.c...
compiling GEngineCfg.c...
compiling Config.c...
..\API\Config.c(257): warning:  #940-D: missing return statement at end of non-void function "GEA_Setvolume"
compiling hdr.c...
compiling Motor.c...
compiling sentence.c...
compiling recev.c...
..\Driver\recev.c(129): warning:  #177-D: variable "point" was declared but never referenced
..\Driver\recev.c(254): warning:  #546-D: transfer of control bypasses initialization of:
            variable "sampleCnt" (declared at line 258)
            variable "sum" (declared at line 319)
            variable "length" (declared at line 347)
                        goto _Update;
                        ^
..\Driver\recev.c(305): warning:  #546-D: transfer of control bypasses initialization of:
            variable "sum" (declared at line 319)
            variable "length" (declared at line 347)
                        goto _Exit;
                        ^
..\Driver\recev.c(155): warning:  #177-D: variable "findlow" was declared but never referenced
..\Driver\recev.c(155): warning:  #177-D: variable "Hcnt" was declared but never referenced
..\Driver\recev.c(427): warning:  #940-D: missing return statement at end of non-void function "recev_Init"
..\Driver\recev.c(106): warning:  #177-D: variable "DMAIsDONE" was declared but never referenced
compiling CMOS.c...
linking...
Program Size: Code=26576 RO-data=580 RW-data=9044 ZI-data=56228  
FromELF: creating hex file...
After Build - User command #1: fromelf.exe --bin -o ..\Output\Recevslaver.bin ..\Output\Recevslaver.axf
"..\Output\Recevslaver.axf": Error: Q0122E: Could not open file '..\Output\Recevslaver.axf': No such file or directory
Finished: 0 information, 0 warning and 1 error messages.
"..\Output_recev\Recevslaver.axf" - 0 Errors, 13 Warning(s).
Build target 'SLAVER'
linking...
Program Size: Code=26576 RO-data=580 RW-data=9044 ZI-data=56228  
FromELF: creating hex file...
After Build - User command #1: fromelf.exe --bin -o ..\Output\Recevslaver.bin ..\Output\Recevslaver.axf
"..\Output\Recevslaver.axf": Error: Q0122E: Could not open file '..\Output\Recevslaver.axf': No such file or directory
Finished: 0 information, 0 warning and 1 error messages.
"..\Output_recev\Recevslaver.axf" - 0 Errors, 0 Warning(s).
Load "..\\Output_recev\\Recevslaver.axf" 
Set JLink Project File to "D:\xiaomu\Slave声音调节\Project\JLinkSettings.ini"
* JLink Info: Device "STM32F105RB" selected (128 KB flash, 32 KB RAM).
 
JLink info:
------------
DLL: V4.68a, compiled Apr 12 2013 13:26:50
Firmware: J-Link V9 compiled Oct  6 2017 16:38:28
Hardware: V9.40
S/N : 59425868 
Feature(s) : RDI, GDB, FlashDL, FlashBP, JFlash, RDDI 
 
* JLink Info: Found SWD-DP with ID 0x1BA01477
* JLink Info: Found SWD-DP with ID 0x1BA01477
* JLink Info: TPIU fitted.
* JLink Info: ETM fitted.
* JLink Info: FPUnit: 6 code (BP) slots and 2 literal slots
* JLink Info: Found Cortex-M3 r1p1, Little endian.
ROMTableAddr = 0xE00FF003
 
Target info:
------------
Device: STM32F105RB
VTarget = 3.298V
State of Pins: 
TCK: 0, TDI: 0, TDO: 0, TMS: 0, TRES: 1, TRST: 1
Hardware-Breakpoints: 6
Software-Breakpoints: 8192
Watchpoints:          4
JTAG speed: 2000 kHz
 
Erase Done.
Programming Done.
Verify OK.
Application running ...
Build target 'SLAVER'
linking...
Program Size: Code=26576 RO-data=580 RW-data=9044 ZI-data=56228  
FromELF: creating hex file...
After Build - User command #1: fromelf.exe --bin -o ..\Output\Recevslaver.bin ..\Output\Recevslaver.axf
"..\Output\Recevslaver.axf": Error: Q0122E: Could not open file '..\Output\Recevslaver.axf': No such file or directory
Finished: 0 information, 0 warning and 1 error messages.
"..\Output_recev\Recevslaver.axf" - 0 Errors, 0 Warning(s).
Load "..\\Output_recev\\Recevslaver.axf" 
Set JLink Project File to "D:\xiaomu\Slave声音调节\Project\JLinkSettings.ini"
* JLink Info: Device "STM32F105RB" selected (128 KB flash, 32 KB RAM).
 
JLink info:
------------
DLL: V4.68a, compiled Apr 12 2013 13:26:50
Firmware: J-Link V9 compiled Oct  6 2017 16:38:28
Hardware: V9.40
S/N : 59425868 
Feature(s) : RDI, GDB, FlashDL, FlashBP, JFlash, RDDI 
 
* JLink Info: Found SWD-DP with ID 0x1BA01477
* JLink Info: Found SWD-DP with ID 0x1BA01477
* JLink Info: TPIU fitted.
* JLink Info: ETM fitted.
* JLink Info: FPUnit: 6 code (BP) slots and 2 literal slots
* JLink Info: Found Cortex-M3 r1p1, Little endian.
ROMTableAddr = 0xE00FF003
 
Target info:
------------
Device: STM32F105RB
VTarget = 3.300V
State of Pins: 
TCK: 0, TDI: 0, TDO: 0, TMS: 0, TRES: 1, TRST: 1
Hardware-Breakpoints: 6
Software-Breakpoints: 8192
Watchpoints:          4
JTAG speed: 2000 kHz
 
Erase Done.
Programming Done.
Verify OK.
Application running ...
Build target 'SLAVER'
compiling Config.c...
..\API\Config.c(256): warning:  #940-D: missing return statement at end of non-void function "GEA_Setvolume"
linking...
Program Size: Code=26576 RO-data=580 RW-data=9044 ZI-data=56228  
FromELF: creating hex file...
After Build - User command #1: fromelf.exe --bin -o ..\Output\Recevslaver.bin ..\Output\Recevslaver.axf
"..\Output\Recevslaver.axf": Error: Q0122E: Could not open file '..\Output\Recevslaver.axf': No such file or directory
Finished: 0 information, 0 warning and 1 error messages.
"..\Output_recev\Recevslaver.axf" - 0 Errors, 1 Warning(s).
