<!doctype html public "-//w3c//dtd html 4.0 transitional//en">
<html><head>
<title>Static Call Graph - [..\Output_recev\Recevslaver.axf]</title></head>
<body><HR>
<H1>Static Call Graph for image ..\Output_recev\Recevslaver.axf</H1><HR>
<BR><P>#&#060CALLGRAPH&#062# ARM Linker, 5040049: Last Updated: Wed Jan 24 10:43:50 2018
<BR><P>
<H3>Maximum Stack Usage =       1520 bytes + Unknown(Cycles, Untraceable Function Pointers)</H3><H3>
Call chain for Maximum Stack Depth:</H3>
main &rArr; slaver_main &rArr; initionNRF &rArr; hardware_main &rArr; slaverpowerOff &rArr; shutdown &rArr; MMA7660FC_Init &rArr; Display_Initialization &rArr; RefreshScreen &rArr; PutGraph &rArr; File_GetGraphInfo &rArr; GetResourceItemAddr &rArr; GetResourceAddr &rArr; Flash_Read &rArr; Flash_Wait_Done &rArr; F_DB_Out &rArr; GPIO_Init
<P>
<H3>
Mutually Recursive functions
</H3> <LI><a href="#[135]">stCheck</a>&nbsp;&nbsp;&nbsp;&rArr;&nbsp;&nbsp;&nbsp;<a href="#[135]">stCheck</a><BR>
 <LI><a href="#[fb]">sentencePlay</a>&nbsp;&nbsp;&nbsp;&rArr;&nbsp;&nbsp;&nbsp;<a href="#[135]">stCheck</a><BR>
</UL>
<P>
<H3>
Function Pointers
</H3><UL>
 <LI><a href="#[1c]">ADC1_2_IRQHandler</a> from startup_stm32f10x_hd.o(.text) referenced from startup_stm32f10x_hd.o(RESET)
 <LI><a href="#[39]">ADC3_IRQHandler</a> from startup_stm32f10x_hd.o(.text) referenced from startup_stm32f10x_hd.o(RESET)
 <LI><a href="#[4]">BusFault_Handler</a> from startup_stm32f10x_hd.o(.text) referenced from startup_stm32f10x_hd.o(RESET)
 <LI><a href="#[1f]">CAN1_RX1_IRQHandler</a> from startup_stm32f10x_hd.o(.text) referenced from startup_stm32f10x_hd.o(RESET)
 <LI><a href="#[20]">CAN1_SCE_IRQHandler</a> from startup_stm32f10x_hd.o(.text) referenced from startup_stm32f10x_hd.o(RESET)
 <LI><a href="#[15]">DMA1_Channel1_IRQHandler</a> from recev.o(i.DMA1_Channel1_IRQHandler) referenced from startup_stm32f10x_hd.o(RESET)
 <LI><a href="#[16]">DMA1_Channel2_IRQHandler</a> from startup_stm32f10x_hd.o(.text) referenced from startup_stm32f10x_hd.o(RESET)
 <LI><a href="#[17]">DMA1_Channel3_IRQHandler</a> from startup_stm32f10x_hd.o(.text) referenced from startup_stm32f10x_hd.o(RESET)
 <LI><a href="#[18]">DMA1_Channel4_IRQHandler</a> from startup_stm32f10x_hd.o(.text) referenced from startup_stm32f10x_hd.o(RESET)
 <LI><a href="#[19]">DMA1_Channel5_IRQHandler</a> from startup_stm32f10x_hd.o(.text) referenced from startup_stm32f10x_hd.o(RESET)
 <LI><a href="#[1a]">DMA1_Channel6_IRQHandler</a> from startup_stm32f10x_hd.o(.text) referenced from startup_stm32f10x_hd.o(RESET)
 <LI><a href="#[1b]">DMA1_Channel7_IRQHandler</a> from startup_stm32f10x_hd.o(.text) referenced from startup_stm32f10x_hd.o(RESET)
 <LI><a href="#[42]">DMA2_Channel1_IRQHandler</a> from startup_stm32f10x_hd.o(.text) referenced from startup_stm32f10x_hd.o(RESET)
 <LI><a href="#[43]">DMA2_Channel2_IRQHandler</a> from startup_stm32f10x_hd.o(.text) referenced from startup_stm32f10x_hd.o(RESET)
 <LI><a href="#[44]">DMA2_Channel3_IRQHandler</a> from startup_stm32f10x_hd.o(.text) referenced from startup_stm32f10x_hd.o(RESET)
 <LI><a href="#[45]">DMA2_Channel4_5_IRQHandler</a> from startup_stm32f10x_hd.o(.text) referenced from startup_stm32f10x_hd.o(RESET)
 <LI><a href="#[7]">DebugMon_Handler</a> from startup_stm32f10x_hd.o(.text) referenced from startup_stm32f10x_hd.o(RESET)
 <LI><a href="#[10]">EXTI0_IRQHandler</a> from mma7660fc.o(i.EXTI0_IRQHandler) referenced from startup_stm32f10x_hd.o(RESET)
 <LI><a href="#[32]">EXTI15_10_IRQHandler</a> from singlewireslave.o(i.EXTI15_10_IRQHandler) referenced from startup_stm32f10x_hd.o(RESET)
 <LI><a href="#[11]">EXTI1_IRQHandler</a> from startup_stm32f10x_hd.o(.text) referenced from startup_stm32f10x_hd.o(RESET)
 <LI><a href="#[12]">EXTI2_IRQHandler</a> from startup_stm32f10x_hd.o(.text) referenced from startup_stm32f10x_hd.o(RESET)
 <LI><a href="#[13]">EXTI3_IRQHandler</a> from startup_stm32f10x_hd.o(.text) referenced from startup_stm32f10x_hd.o(RESET)
 <LI><a href="#[14]">EXTI4_IRQHandler</a> from startup_stm32f10x_hd.o(.text) referenced from startup_stm32f10x_hd.o(RESET)
 <LI><a href="#[21]">EXTI9_5_IRQHandler</a> from nrf24l01.o(i.EXTI9_5_IRQHandler) referenced from startup_stm32f10x_hd.o(RESET)
 <LI><a href="#[e]">FLASH_IRQHandler</a> from startup_stm32f10x_hd.o(.text) referenced from startup_stm32f10x_hd.o(RESET)
 <LI><a href="#[3a]">FSMC_IRQHandler</a> from startup_stm32f10x_hd.o(.text) referenced from startup_stm32f10x_hd.o(RESET)
 <LI><a href="#[4d]">GEA_AddAnimation</a> from hdr.o(i.GEA_AddAnimation) referenced from genginecfg.o(.constdata)
 <LI><a href="#[4b]">GEA_ClePutRef</a> from slaverapis2.o(i.GEA_ClePutRef) referenced from genginecfg.o(.constdata)
 <LI><a href="#[4f]">GEA_ClearAnimationFifo</a> from hdr.o(i.GEA_ClearAnimationFifo) referenced from genginecfg.o(.constdata)
 <LI><a href="#[4a]">GEA_ClearLayer</a> from slaverapis2.o(i.GEA_ClearLayer) referenced from genginecfg.o(.constdata)
 <LI><a href="#[4e]">GEA_DeleteAnimation</a> from hdr.o(i.GEA_DeleteAnimation) referenced from genginecfg.o(.constdata)
 <LI><a href="#[5e]">GEA_GetGName</a> from config.o(i.GEA_GetGName) referenced from genginecfg.o(.constdata)
 <LI><a href="#[56]">GEA_GetJoyStickStatus</a> from slaverapis2.o(i.GEA_GetJoyStickStatus) referenced from genginecfg.o(.constdata)
 <LI><a href="#[57]">GEA_GetNearStatus</a> from recev.o(i.GEA_GetNearStatus) referenced from genginecfg.o(.constdata)
 <LI><a href="#[54]">GEA_GetSpeechStatus</a> from sentence.o(i.GEA_GetSpeechStatus) referenced from genginecfg.o(.constdata)
 <LI><a href="#[53]">GEA_LoopSpeech</a> from sentence.o(i.GEA_LoopSpeech) referenced from genginecfg.o(.constdata)
 <LI><a href="#[58]">GEA_MotorCtrl</a> from motor.o(i.GEA_MotorCtrl) referenced from genginecfg.o(.constdata)
 <LI><a href="#[4c]">GEA_PlayAnimation</a> from hdr.o(i.GEA_PlayAnimation) referenced from genginecfg.o(.constdata)
 <LI><a href="#[52]">GEA_PlaySpeech</a> from sentence.o(i.GEA_PlaySpeech) referenced from genginecfg.o(.constdata)
 <LI><a href="#[5b]">GEA_PowerOff</a> from xiaomu.o(i.GEA_PowerOff) referenced from genginecfg.o(.constdata)
 <LI><a href="#[49]">GEA_PutGraph</a> from slaverapis2.o(i.GEA_PutGraph) referenced from genginecfg.o(.constdata)
 <LI><a href="#[5d]">GEA_SetGName</a> from config.o(i.GEA_SetGName) referenced from genginecfg.o(.constdata)
 <LI><a href="#[5c]">GEA_SetMode</a> from slaverapis2.o(i.GEA_SetMode) referenced from genginecfg.o(.constdata)
 <LI><a href="#[51]">GEA_SetSpeechList</a> from sentence.o(i.GEA_SetSpeechList) referenced from genginecfg.o(.constdata)
 <LI><a href="#[5a]">GEA_SetTimCnt</a> from cmos.o(i.GEA_SetTimCnt) referenced from genginecfg.o(.constdata)
 <LI><a href="#[5f]">GEA_Setvolume</a> from config.o(i.GEA_Setvolume) referenced from genginecfg.o(.constdata)
 <LI><a href="#[59]">GEA_SlaverState</a> from slaverapis2.o(i.GEA_SlaverState) referenced from genginecfg.o(.constdata)
 <LI><a href="#[50]">GEA_StopAnimation</a> from hdr.o(i.GEA_StopAnimation) referenced from genginecfg.o(.constdata)
 <LI><a href="#[55]">GEA_StopSpeech</a> from sentence.o(i.GEA_StopSpeech) referenced from genginecfg.o(.constdata)
 <LI><a href="#[2]">HardFault_Handler</a> from startup_stm32f10x_hd.o(.text) referenced from startup_stm32f10x_hd.o(RESET)
 <LI><a href="#[2a]">I2C1_ER_IRQHandler</a> from startup_stm32f10x_hd.o(.text) referenced from startup_stm32f10x_hd.o(RESET)
 <LI><a href="#[29]">I2C1_EV_IRQHandler</a> from startup_stm32f10x_hd.o(.text) referenced from startup_stm32f10x_hd.o(RESET)
 <LI><a href="#[2c]">I2C2_ER_IRQHandler</a> from startup_stm32f10x_hd.o(.text) referenced from startup_stm32f10x_hd.o(RESET)
 <LI><a href="#[2b]">I2C2_EV_IRQHandler</a> from startup_stm32f10x_hd.o(.text) referenced from startup_stm32f10x_hd.o(RESET)
 <LI><a href="#[3]">MemManage_Handler</a> from startup_stm32f10x_hd.o(.text) referenced from startup_stm32f10x_hd.o(RESET)
 <LI><a href="#[1]">NMI_Handler</a> from startup_stm32f10x_hd.o(.text) referenced from startup_stm32f10x_hd.o(RESET)
 <LI><a href="#[b]">PVD_IRQHandler</a> from startup_stm32f10x_hd.o(.text) referenced from startup_stm32f10x_hd.o(RESET)
 <LI><a href="#[8]">PendSV_Handler</a> from startup_stm32f10x_hd.o(.text) referenced from startup_stm32f10x_hd.o(RESET)
 <LI><a href="#[f]">RCC_IRQHandler</a> from startup_stm32f10x_hd.o(.text) referenced from startup_stm32f10x_hd.o(RESET)
 <LI><a href="#[33]">RTCAlarm_IRQHandler</a> from startup_stm32f10x_hd.o(.text) referenced from startup_stm32f10x_hd.o(RESET)
 <LI><a href="#[d]">RTC_IRQHandler</a> from startup_stm32f10x_hd.o(.text) referenced from startup_stm32f10x_hd.o(RESET)
 <LI><a href="#[0]">Reset_Handler</a> from startup_stm32f10x_hd.o(.text) referenced from startup_stm32f10x_hd.o(RESET)
 <LI><a href="#[3b]">SDIO_IRQHandler</a> from startup_stm32f10x_hd.o(.text) referenced from startup_stm32f10x_hd.o(RESET)
 <LI><a href="#[2d]">SPI1_IRQHandler</a> from startup_stm32f10x_hd.o(.text) referenced from startup_stm32f10x_hd.o(RESET)
 <LI><a href="#[2e]">SPI2_IRQHandler</a> from startup_stm32f10x_hd.o(.text) referenced from startup_stm32f10x_hd.o(RESET)
 <LI><a href="#[3d]">SPI3_IRQHandler</a> from startup_stm32f10x_hd.o(.text) referenced from startup_stm32f10x_hd.o(RESET)
 <LI><a href="#[6]">SVC_Handler</a> from startup_stm32f10x_hd.o(.text) referenced from startup_stm32f10x_hd.o(RESET)
 <LI><a href="#[9]">SysTick_Handler</a> from startup_stm32f10x_hd.o(.text) referenced from startup_stm32f10x_hd.o(RESET)
 <LI><a href="#[47]">SystemInit</a> from system_stm32f10x.o(i.SystemInit) referenced from startup_stm32f10x_hd.o(.text)
 <LI><a href="#[c]">TAMPER_IRQHandler</a> from startup_stm32f10x_hd.o(.text) referenced from startup_stm32f10x_hd.o(RESET)
 <LI><a href="#[22]">TIM1_BRK_IRQHandler</a> from startup_stm32f10x_hd.o(.text) referenced from startup_stm32f10x_hd.o(RESET)
 <LI><a href="#[25]">TIM1_CC_IRQHandler</a> from startup_stm32f10x_hd.o(.text) referenced from startup_stm32f10x_hd.o(RESET)
 <LI><a href="#[24]">TIM1_TRG_COM_IRQHandler</a> from startup_stm32f10x_hd.o(.text) referenced from startup_stm32f10x_hd.o(RESET)
 <LI><a href="#[23]">TIM1_UP_IRQHandler</a> from startup_stm32f10x_hd.o(.text) referenced from startup_stm32f10x_hd.o(RESET)
 <LI><a href="#[26]">TIM2_IRQHandler</a> from stm32f10x_it.o(i.TIM2_IRQHandler) referenced from startup_stm32f10x_hd.o(RESET)
 <LI><a href="#[27]">TIM3_IRQHandler</a> from pcm.o(i.TIM3_IRQHandler) referenced from startup_stm32f10x_hd.o(RESET)
 <LI><a href="#[28]">TIM4_IRQHandler</a> from startup_stm32f10x_hd.o(.text) referenced from startup_stm32f10x_hd.o(RESET)
 <LI><a href="#[3c]">TIM5_IRQHandler</a> from startup_stm32f10x_hd.o(.text) referenced from startup_stm32f10x_hd.o(RESET)
 <LI><a href="#[40]">TIM6_IRQHandler</a> from startup_stm32f10x_hd.o(.text) referenced from startup_stm32f10x_hd.o(RESET)
 <LI><a href="#[41]">TIM7_IRQHandler</a> from startup_stm32f10x_hd.o(.text) referenced from startup_stm32f10x_hd.o(RESET)
 <LI><a href="#[35]">TIM8_BRK_IRQHandler</a> from startup_stm32f10x_hd.o(.text) referenced from startup_stm32f10x_hd.o(RESET)
 <LI><a href="#[38]">TIM8_CC_IRQHandler</a> from startup_stm32f10x_hd.o(.text) referenced from startup_stm32f10x_hd.o(RESET)
 <LI><a href="#[37]">TIM8_TRG_COM_IRQHandler</a> from startup_stm32f10x_hd.o(.text) referenced from startup_stm32f10x_hd.o(RESET)
 <LI><a href="#[36]">TIM8_UP_IRQHandler</a> from startup_stm32f10x_hd.o(.text) referenced from startup_stm32f10x_hd.o(RESET)
 <LI><a href="#[3e]">UART4_IRQHandler</a> from startup_stm32f10x_hd.o(.text) referenced from startup_stm32f10x_hd.o(RESET)
 <LI><a href="#[3f]">UART5_IRQHandler</a> from startup_stm32f10x_hd.o(.text) referenced from startup_stm32f10x_hd.o(RESET)
 <LI><a href="#[2f]">USART1_IRQHandler</a> from startup_stm32f10x_hd.o(.text) referenced from startup_stm32f10x_hd.o(RESET)
 <LI><a href="#[30]">USART2_IRQHandler</a> from startup_stm32f10x_hd.o(.text) referenced from startup_stm32f10x_hd.o(RESET)
 <LI><a href="#[31]">USART3_IRQHandler</a> from startup_stm32f10x_hd.o(.text) referenced from startup_stm32f10x_hd.o(RESET)
 <LI><a href="#[34]">USBWakeUp_IRQHandler</a> from startup_stm32f10x_hd.o(.text) referenced from startup_stm32f10x_hd.o(RESET)
 <LI><a href="#[1d]">USB_HP_CAN1_TX_IRQHandler</a> from startup_stm32f10x_hd.o(.text) referenced from startup_stm32f10x_hd.o(RESET)
 <LI><a href="#[1e]">USB_LP_CAN1_RX0_IRQHandler</a> from startup_stm32f10x_hd.o(.text) referenced from startup_stm32f10x_hd.o(RESET)
 <LI><a href="#[5]">UsageFault_Handler</a> from startup_stm32f10x_hd.o(.text) referenced from startup_stm32f10x_hd.o(RESET)
 <LI><a href="#[a]">WWDG_IRQHandler</a> from startup_stm32f10x_hd.o(.text) referenced from startup_stm32f10x_hd.o(RESET)
 <LI><a href="#[48]">__main</a> from entry.o(.ARM.Collect$$$$00000000) referenced from startup_stm32f10x_hd.o(.text)
 <LI><a href="#[46]">main</a> from main.o(i.main) referenced from entry9a.o(.ARM.Collect$$$$0000000B)
</UL>
<P>
<H3>
Global Symbols
</H3>
<P><STRONG><a name="[48]"></a>__main</STRONG> (Thumb, 0 bytes, Stack size unknown bytes, entry.o(.ARM.Collect$$$$00000000))
<BR>[Address Reference Count : 1]<UL><LI> startup_stm32f10x_hd.o(.text)
</UL>
<P><STRONG><a name="[1a1]"></a>_main_stk</STRONG> (Thumb, 0 bytes, Stack size unknown bytes, entry2.o(.ARM.Collect$$$$00000001))

<P><STRONG><a name="[60]"></a>_main_scatterload</STRONG> (Thumb, 0 bytes, Stack size unknown bytes, entry5.o(.ARM.Collect$$$$00000004))
<BR><BR>[Calls]<UL><LI><a href="#[61]">&gt;&gt;</a>&nbsp;&nbsp;&nbsp;__scatterload
</UL>

<P><STRONG><a name="[6d]"></a>__main_after_scatterload</STRONG> (Thumb, 0 bytes, Stack size unknown bytes, entry5.o(.ARM.Collect$$$$00000004))
<BR><BR>[Called By]<UL><LI><a href="#[61]">&gt;&gt;</a>&nbsp;&nbsp;&nbsp;__scatterload
</UL>

<P><STRONG><a name="[1a2]"></a>_main_clock</STRONG> (Thumb, 0 bytes, Stack size unknown bytes, entry7b.o(.ARM.Collect$$$$00000008))

<P><STRONG><a name="[1a3]"></a>_main_cpp_init</STRONG> (Thumb, 0 bytes, Stack size unknown bytes, entry8b.o(.ARM.Collect$$$$0000000A))

<P><STRONG><a name="[1a4]"></a>_main_init</STRONG> (Thumb, 0 bytes, Stack size unknown bytes, entry9a.o(.ARM.Collect$$$$0000000B))

<P><STRONG><a name="[1a5]"></a>__rt_final_cpp</STRONG> (Thumb, 0 bytes, Stack size unknown bytes, entry10a.o(.ARM.Collect$$$$0000000D))

<P><STRONG><a name="[1a6]"></a>__rt_final_exit</STRONG> (Thumb, 0 bytes, Stack size unknown bytes, entry11a.o(.ARM.Collect$$$$0000000F))

<P><STRONG><a name="[0]"></a>Reset_Handler</STRONG> (Thumb, 8 bytes, Stack size 0 bytes, startup_stm32f10x_hd.o(.text))
<BR>[Address Reference Count : 1]<UL><LI> startup_stm32f10x_hd.o(RESET)
</UL>
<P><STRONG><a name="[1]"></a>NMI_Handler</STRONG> (Thumb, 2 bytes, Stack size 0 bytes, startup_stm32f10x_hd.o(.text))
<BR><BR>[Calls]<UL><LI><a href="#[62]">&gt;&gt;</a>&nbsp;&nbsp;&nbsp;SystemReset
</UL>
<BR>[Address Reference Count : 1]<UL><LI> startup_stm32f10x_hd.o(RESET)
</UL>
<P><STRONG><a name="[2]"></a>HardFault_Handler</STRONG> (Thumb, 2 bytes, Stack size 0 bytes, startup_stm32f10x_hd.o(.text))
<BR><BR>[Calls]<UL><LI><a href="#[62]">&gt;&gt;</a>&nbsp;&nbsp;&nbsp;SystemReset
</UL>
<BR>[Address Reference Count : 1]<UL><LI> startup_stm32f10x_hd.o(RESET)
</UL>
<P><STRONG><a name="[3]"></a>MemManage_Handler</STRONG> (Thumb, 2 bytes, Stack size 0 bytes, startup_stm32f10x_hd.o(.text))
<BR><BR>[Calls]<UL><LI><a href="#[62]">&gt;&gt;</a>&nbsp;&nbsp;&nbsp;SystemReset
</UL>
<BR>[Address Reference Count : 1]<UL><LI> startup_stm32f10x_hd.o(RESET)
</UL>
<P><STRONG><a name="[4]"></a>BusFault_Handler</STRONG> (Thumb, 2 bytes, Stack size 0 bytes, startup_stm32f10x_hd.o(.text))
<BR><BR>[Calls]<UL><LI><a href="#[62]">&gt;&gt;</a>&nbsp;&nbsp;&nbsp;SystemReset
</UL>
<BR>[Address Reference Count : 1]<UL><LI> startup_stm32f10x_hd.o(RESET)
</UL>
<P><STRONG><a name="[5]"></a>UsageFault_Handler</STRONG> (Thumb, 2 bytes, Stack size 0 bytes, startup_stm32f10x_hd.o(.text))
<BR><BR>[Calls]<UL><LI><a href="#[62]">&gt;&gt;</a>&nbsp;&nbsp;&nbsp;SystemReset
</UL>
<BR>[Address Reference Count : 1]<UL><LI> startup_stm32f10x_hd.o(RESET)
</UL>
<P><STRONG><a name="[6]"></a>SVC_Handler</STRONG> (Thumb, 2 bytes, Stack size 0 bytes, startup_stm32f10x_hd.o(.text))
<BR><BR>[Calls]<UL><LI><a href="#[62]">&gt;&gt;</a>&nbsp;&nbsp;&nbsp;SystemReset
</UL>
<BR>[Address Reference Count : 1]<UL><LI> startup_stm32f10x_hd.o(RESET)
</UL>
<P><STRONG><a name="[7]"></a>DebugMon_Handler</STRONG> (Thumb, 2 bytes, Stack size 0 bytes, startup_stm32f10x_hd.o(.text))
<BR><BR>[Calls]<UL><LI><a href="#[62]">&gt;&gt;</a>&nbsp;&nbsp;&nbsp;SystemReset
</UL>
<BR>[Address Reference Count : 1]<UL><LI> startup_stm32f10x_hd.o(RESET)
</UL>
<P><STRONG><a name="[8]"></a>PendSV_Handler</STRONG> (Thumb, 2 bytes, Stack size 0 bytes, startup_stm32f10x_hd.o(.text))
<BR><BR>[Calls]<UL><LI><a href="#[62]">&gt;&gt;</a>&nbsp;&nbsp;&nbsp;SystemReset
</UL>
<BR>[Address Reference Count : 1]<UL><LI> startup_stm32f10x_hd.o(RESET)
</UL>
<P><STRONG><a name="[9]"></a>SysTick_Handler</STRONG> (Thumb, 2 bytes, Stack size 0 bytes, startup_stm32f10x_hd.o(.text))
<BR><BR>[Calls]<UL><LI><a href="#[62]">&gt;&gt;</a>&nbsp;&nbsp;&nbsp;SystemReset
</UL>
<BR>[Address Reference Count : 1]<UL><LI> startup_stm32f10x_hd.o(RESET)
</UL>
<P><STRONG><a name="[1c]"></a>ADC1_2_IRQHandler</STRONG> (Thumb, 0 bytes, Stack size 0 bytes, startup_stm32f10x_hd.o(.text))
<BR>[Address Reference Count : 1]<UL><LI> startup_stm32f10x_hd.o(RESET)
</UL>
<P><STRONG><a name="[39]"></a>ADC3_IRQHandler</STRONG> (Thumb, 0 bytes, Stack size 0 bytes, startup_stm32f10x_hd.o(.text))
<BR>[Address Reference Count : 1]<UL><LI> startup_stm32f10x_hd.o(RESET)
</UL>
<P><STRONG><a name="[1f]"></a>CAN1_RX1_IRQHandler</STRONG> (Thumb, 0 bytes, Stack size 0 bytes, startup_stm32f10x_hd.o(.text))
<BR>[Address Reference Count : 1]<UL><LI> startup_stm32f10x_hd.o(RESET)
</UL>
<P><STRONG><a name="[20]"></a>CAN1_SCE_IRQHandler</STRONG> (Thumb, 0 bytes, Stack size 0 bytes, startup_stm32f10x_hd.o(.text))
<BR>[Address Reference Count : 1]<UL><LI> startup_stm32f10x_hd.o(RESET)
</UL>
<P><STRONG><a name="[16]"></a>DMA1_Channel2_IRQHandler</STRONG> (Thumb, 0 bytes, Stack size 0 bytes, startup_stm32f10x_hd.o(.text))
<BR>[Address Reference Count : 1]<UL><LI> startup_stm32f10x_hd.o(RESET)
</UL>
<P><STRONG><a name="[17]"></a>DMA1_Channel3_IRQHandler</STRONG> (Thumb, 0 bytes, Stack size 0 bytes, startup_stm32f10x_hd.o(.text))
<BR>[Address Reference Count : 1]<UL><LI> startup_stm32f10x_hd.o(RESET)
</UL>
<P><STRONG><a name="[18]"></a>DMA1_Channel4_IRQHandler</STRONG> (Thumb, 0 bytes, Stack size 0 bytes, startup_stm32f10x_hd.o(.text))
<BR>[Address Reference Count : 1]<UL><LI> startup_stm32f10x_hd.o(RESET)
</UL>
<P><STRONG><a name="[19]"></a>DMA1_Channel5_IRQHandler</STRONG> (Thumb, 0 bytes, Stack size 0 bytes, startup_stm32f10x_hd.o(.text))
<BR>[Address Reference Count : 1]<UL><LI> startup_stm32f10x_hd.o(RESET)
</UL>
<P><STRONG><a name="[1a]"></a>DMA1_Channel6_IRQHandler</STRONG> (Thumb, 0 bytes, Stack size 0 bytes, startup_stm32f10x_hd.o(.text))
<BR>[Address Reference Count : 1]<UL><LI> startup_stm32f10x_hd.o(RESET)
</UL>
<P><STRONG><a name="[1b]"></a>DMA1_Channel7_IRQHandler</STRONG> (Thumb, 0 bytes, Stack size 0 bytes, startup_stm32f10x_hd.o(.text))
<BR>[Address Reference Count : 1]<UL><LI> startup_stm32f10x_hd.o(RESET)
</UL>
<P><STRONG><a name="[42]"></a>DMA2_Channel1_IRQHandler</STRONG> (Thumb, 0 bytes, Stack size 0 bytes, startup_stm32f10x_hd.o(.text))
<BR>[Address Reference Count : 1]<UL><LI> startup_stm32f10x_hd.o(RESET)
</UL>
<P><STRONG><a name="[43]"></a>DMA2_Channel2_IRQHandler</STRONG> (Thumb, 0 bytes, Stack size 0 bytes, startup_stm32f10x_hd.o(.text))
<BR>[Address Reference Count : 1]<UL><LI> startup_stm32f10x_hd.o(RESET)
</UL>
<P><STRONG><a name="[44]"></a>DMA2_Channel3_IRQHandler</STRONG> (Thumb, 0 bytes, Stack size 0 bytes, startup_stm32f10x_hd.o(.text))
<BR>[Address Reference Count : 1]<UL><LI> startup_stm32f10x_hd.o(RESET)
</UL>
<P><STRONG><a name="[45]"></a>DMA2_Channel4_5_IRQHandler</STRONG> (Thumb, 0 bytes, Stack size 0 bytes, startup_stm32f10x_hd.o(.text))
<BR>[Address Reference Count : 1]<UL><LI> startup_stm32f10x_hd.o(RESET)
</UL>
<P><STRONG><a name="[11]"></a>EXTI1_IRQHandler</STRONG> (Thumb, 0 bytes, Stack size 0 bytes, startup_stm32f10x_hd.o(.text))
<BR>[Address Reference Count : 1]<UL><LI> startup_stm32f10x_hd.o(RESET)
</UL>
<P><STRONG><a name="[12]"></a>EXTI2_IRQHandler</STRONG> (Thumb, 0 bytes, Stack size 0 bytes, startup_stm32f10x_hd.o(.text))
<BR>[Address Reference Count : 1]<UL><LI> startup_stm32f10x_hd.o(RESET)
</UL>
<P><STRONG><a name="[13]"></a>EXTI3_IRQHandler</STRONG> (Thumb, 0 bytes, Stack size 0 bytes, startup_stm32f10x_hd.o(.text))
<BR>[Address Reference Count : 1]<UL><LI> startup_stm32f10x_hd.o(RESET)
</UL>
<P><STRONG><a name="[14]"></a>EXTI4_IRQHandler</STRONG> (Thumb, 0 bytes, Stack size 0 bytes, startup_stm32f10x_hd.o(.text))
<BR>[Address Reference Count : 1]<UL><LI> startup_stm32f10x_hd.o(RESET)
</UL>
<P><STRONG><a name="[e]"></a>FLASH_IRQHandler</STRONG> (Thumb, 0 bytes, Stack size 0 bytes, startup_stm32f10x_hd.o(.text))
<BR>[Address Reference Count : 1]<UL><LI> startup_stm32f10x_hd.o(RESET)
</UL>
<P><STRONG><a name="[3a]"></a>FSMC_IRQHandler</STRONG> (Thumb, 0 bytes, Stack size 0 bytes, startup_stm32f10x_hd.o(.text))
<BR>[Address Reference Count : 1]<UL><LI> startup_stm32f10x_hd.o(RESET)
</UL>
<P><STRONG><a name="[2a]"></a>I2C1_ER_IRQHandler</STRONG> (Thumb, 0 bytes, Stack size 0 bytes, startup_stm32f10x_hd.o(.text))
<BR>[Address Reference Count : 1]<UL><LI> startup_stm32f10x_hd.o(RESET)
</UL>
<P><STRONG><a name="[29]"></a>I2C1_EV_IRQHandler</STRONG> (Thumb, 0 bytes, Stack size 0 bytes, startup_stm32f10x_hd.o(.text))
<BR>[Address Reference Count : 1]<UL><LI> startup_stm32f10x_hd.o(RESET)
</UL>
<P><STRONG><a name="[2c]"></a>I2C2_ER_IRQHandler</STRONG> (Thumb, 0 bytes, Stack size 0 bytes, startup_stm32f10x_hd.o(.text))
<BR>[Address Reference Count : 1]<UL><LI> startup_stm32f10x_hd.o(RESET)
</UL>
<P><STRONG><a name="[2b]"></a>I2C2_EV_IRQHandler</STRONG> (Thumb, 0 bytes, Stack size 0 bytes, startup_stm32f10x_hd.o(.text))
<BR>[Address Reference Count : 1]<UL><LI> startup_stm32f10x_hd.o(RESET)
</UL>
<P><STRONG><a name="[b]"></a>PVD_IRQHandler</STRONG> (Thumb, 0 bytes, Stack size 0 bytes, startup_stm32f10x_hd.o(.text))
<BR>[Address Reference Count : 1]<UL><LI> startup_stm32f10x_hd.o(RESET)
</UL>
<P><STRONG><a name="[f]"></a>RCC_IRQHandler</STRONG> (Thumb, 0 bytes, Stack size 0 bytes, startup_stm32f10x_hd.o(.text))
<BR>[Address Reference Count : 1]<UL><LI> startup_stm32f10x_hd.o(RESET)
</UL>
<P><STRONG><a name="[33]"></a>RTCAlarm_IRQHandler</STRONG> (Thumb, 0 bytes, Stack size 0 bytes, startup_stm32f10x_hd.o(.text))
<BR>[Address Reference Count : 1]<UL><LI> startup_stm32f10x_hd.o(RESET)
</UL>
<P><STRONG><a name="[d]"></a>RTC_IRQHandler</STRONG> (Thumb, 0 bytes, Stack size 0 bytes, startup_stm32f10x_hd.o(.text))
<BR>[Address Reference Count : 1]<UL><LI> startup_stm32f10x_hd.o(RESET)
</UL>
<P><STRONG><a name="[3b]"></a>SDIO_IRQHandler</STRONG> (Thumb, 0 bytes, Stack size 0 bytes, startup_stm32f10x_hd.o(.text))
<BR>[Address Reference Count : 1]<UL><LI> startup_stm32f10x_hd.o(RESET)
</UL>
<P><STRONG><a name="[2d]"></a>SPI1_IRQHandler</STRONG> (Thumb, 0 bytes, Stack size 0 bytes, startup_stm32f10x_hd.o(.text))
<BR>[Address Reference Count : 1]<UL><LI> startup_stm32f10x_hd.o(RESET)
</UL>
<P><STRONG><a name="[2e]"></a>SPI2_IRQHandler</STRONG> (Thumb, 0 bytes, Stack size 0 bytes, startup_stm32f10x_hd.o(.text))
<BR>[Address Reference Count : 1]<UL><LI> startup_stm32f10x_hd.o(RESET)
</UL>
<P><STRONG><a name="[3d]"></a>SPI3_IRQHandler</STRONG> (Thumb, 0 bytes, Stack size 0 bytes, startup_stm32f10x_hd.o(.text))
<BR>[Address Reference Count : 1]<UL><LI> startup_stm32f10x_hd.o(RESET)
</UL>
<P><STRONG><a name="[c]"></a>TAMPER_IRQHandler</STRONG> (Thumb, 0 bytes, Stack size 0 bytes, startup_stm32f10x_hd.o(.text))
<BR>[Address Reference Count : 1]<UL><LI> startup_stm32f10x_hd.o(RESET)
</UL>
<P><STRONG><a name="[22]"></a>TIM1_BRK_IRQHandler</STRONG> (Thumb, 0 bytes, Stack size 0 bytes, startup_stm32f10x_hd.o(.text))
<BR>[Address Reference Count : 1]<UL><LI> startup_stm32f10x_hd.o(RESET)
</UL>
<P><STRONG><a name="[25]"></a>TIM1_CC_IRQHandler</STRONG> (Thumb, 0 bytes, Stack size 0 bytes, startup_stm32f10x_hd.o(.text))
<BR>[Address Reference Count : 1]<UL><LI> startup_stm32f10x_hd.o(RESET)
</UL>
<P><STRONG><a name="[24]"></a>TIM1_TRG_COM_IRQHandler</STRONG> (Thumb, 0 bytes, Stack size 0 bytes, startup_stm32f10x_hd.o(.text))
<BR>[Address Reference Count : 1]<UL><LI> startup_stm32f10x_hd.o(RESET)
</UL>
<P><STRONG><a name="[23]"></a>TIM1_UP_IRQHandler</STRONG> (Thumb, 0 bytes, Stack size 0 bytes, startup_stm32f10x_hd.o(.text))
<BR>[Address Reference Count : 1]<UL><LI> startup_stm32f10x_hd.o(RESET)
</UL>
<P><STRONG><a name="[28]"></a>TIM4_IRQHandler</STRONG> (Thumb, 0 bytes, Stack size 0 bytes, startup_stm32f10x_hd.o(.text))
<BR>[Address Reference Count : 1]<UL><LI> startup_stm32f10x_hd.o(RESET)
</UL>
<P><STRONG><a name="[3c]"></a>TIM5_IRQHandler</STRONG> (Thumb, 0 bytes, Stack size 0 bytes, startup_stm32f10x_hd.o(.text))
<BR>[Address Reference Count : 1]<UL><LI> startup_stm32f10x_hd.o(RESET)
</UL>
<P><STRONG><a name="[40]"></a>TIM6_IRQHandler</STRONG> (Thumb, 0 bytes, Stack size 0 bytes, startup_stm32f10x_hd.o(.text))
<BR>[Address Reference Count : 1]<UL><LI> startup_stm32f10x_hd.o(RESET)
</UL>
<P><STRONG><a name="[41]"></a>TIM7_IRQHandler</STRONG> (Thumb, 0 bytes, Stack size 0 bytes, startup_stm32f10x_hd.o(.text))
<BR>[Address Reference Count : 1]<UL><LI> startup_stm32f10x_hd.o(RESET)
</UL>
<P><STRONG><a name="[35]"></a>TIM8_BRK_IRQHandler</STRONG> (Thumb, 0 bytes, Stack size 0 bytes, startup_stm32f10x_hd.o(.text))
<BR>[Address Reference Count : 1]<UL><LI> startup_stm32f10x_hd.o(RESET)
</UL>
<P><STRONG><a name="[38]"></a>TIM8_CC_IRQHandler</STRONG> (Thumb, 0 bytes, Stack size 0 bytes, startup_stm32f10x_hd.o(.text))
<BR>[Address Reference Count : 1]<UL><LI> startup_stm32f10x_hd.o(RESET)
</UL>
<P><STRONG><a name="[37]"></a>TIM8_TRG_COM_IRQHandler</STRONG> (Thumb, 0 bytes, Stack size 0 bytes, startup_stm32f10x_hd.o(.text))
<BR>[Address Reference Count : 1]<UL><LI> startup_stm32f10x_hd.o(RESET)
</UL>
<P><STRONG><a name="[36]"></a>TIM8_UP_IRQHandler</STRONG> (Thumb, 0 bytes, Stack size 0 bytes, startup_stm32f10x_hd.o(.text))
<BR>[Address Reference Count : 1]<UL><LI> startup_stm32f10x_hd.o(RESET)
</UL>
<P><STRONG><a name="[3e]"></a>UART4_IRQHandler</STRONG> (Thumb, 0 bytes, Stack size 0 bytes, startup_stm32f10x_hd.o(.text))
<BR>[Address Reference Count : 1]<UL><LI> startup_stm32f10x_hd.o(RESET)
</UL>
<P><STRONG><a name="[3f]"></a>UART5_IRQHandler</STRONG> (Thumb, 0 bytes, Stack size 0 bytes, startup_stm32f10x_hd.o(.text))
<BR>[Address Reference Count : 1]<UL><LI> startup_stm32f10x_hd.o(RESET)
</UL>
<P><STRONG><a name="[2f]"></a>USART1_IRQHandler</STRONG> (Thumb, 0 bytes, Stack size 0 bytes, startup_stm32f10x_hd.o(.text))
<BR>[Address Reference Count : 1]<UL><LI> startup_stm32f10x_hd.o(RESET)
</UL>
<P><STRONG><a name="[30]"></a>USART2_IRQHandler</STRONG> (Thumb, 0 bytes, Stack size 0 bytes, startup_stm32f10x_hd.o(.text))
<BR>[Address Reference Count : 1]<UL><LI> startup_stm32f10x_hd.o(RESET)
</UL>
<P><STRONG><a name="[31]"></a>USART3_IRQHandler</STRONG> (Thumb, 0 bytes, Stack size 0 bytes, startup_stm32f10x_hd.o(.text))
<BR>[Address Reference Count : 1]<UL><LI> startup_stm32f10x_hd.o(RESET)
</UL>
<P><STRONG><a name="[34]"></a>USBWakeUp_IRQHandler</STRONG> (Thumb, 0 bytes, Stack size 0 bytes, startup_stm32f10x_hd.o(.text))
<BR>[Address Reference Count : 1]<UL><LI> startup_stm32f10x_hd.o(RESET)
</UL>
<P><STRONG><a name="[1d]"></a>USB_HP_CAN1_TX_IRQHandler</STRONG> (Thumb, 0 bytes, Stack size 0 bytes, startup_stm32f10x_hd.o(.text))
<BR>[Address Reference Count : 1]<UL><LI> startup_stm32f10x_hd.o(RESET)
</UL>
<P><STRONG><a name="[1e]"></a>USB_LP_CAN1_RX0_IRQHandler</STRONG> (Thumb, 0 bytes, Stack size 0 bytes, startup_stm32f10x_hd.o(.text))
<BR>[Address Reference Count : 1]<UL><LI> startup_stm32f10x_hd.o(RESET)
</UL>
<P><STRONG><a name="[a]"></a>WWDG_IRQHandler</STRONG> (Thumb, 0 bytes, Stack size 0 bytes, startup_stm32f10x_hd.o(.text))
<BR>[Address Reference Count : 1]<UL><LI> startup_stm32f10x_hd.o(RESET)
</UL>
<P><STRONG><a name="[62]"></a>SystemReset</STRONG> (Thumb, 16 bytes, Stack size 0 bytes, startup_stm32f10x_hd.o(.text))
<BR><BR>[Called By]<UL><LI><a href="#[174]">&gt;&gt;</a>&nbsp;&nbsp;&nbsp;nRF_Initialization
<LI><a href="#[144]">&gt;&gt;</a>&nbsp;&nbsp;&nbsp;SW_Check
<LI><a href="#[9]">&gt;&gt;</a>&nbsp;&nbsp;&nbsp;SysTick_Handler
<LI><a href="#[8]">&gt;&gt;</a>&nbsp;&nbsp;&nbsp;PendSV_Handler
<LI><a href="#[7]">&gt;&gt;</a>&nbsp;&nbsp;&nbsp;DebugMon_Handler
<LI><a href="#[6]">&gt;&gt;</a>&nbsp;&nbsp;&nbsp;SVC_Handler
<LI><a href="#[5]">&gt;&gt;</a>&nbsp;&nbsp;&nbsp;UsageFault_Handler
<LI><a href="#[4]">&gt;&gt;</a>&nbsp;&nbsp;&nbsp;BusFault_Handler
<LI><a href="#[3]">&gt;&gt;</a>&nbsp;&nbsp;&nbsp;MemManage_Handler
<LI><a href="#[2]">&gt;&gt;</a>&nbsp;&nbsp;&nbsp;HardFault_Handler
<LI><a href="#[1]">&gt;&gt;</a>&nbsp;&nbsp;&nbsp;NMI_Handler
</UL>

<P><STRONG><a name="[1a7]"></a>__aeabi_memcpy</STRONG> (Thumb, 36 bytes, Stack size 0 bytes, memcpya.o(.text), UNUSED)

<P><STRONG><a name="[16b]"></a>__aeabi_memcpy4</STRONG> (Thumb, 0 bytes, Stack size 0 bytes, memcpya.o(.text))
<BR><BR>[Called By]<UL><LI><a href="#[16a]">&gt;&gt;</a>&nbsp;&nbsp;&nbsp;hardware_main
</UL>

<P><STRONG><a name="[1a8]"></a>__aeabi_memcpy8</STRONG> (Thumb, 0 bytes, Stack size 0 bytes, memcpya.o(.text), UNUSED)

<P><STRONG><a name="[64]"></a>__aeabi_memset</STRONG> (Thumb, 14 bytes, Stack size 0 bytes, memseta.o(.text), UNUSED)
<BR><BR>[Called By]<UL><LI><a href="#[65]">&gt;&gt;</a>&nbsp;&nbsp;&nbsp;_memset$wrapper
<LI><a href="#[63]">&gt;&gt;</a>&nbsp;&nbsp;&nbsp;__aeabi_memclr
</UL>

<P><STRONG><a name="[1a9]"></a>__aeabi_memset4</STRONG> (Thumb, 0 bytes, Stack size 0 bytes, memseta.o(.text), UNUSED)

<P><STRONG><a name="[1aa]"></a>__aeabi_memset8</STRONG> (Thumb, 0 bytes, Stack size 0 bytes, memseta.o(.text), UNUSED)

<P><STRONG><a name="[63]"></a>__aeabi_memclr</STRONG> (Thumb, 4 bytes, Stack size 0 bytes, memseta.o(.text), UNUSED)
<BR><BR>[Calls]<UL><LI><a href="#[64]">&gt;&gt;</a>&nbsp;&nbsp;&nbsp;__aeabi_memset
</UL>

<P><STRONG><a name="[145]"></a>__aeabi_memclr4</STRONG> (Thumb, 0 bytes, Stack size 0 bytes, memseta.o(.text))
<BR><BR>[Called By]<UL><LI><a href="#[144]">&gt;&gt;</a>&nbsp;&nbsp;&nbsp;SW_Check
</UL>

<P><STRONG><a name="[1ab]"></a>__aeabi_memclr8</STRONG> (Thumb, 0 bytes, Stack size 0 bytes, memseta.o(.text), UNUSED)

<P><STRONG><a name="[65]"></a>_memset$wrapper</STRONG> (Thumb, 18 bytes, Stack size 8 bytes, memseta.o(.text), UNUSED)
<BR><BR>[Calls]<UL><LI><a href="#[64]">&gt;&gt;</a>&nbsp;&nbsp;&nbsp;__aeabi_memset
</UL>

<P><STRONG><a name="[66]"></a>__aeabi_dmul</STRONG> (Thumb, 228 bytes, Stack size 48 bytes, dmul.o(.text))
<BR><BR>[Stack]<UL><LI>Max Depth = 88<LI>Call Chain = __aeabi_dmul &rArr; _double_epilogue &rArr; _double_round
</UL>
<BR>[Calls]<UL><LI><a href="#[67]">&gt;&gt;</a>&nbsp;&nbsp;&nbsp;_double_epilogue
</UL>
<BR>[Called By]<UL><LI><a href="#[27]">&gt;&gt;</a>&nbsp;&nbsp;&nbsp;TIM3_IRQHandler
</UL>

<P><STRONG><a name="[68]"></a>__aeabi_i2d</STRONG> (Thumb, 34 bytes, Stack size 16 bytes, dflti.o(.text))
<BR><BR>[Stack]<UL><LI>Max Depth = 56<LI>Call Chain = __aeabi_i2d &rArr; _double_epilogue &rArr; _double_round
</UL>
<BR>[Calls]<UL><LI><a href="#[67]">&gt;&gt;</a>&nbsp;&nbsp;&nbsp;_double_epilogue
</UL>
<BR>[Called By]<UL><LI><a href="#[27]">&gt;&gt;</a>&nbsp;&nbsp;&nbsp;TIM3_IRQHandler
</UL>

<P><STRONG><a name="[69]"></a>__aeabi_d2uiz</STRONG> (Thumb, 50 bytes, Stack size 8 bytes, dfixui.o(.text))
<BR><BR>[Stack]<UL><LI>Max Depth = 8<LI>Call Chain = __aeabi_d2uiz
</UL>
<BR>[Calls]<UL><LI><a href="#[6a]">&gt;&gt;</a>&nbsp;&nbsp;&nbsp;__aeabi_llsr
</UL>
<BR>[Called By]<UL><LI><a href="#[27]">&gt;&gt;</a>&nbsp;&nbsp;&nbsp;TIM3_IRQHandler
</UL>

<P><STRONG><a name="[6b]"></a>__aeabi_llsl</STRONG> (Thumb, 30 bytes, Stack size 0 bytes, llshl.o(.text))
<BR><BR>[Called By]<UL><LI><a href="#[67]">&gt;&gt;</a>&nbsp;&nbsp;&nbsp;_double_epilogue
</UL>

<P><STRONG><a name="[1ac]"></a>_ll_shift_l</STRONG> (Thumb, 0 bytes, Stack size 0 bytes, llshl.o(.text), UNUSED)

<P><STRONG><a name="[6a]"></a>__aeabi_llsr</STRONG> (Thumb, 32 bytes, Stack size 0 bytes, llushr.o(.text))
<BR><BR>[Called By]<UL><LI><a href="#[69]">&gt;&gt;</a>&nbsp;&nbsp;&nbsp;__aeabi_d2uiz
<LI><a href="#[67]">&gt;&gt;</a>&nbsp;&nbsp;&nbsp;_double_epilogue
</UL>

<P><STRONG><a name="[1ad]"></a>_ll_ushift_r</STRONG> (Thumb, 0 bytes, Stack size 0 bytes, llushr.o(.text), UNUSED)

<P><STRONG><a name="[1ae]"></a>__I$use$fp</STRONG> (Thumb, 0 bytes, Stack size 8 bytes, iusefp.o(.text), UNUSED)

<P><STRONG><a name="[6c]"></a>_double_round</STRONG> (Thumb, 26 bytes, Stack size 8 bytes, depilogue.o(.text))
<BR><BR>[Stack]<UL><LI>Max Depth = 8<LI>Call Chain = _double_round
</UL>
<BR>[Called By]<UL><LI><a href="#[67]">&gt;&gt;</a>&nbsp;&nbsp;&nbsp;_double_epilogue
</UL>

<P><STRONG><a name="[67]"></a>_double_epilogue</STRONG> (Thumb, 156 bytes, Stack size 32 bytes, depilogue.o(.text))
<BR><BR>[Stack]<UL><LI>Max Depth = 40<LI>Call Chain = _double_epilogue &rArr; _double_round
</UL>
<BR>[Calls]<UL><LI><a href="#[6a]">&gt;&gt;</a>&nbsp;&nbsp;&nbsp;__aeabi_llsr
<LI><a href="#[6b]">&gt;&gt;</a>&nbsp;&nbsp;&nbsp;__aeabi_llsl
<LI><a href="#[6c]">&gt;&gt;</a>&nbsp;&nbsp;&nbsp;_double_round
</UL>
<BR>[Called By]<UL><LI><a href="#[66]">&gt;&gt;</a>&nbsp;&nbsp;&nbsp;__aeabi_dmul
<LI><a href="#[68]">&gt;&gt;</a>&nbsp;&nbsp;&nbsp;__aeabi_i2d
</UL>

<P><STRONG><a name="[61]"></a>__scatterload</STRONG> (Thumb, 28 bytes, Stack size 0 bytes, init.o(.text))
<BR><BR>[Calls]<UL><LI><a href="#[6d]">&gt;&gt;</a>&nbsp;&nbsp;&nbsp;__main_after_scatterload
</UL>
<BR>[Called By]<UL><LI><a href="#[60]">&gt;&gt;</a>&nbsp;&nbsp;&nbsp;_main_scatterload
</UL>

<P><STRONG><a name="[1af]"></a>__scatterload_rt2</STRONG> (Thumb, 0 bytes, Stack size 0 bytes, init.o(.text), UNUSED)

<P><STRONG><a name="[1b0]"></a>__decompress</STRONG> (Thumb, 0 bytes, Stack size unknown bytes, __dczerorl2.o(.text), UNUSED)

<P><STRONG><a name="[1b1]"></a>__decompress1</STRONG> (Thumb, 86 bytes, Stack size unknown bytes, __dczerorl2.o(.text), UNUSED)

<P><STRONG><a name="[75]"></a>ADC_Cmd</STRONG> (Thumb, 22 bytes, Stack size 0 bytes, stm32f10x_adc.o(i.ADC_Cmd))
<BR><BR>[Called By]<UL><LI><a href="#[80]">&gt;&gt;</a>&nbsp;&nbsp;&nbsp;Bat_Init
<LI><a href="#[6e]">&gt;&gt;</a>&nbsp;&nbsp;&nbsp;ADC1_Configuration
</UL>

<P><STRONG><a name="[74]"></a>ADC_DMACmd</STRONG> (Thumb, 22 bytes, Stack size 0 bytes, stm32f10x_adc.o(i.ADC_DMACmd))
<BR><BR>[Called By]<UL><LI><a href="#[6e]">&gt;&gt;</a>&nbsp;&nbsp;&nbsp;ADC1_Configuration
</UL>

<P><STRONG><a name="[71]"></a>ADC_DeInit</STRONG> (Thumb, 78 bytes, Stack size 8 bytes, stm32f10x_adc.o(i.ADC_DeInit))
<BR><BR>[Stack]<UL><LI>Max Depth = 8<LI>Call Chain = ADC_DeInit
</UL>
<BR>[Calls]<UL><LI><a href="#[7a]">&gt;&gt;</a>&nbsp;&nbsp;&nbsp;RCC_APB2PeriphResetCmd
</UL>
<BR>[Called By]<UL><LI><a href="#[6e]">&gt;&gt;</a>&nbsp;&nbsp;&nbsp;ADC1_Configuration
</UL>

<P><STRONG><a name="[79]"></a>ADC_GetCalibrationStatus</STRONG> (Thumb, 20 bytes, Stack size 0 bytes, stm32f10x_adc.o(i.ADC_GetCalibrationStatus))
<BR><BR>[Called By]<UL><LI><a href="#[80]">&gt;&gt;</a>&nbsp;&nbsp;&nbsp;Bat_Init
<LI><a href="#[6e]">&gt;&gt;</a>&nbsp;&nbsp;&nbsp;ADC1_Configuration
</UL>

<P><STRONG><a name="[7c]"></a>ADC_GetConversionValue</STRONG> (Thumb, 8 bytes, Stack size 0 bytes, stm32f10x_adc.o(i.ADC_GetConversionValue))
<BR><BR>[Called By]<UL><LI><a href="#[7b]">&gt;&gt;</a>&nbsp;&nbsp;&nbsp;Bat_GetAD
</UL>

<P><STRONG><a name="[77]"></a>ADC_GetResetCalibrationStatus</STRONG> (Thumb, 20 bytes, Stack size 0 bytes, stm32f10x_adc.o(i.ADC_GetResetCalibrationStatus))
<BR><BR>[Called By]<UL><LI><a href="#[80]">&gt;&gt;</a>&nbsp;&nbsp;&nbsp;Bat_Init
<LI><a href="#[6e]">&gt;&gt;</a>&nbsp;&nbsp;&nbsp;ADC1_Configuration
</UL>

<P><STRONG><a name="[72]"></a>ADC_Init</STRONG> (Thumb, 70 bytes, Stack size 12 bytes, stm32f10x_adc.o(i.ADC_Init))
<BR><BR>[Stack]<UL><LI>Max Depth = 12<LI>Call Chain = ADC_Init
</UL>
<BR>[Called By]<UL><LI><a href="#[80]">&gt;&gt;</a>&nbsp;&nbsp;&nbsp;Bat_Init
<LI><a href="#[6e]">&gt;&gt;</a>&nbsp;&nbsp;&nbsp;ADC1_Configuration
</UL>

<P><STRONG><a name="[73]"></a>ADC_RegularChannelConfig</STRONG> (Thumb, 184 bytes, Stack size 20 bytes, stm32f10x_adc.o(i.ADC_RegularChannelConfig))
<BR><BR>[Stack]<UL><LI>Max Depth = 20<LI>Call Chain = ADC_RegularChannelConfig
</UL>
<BR>[Called By]<UL><LI><a href="#[80]">&gt;&gt;</a>&nbsp;&nbsp;&nbsp;Bat_Init
<LI><a href="#[6e]">&gt;&gt;</a>&nbsp;&nbsp;&nbsp;ADC1_Configuration
</UL>

<P><STRONG><a name="[76]"></a>ADC_ResetCalibration</STRONG> (Thumb, 10 bytes, Stack size 0 bytes, stm32f10x_adc.o(i.ADC_ResetCalibration))
<BR><BR>[Called By]<UL><LI><a href="#[80]">&gt;&gt;</a>&nbsp;&nbsp;&nbsp;Bat_Init
<LI><a href="#[6e]">&gt;&gt;</a>&nbsp;&nbsp;&nbsp;ADC1_Configuration
</UL>

<P><STRONG><a name="[82]"></a>ADC_SoftwareStartConvCmd</STRONG> (Thumb, 22 bytes, Stack size 0 bytes, stm32f10x_adc.o(i.ADC_SoftwareStartConvCmd))
<BR><BR>[Called By]<UL><LI><a href="#[80]">&gt;&gt;</a>&nbsp;&nbsp;&nbsp;Bat_Init
<LI><a href="#[15]">&gt;&gt;</a>&nbsp;&nbsp;&nbsp;DMA1_Channel1_IRQHandler
<LI><a href="#[ae]">&gt;&gt;</a>&nbsp;&nbsp;&nbsp;getsample
</UL>

<P><STRONG><a name="[78]"></a>ADC_StartCalibration</STRONG> (Thumb, 10 bytes, Stack size 0 bytes, stm32f10x_adc.o(i.ADC_StartCalibration))
<BR><BR>[Called By]<UL><LI><a href="#[80]">&gt;&gt;</a>&nbsp;&nbsp;&nbsp;Bat_Init
<LI><a href="#[6e]">&gt;&gt;</a>&nbsp;&nbsp;&nbsp;ADC1_Configuration
</UL>

<P><STRONG><a name="[ed]"></a>AddGraph</STRONG> (Thumb, 78 bytes, Stack size 20 bytes, display.o(i.AddGraph))
<BR><BR>[Stack]<UL><LI>Max Depth = 20<LI>Call Chain = AddGraph
</UL>
<BR>[Called By]<UL><LI><a href="#[c4]">&gt;&gt;</a>&nbsp;&nbsp;&nbsp;nRF_IRQHandler
<LI><a href="#[170]">&gt;&gt;</a>&nbsp;&nbsp;&nbsp;hdr_check
<LI><a href="#[49]">&gt;&gt;</a>&nbsp;&nbsp;&nbsp;GEA_PutGraph
<LI><a href="#[4b]">&gt;&gt;</a>&nbsp;&nbsp;&nbsp;GEA_ClePutRef
</UL>

<P><STRONG><a name="[7b]"></a>Bat_GetAD</STRONG> (Thumb, 10 bytes, Stack size 8 bytes, battery.o(i.Bat_GetAD))
<BR><BR>[Stack]<UL><LI>Max Depth = 8<LI>Call Chain = Bat_GetAD
</UL>
<BR>[Calls]<UL><LI><a href="#[7c]">&gt;&gt;</a>&nbsp;&nbsp;&nbsp;ADC_GetConversionValue
</UL>
<BR>[Called By]<UL><LI><a href="#[15f]">&gt;&gt;</a>&nbsp;&nbsp;&nbsp;checkpower
<LI><a href="#[178]">&gt;&gt;</a>&nbsp;&nbsp;&nbsp;slaver_main
</UL>

<P><STRONG><a name="[7d]"></a>Bat_GetChargeState</STRONG> (Thumb, 20 bytes, Stack size 8 bytes, battery.o(i.Bat_GetChargeState))
<BR><BR>[Stack]<UL><LI>Max Depth = 8<LI>Call Chain = Bat_GetChargeState
</UL>
<BR>[Calls]<UL><LI><a href="#[7e]">&gt;&gt;</a>&nbsp;&nbsp;&nbsp;GPIO_ReadInputDataBit
</UL>
<BR>[Called By]<UL><LI><a href="#[86]">&gt;&gt;</a>&nbsp;&nbsp;&nbsp;Bat_IsCharging
</UL>

<P><STRONG><a name="[7f]"></a>Bat_GetStandbyState</STRONG> (Thumb, 20 bytes, Stack size 8 bytes, battery.o(i.Bat_GetStandbyState))
<BR><BR>[Stack]<UL><LI>Max Depth = 8<LI>Call Chain = Bat_GetStandbyState
</UL>
<BR>[Calls]<UL><LI><a href="#[7e]">&gt;&gt;</a>&nbsp;&nbsp;&nbsp;GPIO_ReadInputDataBit
</UL>
<BR>[Called By]<UL><LI><a href="#[86]">&gt;&gt;</a>&nbsp;&nbsp;&nbsp;Bat_IsCharging
</UL>

<P><STRONG><a name="[80]"></a>Bat_Init</STRONG> (Thumb, 206 bytes, Stack size 32 bytes, battery.o(i.Bat_Init))
<BR><BR>[Stack]<UL><LI>Max Depth = 56<LI>Call Chain = Bat_Init &rArr; GPIO_Init
</UL>
<BR>[Calls]<UL><LI><a href="#[6f]">&gt;&gt;</a>&nbsp;&nbsp;&nbsp;RCC_APB2PeriphClockCmd
<LI><a href="#[81]">&gt;&gt;</a>&nbsp;&nbsp;&nbsp;GPIO_Init
<LI><a href="#[70]">&gt;&gt;</a>&nbsp;&nbsp;&nbsp;RCC_ADCCLKConfig
<LI><a href="#[78]">&gt;&gt;</a>&nbsp;&nbsp;&nbsp;ADC_StartCalibration
<LI><a href="#[82]">&gt;&gt;</a>&nbsp;&nbsp;&nbsp;ADC_SoftwareStartConvCmd
<LI><a href="#[76]">&gt;&gt;</a>&nbsp;&nbsp;&nbsp;ADC_ResetCalibration
<LI><a href="#[73]">&gt;&gt;</a>&nbsp;&nbsp;&nbsp;ADC_RegularChannelConfig
<LI><a href="#[72]">&gt;&gt;</a>&nbsp;&nbsp;&nbsp;ADC_Init
<LI><a href="#[77]">&gt;&gt;</a>&nbsp;&nbsp;&nbsp;ADC_GetResetCalibrationStatus
<LI><a href="#[79]">&gt;&gt;</a>&nbsp;&nbsp;&nbsp;ADC_GetCalibrationStatus
<LI><a href="#[75]">&gt;&gt;</a>&nbsp;&nbsp;&nbsp;ADC_Cmd
</UL>
<BR>[Called By]<UL><LI><a href="#[178]">&gt;&gt;</a>&nbsp;&nbsp;&nbsp;slaver_main
</UL>

<P><STRONG><a name="[83]"></a>Bat_IsChargForSlave</STRONG> (Thumb, 46 bytes, Stack size 8 bytes, battery.o(i.Bat_IsChargForSlave))
<BR><BR>[Stack]<UL><LI>Max Depth = 32<LI>Call Chain = Bat_IsChargForSlave &rArr; Bat_IsCharging &rArr; Bat_GetStandbyState
</UL>
<BR>[Calls]<UL><LI><a href="#[85]">&gt;&gt;</a>&nbsp;&nbsp;&nbsp;CMOS_GetTimerCount
<LI><a href="#[84]">&gt;&gt;</a>&nbsp;&nbsp;&nbsp;CMOS_GetTimer
<LI><a href="#[86]">&gt;&gt;</a>&nbsp;&nbsp;&nbsp;Bat_IsCharging
</UL>
<BR>[Called By]<UL><LI><a href="#[15f]">&gt;&gt;</a>&nbsp;&nbsp;&nbsp;checkpower
<LI><a href="#[178]">&gt;&gt;</a>&nbsp;&nbsp;&nbsp;slaver_main
</UL>

<P><STRONG><a name="[86]"></a>Bat_IsCharging</STRONG> (Thumb, 28 bytes, Stack size 16 bytes, battery.o(i.Bat_IsCharging))
<BR><BR>[Stack]<UL><LI>Max Depth = 24<LI>Call Chain = Bat_IsCharging &rArr; Bat_GetStandbyState
</UL>
<BR>[Calls]<UL><LI><a href="#[7f]">&gt;&gt;</a>&nbsp;&nbsp;&nbsp;Bat_GetStandbyState
<LI><a href="#[7d]">&gt;&gt;</a>&nbsp;&nbsp;&nbsp;Bat_GetChargeState
</UL>
<BR>[Called By]<UL><LI><a href="#[83]">&gt;&gt;</a>&nbsp;&nbsp;&nbsp;Bat_IsChargForSlave
<LI><a href="#[15f]">&gt;&gt;</a>&nbsp;&nbsp;&nbsp;checkpower
</UL>

<P><STRONG><a name="[84]"></a>CMOS_GetTimer</STRONG> (Thumb, 6 bytes, Stack size 0 bytes, cmos.o(i.CMOS_GetTimer))
<BR><BR>[Called By]<UL><LI><a href="#[57]">&gt;&gt;</a>&nbsp;&nbsp;&nbsp;GEA_GetNearStatus
<LI><a href="#[16d]">&gt;&gt;</a>&nbsp;&nbsp;&nbsp;recevcheck
<LI><a href="#[16a]">&gt;&gt;</a>&nbsp;&nbsp;&nbsp;hardware_main
<LI><a href="#[fe]">&gt;&gt;</a>&nbsp;&nbsp;&nbsp;SWS_Init
<LI><a href="#[a6]">&gt;&gt;</a>&nbsp;&nbsp;&nbsp;CheckAutoPowerOff
<LI><a href="#[83]">&gt;&gt;</a>&nbsp;&nbsp;&nbsp;Bat_IsChargForSlave
<LI><a href="#[15f]">&gt;&gt;</a>&nbsp;&nbsp;&nbsp;checkpower
<LI><a href="#[144]">&gt;&gt;</a>&nbsp;&nbsp;&nbsp;SW_Check
<LI><a href="#[178]">&gt;&gt;</a>&nbsp;&nbsp;&nbsp;slaver_main
<LI><a href="#[170]">&gt;&gt;</a>&nbsp;&nbsp;&nbsp;hdr_check
<LI><a href="#[11d]">&gt;&gt;</a>&nbsp;&nbsp;&nbsp;MMA7660FC_GetShakeState
<LI><a href="#[32]">&gt;&gt;</a>&nbsp;&nbsp;&nbsp;EXTI15_10_IRQHandler
</UL>

<P><STRONG><a name="[85]"></a>CMOS_GetTimerCount</STRONG> (Thumb, 10 bytes, Stack size 0 bytes, cmos.o(i.CMOS_GetTimerCount))
<BR><BR>[Called By]<UL><LI><a href="#[83]">&gt;&gt;</a>&nbsp;&nbsp;&nbsp;Bat_IsChargForSlave
<LI><a href="#[15f]">&gt;&gt;</a>&nbsp;&nbsp;&nbsp;checkpower
<LI><a href="#[178]">&gt;&gt;</a>&nbsp;&nbsp;&nbsp;slaver_main
</UL>

<P><STRONG><a name="[87]"></a>CMOS_Initialization</STRONG> (Thumb, 26 bytes, Stack size 8 bytes, cmos.o(i.CMOS_Initialization))
<BR><BR>[Stack]<UL><LI>Max Depth = 48<LI>Call Chain = CMOS_Initialization &rArr; CMOS_Timer2Config &rArr; NVIC_Init
</UL>
<BR>[Calls]<UL><LI><a href="#[89]">&gt;&gt;</a>&nbsp;&nbsp;&nbsp;NVIC_PriorityGroupConfig
<LI><a href="#[8b]">&gt;&gt;</a>&nbsp;&nbsp;&nbsp;CMOS_Timer2Config
<LI><a href="#[88]">&gt;&gt;</a>&nbsp;&nbsp;&nbsp;CMOS_SetSystemClock
<LI><a href="#[8a]">&gt;&gt;</a>&nbsp;&nbsp;&nbsp;CMOS_InitReg
</UL>
<BR>[Called By]<UL><LI><a href="#[178]">&gt;&gt;</a>&nbsp;&nbsp;&nbsp;slaver_main
</UL>

<P><STRONG><a name="[153]"></a>CMOS_TimerProcess</STRONG> (Thumb, 12 bytes, Stack size 0 bytes, cmos.o(i.CMOS_TimerProcess))
<BR><BR>[Called By]<UL><LI><a href="#[26]">&gt;&gt;</a>&nbsp;&nbsp;&nbsp;TIM2_IRQHandler
</UL>

<P><STRONG><a name="[a2]"></a>CRC_CalcBlockCRC</STRONG> (Thumb, 32 bytes, Stack size 8 bytes, stm32f10x_crc.o(i.CRC_CalcBlockCRC))
<BR><BR>[Stack]<UL><LI>Max Depth = 8<LI>Call Chain = CRC_CalcBlockCRC
</UL>
<BR>[Called By]<UL><LI><a href="#[a3]">&gt;&gt;</a>&nbsp;&nbsp;&nbsp;CRC_SPI
<LI><a href="#[9f]">&gt;&gt;</a>&nbsp;&nbsp;&nbsp;CRC_MCU
</UL>

<P><STRONG><a name="[a5]"></a>CRC_GetCRC</STRONG> (Thumb, 6 bytes, Stack size 0 bytes, stm32f10x_crc.o(i.CRC_GetCRC))
<BR><BR>[Called By]<UL><LI><a href="#[a3]">&gt;&gt;</a>&nbsp;&nbsp;&nbsp;CRC_SPI
</UL>

<P><STRONG><a name="[9f]"></a>CRC_MCU</STRONG> (Thumb, 30 bytes, Stack size 8 bytes, hardware.o(i.CRC_MCU))
<BR><BR>[Stack]<UL><LI>Max Depth = 16<LI>Call Chain = CRC_MCU &rArr; CRC_CalcBlockCRC
</UL>
<BR>[Calls]<UL><LI><a href="#[a1]">&gt;&gt;</a>&nbsp;&nbsp;&nbsp;CRC_ResetDR
<LI><a href="#[a2]">&gt;&gt;</a>&nbsp;&nbsp;&nbsp;CRC_CalcBlockCRC
<LI><a href="#[a0]">&gt;&gt;</a>&nbsp;&nbsp;&nbsp;IWDG_ReloadCounter
</UL>
<BR>[Called By]<UL><LI><a href="#[16a]">&gt;&gt;</a>&nbsp;&nbsp;&nbsp;hardware_main
</UL>

<P><STRONG><a name="[a1]"></a>CRC_ResetDR</STRONG> (Thumb, 8 bytes, Stack size 0 bytes, stm32f10x_crc.o(i.CRC_ResetDR))
<BR><BR>[Called By]<UL><LI><a href="#[a3]">&gt;&gt;</a>&nbsp;&nbsp;&nbsp;CRC_SPI
<LI><a href="#[9f]">&gt;&gt;</a>&nbsp;&nbsp;&nbsp;CRC_MCU
</UL>

<P><STRONG><a name="[a3]"></a>CRC_SPI</STRONG> (Thumb, 62 bytes, Stack size 272 bytes, hardware.o(i.CRC_SPI))
<BR><BR>[Stack]<UL><LI>Max Depth = 336<LI>Call Chain = CRC_SPI &rArr; Flash_Read &rArr; Flash_Wait_Done &rArr; F_DB_Out &rArr; GPIO_Init
</UL>
<BR>[Calls]<UL><LI><a href="#[a4]">&gt;&gt;</a>&nbsp;&nbsp;&nbsp;Flash_Read
<LI><a href="#[a1]">&gt;&gt;</a>&nbsp;&nbsp;&nbsp;CRC_ResetDR
<LI><a href="#[a5]">&gt;&gt;</a>&nbsp;&nbsp;&nbsp;CRC_GetCRC
<LI><a href="#[a2]">&gt;&gt;</a>&nbsp;&nbsp;&nbsp;CRC_CalcBlockCRC
<LI><a href="#[a0]">&gt;&gt;</a>&nbsp;&nbsp;&nbsp;IWDG_ReloadCounter
</UL>
<BR>[Called By]<UL><LI><a href="#[16a]">&gt;&gt;</a>&nbsp;&nbsp;&nbsp;hardware_main
</UL>

<P><STRONG><a name="[a6]"></a>CheckAutoPowerOff</STRONG> (Thumb, 42 bytes, Stack size 4 bytes, cmos.o(i.CheckAutoPowerOff))
<BR><BR>[Stack]<UL><LI>Max Depth = 4<LI>Call Chain = CheckAutoPowerOff
</UL>
<BR>[Calls]<UL><LI><a href="#[84]">&gt;&gt;</a>&nbsp;&nbsp;&nbsp;CMOS_GetTimer
</UL>
<BR>[Called By]<UL><LI><a href="#[178]">&gt;&gt;</a>&nbsp;&nbsp;&nbsp;slaver_main
</UL>

<P><STRONG><a name="[ec]"></a>ClearGraphLayer</STRONG> (Thumb, 36 bytes, Stack size 12 bytes, display.o(i.ClearGraphLayer))
<BR><BR>[Stack]<UL><LI>Max Depth = 12<LI>Call Chain = ClearGraphLayer
</UL>
<BR>[Called By]<UL><LI><a href="#[4a]">&gt;&gt;</a>&nbsp;&nbsp;&nbsp;GEA_ClearLayer
<LI><a href="#[c4]">&gt;&gt;</a>&nbsp;&nbsp;&nbsp;nRF_IRQHandler
<LI><a href="#[ee]">&gt;&gt;</a>&nbsp;&nbsp;&nbsp;hdraction
<LI><a href="#[170]">&gt;&gt;</a>&nbsp;&nbsp;&nbsp;hdr_check
<LI><a href="#[4b]">&gt;&gt;</a>&nbsp;&nbsp;&nbsp;GEA_ClePutRef
</UL>

<P><STRONG><a name="[a7]"></a>ClearScreen</STRONG> (Thumb, 12 bytes, Stack size 4 bytes, display.o(i.ClearScreen))
<BR><BR>[Stack]<UL><LI>Max Depth = 16<LI>Call Chain = ClearScreen &rArr; FrushDspBuffer
</UL>
<BR>[Calls]<UL><LI><a href="#[a8]">&gt;&gt;</a>&nbsp;&nbsp;&nbsp;FrushDspBuffer
</UL>
<BR>[Called By]<UL><LI><a href="#[16a]">&gt;&gt;</a>&nbsp;&nbsp;&nbsp;hardware_main
<LI><a href="#[b6]">&gt;&gt;</a>&nbsp;&nbsp;&nbsp;Display_Initialization
</UL>

<P><STRONG><a name="[104]"></a>ClrAutoPowerOff</STRONG> (Thumb, 16 bytes, Stack size 0 bytes, cmos.o(i.ClrAutoPowerOff))
<BR><BR>[Called By]<UL><LI><a href="#[c5]">&gt;&gt;</a>&nbsp;&nbsp;&nbsp;nRF_ReceiveDataHandler
<LI><a href="#[c4]">&gt;&gt;</a>&nbsp;&nbsp;&nbsp;nRF_IRQHandler
<LI><a href="#[5a]">&gt;&gt;</a>&nbsp;&nbsp;&nbsp;GEA_SetTimCnt
</UL>

<P><STRONG><a name="[a9]"></a>Console_Open</STRONG> (Thumb, 48 bytes, Stack size 8 bytes, display.o(i.Console_Open))
<BR><BR>[Stack]<UL><LI>Max Depth = 1216<LI>Call Chain = Console_Open &rArr; RefreshScreen &rArr; PutGraph &rArr; File_GetGraphInfo &rArr; GetResourceItemAddr &rArr; GetResourceAddr &rArr; Flash_Read &rArr; Flash_Wait_Done &rArr; F_DB_Out &rArr; GPIO_Init
</UL>
<BR>[Calls]<UL><LI><a href="#[a8]">&gt;&gt;</a>&nbsp;&nbsp;&nbsp;FrushDspBuffer
<LI><a href="#[aa]">&gt;&gt;</a>&nbsp;&nbsp;&nbsp;PutString
<LI><a href="#[ab]">&gt;&gt;</a>&nbsp;&nbsp;&nbsp;RefreshScreen
</UL>
<BR>[Called By]<UL><LI><a href="#[174]">&gt;&gt;</a>&nbsp;&nbsp;&nbsp;nRF_Initialization
<LI><a href="#[e2]">&gt;&gt;</a>&nbsp;&nbsp;&nbsp;Flash_Init
<LI><a href="#[15f]">&gt;&gt;</a>&nbsp;&nbsp;&nbsp;checkpower
<LI><a href="#[178]">&gt;&gt;</a>&nbsp;&nbsp;&nbsp;slaver_main
</UL>

<P><STRONG><a name="[19a]"></a>DBGMCU_Config</STRONG> (Thumb, 26 bytes, Stack size 0 bytes, stm32f10x_dbgmcu.o(i.DBGMCU_Config))
<BR><BR>[Called By]<UL><LI><a href="#[178]">&gt;&gt;</a>&nbsp;&nbsp;&nbsp;slaver_main
</UL>

<P><STRONG><a name="[15]"></a>DMA1_Channel1_IRQHandler</STRONG> (Thumb, 50 bytes, Stack size 8 bytes, recev.o(i.DMA1_Channel1_IRQHandler))
<BR><BR>[Stack]<UL><LI>Max Depth = 96<LI>Call Chain = DMA1_Channel1_IRQHandler &rArr; getsample &rArr; DMA_Configuration &rArr; NVIC_Init
</UL>
<BR>[Calls]<UL><LI><a href="#[ac]">&gt;&gt;</a>&nbsp;&nbsp;&nbsp;DMA_GetITStatus
<LI><a href="#[ad]">&gt;&gt;</a>&nbsp;&nbsp;&nbsp;DMA_ClearITPendingBit
<LI><a href="#[ae]">&gt;&gt;</a>&nbsp;&nbsp;&nbsp;getsample
<LI><a href="#[82]">&gt;&gt;</a>&nbsp;&nbsp;&nbsp;ADC_SoftwareStartConvCmd
</UL>
<BR>[Address Reference Count : 1]<UL><LI> startup_stm32f10x_hd.o(RESET)
</UL>
<P><STRONG><a name="[ad]"></a>DMA_ClearITPendingBit</STRONG> (Thumb, 18 bytes, Stack size 0 bytes, stm32f10x_dma.o(i.DMA_ClearITPendingBit))
<BR><BR>[Called By]<UL><LI><a href="#[15]">&gt;&gt;</a>&nbsp;&nbsp;&nbsp;DMA1_Channel1_IRQHandler
</UL>

<P><STRONG><a name="[169]"></a>DMA_Cmd</STRONG> (Thumb, 24 bytes, Stack size 0 bytes, stm32f10x_dma.o(i.DMA_Cmd))
<BR><BR>[Called By]<UL><LI><a href="#[ae]">&gt;&gt;</a>&nbsp;&nbsp;&nbsp;getsample
</UL>

<P><STRONG><a name="[b1]"></a>DMA_DeInit</STRONG> (Thumb, 324 bytes, Stack size 0 bytes, stm32f10x_dma.o(i.DMA_DeInit))
<BR><BR>[Called By]<UL><LI><a href="#[af]">&gt;&gt;</a>&nbsp;&nbsp;&nbsp;DMA_Configuration
</UL>

<P><STRONG><a name="[ac]"></a>DMA_GetITStatus</STRONG> (Thumb, 36 bytes, Stack size 0 bytes, stm32f10x_dma.o(i.DMA_GetITStatus))
<BR><BR>[Called By]<UL><LI><a href="#[15]">&gt;&gt;</a>&nbsp;&nbsp;&nbsp;DMA1_Channel1_IRQHandler
</UL>

<P><STRONG><a name="[b3]"></a>DMA_ITConfig</STRONG> (Thumb, 18 bytes, Stack size 0 bytes, stm32f10x_dma.o(i.DMA_ITConfig))
<BR><BR>[Called By]<UL><LI><a href="#[af]">&gt;&gt;</a>&nbsp;&nbsp;&nbsp;DMA_Configuration
</UL>

<P><STRONG><a name="[b2]"></a>DMA_Init</STRONG> (Thumb, 60 bytes, Stack size 8 bytes, stm32f10x_dma.o(i.DMA_Init))
<BR><BR>[Stack]<UL><LI>Max Depth = 8<LI>Call Chain = DMA_Init
</UL>
<BR>[Called By]<UL><LI><a href="#[af]">&gt;&gt;</a>&nbsp;&nbsp;&nbsp;DMA_Configuration
</UL>

<P><STRONG><a name="[b4]"></a>Display_CheckUpdate</STRONG> (Thumb, 34 bytes, Stack size 8 bytes, display.o(i.Display_CheckUpdate))
<BR><BR>[Stack]<UL><LI>Max Depth = 1232<LI>Call Chain = Display_CheckUpdate &rArr; RefreshGraphs &rArr; RefreshScreen &rArr; PutGraph &rArr; File_GetGraphInfo &rArr; GetResourceItemAddr &rArr; GetResourceAddr &rArr; Flash_Read &rArr; Flash_Wait_Done &rArr; F_DB_Out &rArr; GPIO_Init
</UL>
<BR>[Calls]<UL><LI><a href="#[b5]">&gt;&gt;</a>&nbsp;&nbsp;&nbsp;RefreshGraphs
</UL>
<BR>[Called By]<UL><LI><a href="#[fc]">&gt;&gt;</a>&nbsp;&nbsp;&nbsp;slaverpowerOff
<LI><a href="#[178]">&gt;&gt;</a>&nbsp;&nbsp;&nbsp;slaver_main
</UL>

<P><STRONG><a name="[b6]"></a>Display_Initialization</STRONG> (Thumb, 70 bytes, Stack size 8 bytes, display.o(i.Display_Initialization))
<BR><BR>[Stack]<UL><LI>Max Depth = 1216<LI>Call Chain = Display_Initialization &rArr; RefreshScreen &rArr; PutGraph &rArr; File_GetGraphInfo &rArr; GetResourceItemAddr &rArr; GetResourceAddr &rArr; Flash_Read &rArr; Flash_Wait_Done &rArr; F_DB_Out &rArr; GPIO_Init
</UL>
<BR>[Calls]<UL><LI><a href="#[b8]">&gt;&gt;</a>&nbsp;&nbsp;&nbsp;Lcd_initOn
<LI><a href="#[b7]">&gt;&gt;</a>&nbsp;&nbsp;&nbsp;Lcd_Init
<LI><a href="#[a7]">&gt;&gt;</a>&nbsp;&nbsp;&nbsp;ClearScreen
<LI><a href="#[ab]">&gt;&gt;</a>&nbsp;&nbsp;&nbsp;RefreshScreen
</UL>
<BR>[Called By]<UL><LI><a href="#[122]">&gt;&gt;</a>&nbsp;&nbsp;&nbsp;MMA7660FC_Init
<LI><a href="#[e2]">&gt;&gt;</a>&nbsp;&nbsp;&nbsp;Flash_Init
<LI><a href="#[15f]">&gt;&gt;</a>&nbsp;&nbsp;&nbsp;checkpower
<LI><a href="#[178]">&gt;&gt;</a>&nbsp;&nbsp;&nbsp;slaver_main
</UL>

<P><STRONG><a name="[10]"></a>EXTI0_IRQHandler</STRONG> (Thumb, 310 bytes, Stack size 16 bytes, mma7660fc.o(i.EXTI0_IRQHandler))
<BR><BR>[Stack]<UL><LI>Max Depth = 88<LI>Call Chain = EXTI0_IRQHandler &rArr; Read_Reg_Queue &rArr; I2C_W &rArr; SDA_Out &rArr; GPIO_Init
</UL>
<BR>[Calls]<UL><LI><a href="#[b9]">&gt;&gt;</a>&nbsp;&nbsp;&nbsp;EXTI_ClearITPendingBit
<LI><a href="#[ba]">&gt;&gt;</a>&nbsp;&nbsp;&nbsp;Read_Reg_Queue
</UL>
<BR>[Address Reference Count : 1]<UL><LI> startup_stm32f10x_hd.o(RESET)
</UL>
<P><STRONG><a name="[32]"></a>EXTI15_10_IRQHandler</STRONG> (Thumb, 292 bytes, Stack size 8 bytes, singlewireslave.o(i.EXTI15_10_IRQHandler))
<BR><BR>[Stack]<UL><LI>Max Depth = 48<LI>Call Chain = EXTI15_10_IRQHandler &rArr; set_mode &rArr; GPIO_Init
</UL>
<BR>[Calls]<UL><LI><a href="#[bf]">&gt;&gt;</a>&nbsp;&nbsp;&nbsp;uDelay
<LI><a href="#[b9]">&gt;&gt;</a>&nbsp;&nbsp;&nbsp;EXTI_ClearITPendingBit
<LI><a href="#[84]">&gt;&gt;</a>&nbsp;&nbsp;&nbsp;CMOS_GetTimer
<LI><a href="#[bb]">&gt;&gt;</a>&nbsp;&nbsp;&nbsp;EXTI_GetITStatus
<LI><a href="#[bd]">&gt;&gt;</a>&nbsp;&nbsp;&nbsp;GPIO_SetBits
<LI><a href="#[be]">&gt;&gt;</a>&nbsp;&nbsp;&nbsp;GPIO_ResetBits
<LI><a href="#[bc]">&gt;&gt;</a>&nbsp;&nbsp;&nbsp;set_mode
<LI><a href="#[c0]">&gt;&gt;</a>&nbsp;&nbsp;&nbsp;fifo_write_byte
<LI><a href="#[c1]">&gt;&gt;</a>&nbsp;&nbsp;&nbsp;fifo_read_byte
</UL>
<BR>[Address Reference Count : 1]<UL><LI> startup_stm32f10x_hd.o(RESET)
</UL>
<P><STRONG><a name="[21]"></a>EXTI9_5_IRQHandler</STRONG> (Thumb, 84 bytes, Stack size 8 bytes, nrf24l01.o(i.EXTI9_5_IRQHandler))
<BR><BR>[Stack]<UL><LI>Max Depth = 168<LI>Call Chain = EXTI9_5_IRQHandler &rArr; nRF_IRQHandler &rArr; SendMessage &rArr; nRF_TxSendData &rArr; nRF_WriteTxBuffer &rArr; nRF_SPIRW
</UL>
<BR>[Calls]<UL><LI><a href="#[c3]">&gt;&gt;</a>&nbsp;&nbsp;&nbsp;mDelay
<LI><a href="#[b9]">&gt;&gt;</a>&nbsp;&nbsp;&nbsp;EXTI_ClearITPendingBit
<LI><a href="#[c5]">&gt;&gt;</a>&nbsp;&nbsp;&nbsp;nRF_ReceiveDataHandler
<LI><a href="#[c4]">&gt;&gt;</a>&nbsp;&nbsp;&nbsp;nRF_IRQHandler
<LI><a href="#[bb]">&gt;&gt;</a>&nbsp;&nbsp;&nbsp;EXTI_GetITStatus
<LI><a href="#[c2]">&gt;&gt;</a>&nbsp;&nbsp;&nbsp;nRF_GetStatusRegister
<LI><a href="#[c6]">&gt;&gt;</a>&nbsp;&nbsp;&nbsp;ResetRecieveMode
</UL>
<BR>[Address Reference Count : 1]<UL><LI> startup_stm32f10x_hd.o(RESET)
</UL>
<P><STRONG><a name="[b9]"></a>EXTI_ClearITPendingBit</STRONG> (Thumb, 6 bytes, Stack size 0 bytes, stm32f10x_exti.o(i.EXTI_ClearITPendingBit))
<BR><BR>[Called By]<UL><LI><a href="#[177]">&gt;&gt;</a>&nbsp;&nbsp;&nbsp;nRF_EXTIcfg
<LI><a href="#[14c]">&gt;&gt;</a>&nbsp;&nbsp;&nbsp;SendMessage
<LI><a href="#[c5]">&gt;&gt;</a>&nbsp;&nbsp;&nbsp;nRF_ReceiveDataHandler
<LI><a href="#[c6]">&gt;&gt;</a>&nbsp;&nbsp;&nbsp;ResetRecieveMode
<LI><a href="#[21]">&gt;&gt;</a>&nbsp;&nbsp;&nbsp;EXTI9_5_IRQHandler
<LI><a href="#[32]">&gt;&gt;</a>&nbsp;&nbsp;&nbsp;EXTI15_10_IRQHandler
<LI><a href="#[10]">&gt;&gt;</a>&nbsp;&nbsp;&nbsp;EXTI0_IRQHandler
</UL>

<P><STRONG><a name="[bb]"></a>EXTI_GetITStatus</STRONG> (Thumb, 34 bytes, Stack size 0 bytes, stm32f10x_exti.o(i.EXTI_GetITStatus))
<BR><BR>[Called By]<UL><LI><a href="#[21]">&gt;&gt;</a>&nbsp;&nbsp;&nbsp;EXTI9_5_IRQHandler
<LI><a href="#[32]">&gt;&gt;</a>&nbsp;&nbsp;&nbsp;EXTI15_10_IRQHandler
</UL>

<P><STRONG><a name="[121]"></a>EXTI_Init</STRONG> (Thumb, 142 bytes, Stack size 0 bytes, stm32f10x_exti.o(i.EXTI_Init))
<BR><BR>[Called By]<UL><LI><a href="#[177]">&gt;&gt;</a>&nbsp;&nbsp;&nbsp;nRF_EXTIcfg
<LI><a href="#[fe]">&gt;&gt;</a>&nbsp;&nbsp;&nbsp;SWS_Init
<LI><a href="#[11f]">&gt;&gt;</a>&nbsp;&nbsp;&nbsp;MMA7660FC_INT_Init
</UL>

<P><STRONG><a name="[c7]"></a>FIFO_GetPopIndex</STRONG> (Thumb, 64 bytes, Stack size 8 bytes, cmlib.o(i.FIFO_GetPopIndex))
<BR><BR>[Stack]<UL><LI>Max Depth = 8<LI>Call Chain = FIFO_GetPopIndex
</UL>
<BR>[Calls]<UL><LI><a href="#[c8]">&gt;&gt;</a>&nbsp;&nbsp;&nbsp;FIFO_Reset
</UL>
<BR>[Called By]<UL><LI><a href="#[181]">&gt;&gt;</a>&nbsp;&nbsp;&nbsp;nRF_GetMessage
</UL>

<P><STRONG><a name="[183]"></a>FIFO_GetPushIndex</STRONG> (Thumb, 40 bytes, Stack size 8 bytes, cmlib.o(i.FIFO_GetPushIndex))
<BR><BR>[Stack]<UL><LI>Max Depth = 8<LI>Call Chain = FIFO_GetPushIndex
</UL>
<BR>[Called By]<UL><LI><a href="#[c4]">&gt;&gt;</a>&nbsp;&nbsp;&nbsp;nRF_IRQHandler
</UL>

<P><STRONG><a name="[c9]"></a>FIFO_Init</STRONG> (Thumb, 16 bytes, Stack size 4 bytes, cmlib.o(i.FIFO_Init))
<BR><BR>[Stack]<UL><LI>Max Depth = 4<LI>Call Chain = FIFO_Init
</UL>
<BR>[Calls]<UL><LI><a href="#[c8]">&gt;&gt;</a>&nbsp;&nbsp;&nbsp;FIFO_Reset
</UL>
<BR>[Called By]<UL><LI><a href="#[174]">&gt;&gt;</a>&nbsp;&nbsp;&nbsp;nRF_Initialization
</UL>

<P><STRONG><a name="[c8]"></a>FIFO_Reset</STRONG> (Thumb, 8 bytes, Stack size 0 bytes, cmlib.o(i.FIFO_Reset))
<BR><BR>[Called By]<UL><LI><a href="#[c9]">&gt;&gt;</a>&nbsp;&nbsp;&nbsp;FIFO_Init
<LI><a href="#[c7]">&gt;&gt;</a>&nbsp;&nbsp;&nbsp;FIFO_GetPopIndex
</UL>

<P><STRONG><a name="[8f]"></a>FLASH_PrefetchBufferCmd</STRONG> (Thumb, 22 bytes, Stack size 0 bytes, stm32f10x_flash.o(i.FLASH_PrefetchBufferCmd))
<BR><BR>[Called By]<UL><LI><a href="#[88]">&gt;&gt;</a>&nbsp;&nbsp;&nbsp;CMOS_SetSystemClock
</UL>

<P><STRONG><a name="[90]"></a>FLASH_SetLatency</STRONG> (Thumb, 18 bytes, Stack size 0 bytes, stm32f10x_flash.o(i.FLASH_SetLatency))
<BR><BR>[Called By]<UL><LI><a href="#[88]">&gt;&gt;</a>&nbsp;&nbsp;&nbsp;CMOS_SetSystemClock
</UL>

<P><STRONG><a name="[d7]"></a>File_GetGraphInfo</STRONG> (Thumb, 180 bytes, Stack size 40 bytes, file.o(i.File_GetGraphInfo))
<BR><BR>[Stack]<UL><LI>Max Depth = 160<LI>Call Chain = File_GetGraphInfo &rArr; GetResourceItemAddr &rArr; GetResourceAddr &rArr; Flash_Read &rArr; Flash_Wait_Done &rArr; F_DB_Out &rArr; GPIO_Init
</UL>
<BR>[Calls]<UL><LI><a href="#[d8]">&gt;&gt;</a>&nbsp;&nbsp;&nbsp;GetResourceItemAddr
<LI><a href="#[d9]">&gt;&gt;</a>&nbsp;&nbsp;&nbsp;GetResourceData
</UL>
<BR>[Called By]<UL><LI><a href="#[12f]">&gt;&gt;</a>&nbsp;&nbsp;&nbsp;PutGraph
</UL>

<P><STRONG><a name="[da]"></a>File_GetGraphSum</STRONG> (Thumb, 16 bytes, Stack size 8 bytes, file.o(i.File_GetGraphSum))
<BR><BR>[Stack]<UL><LI>Max Depth = 128<LI>Call Chain = File_GetGraphSum &rArr; GetResourceItemNum &rArr; GetResourceAddr &rArr; Flash_Read &rArr; Flash_Wait_Done &rArr; F_DB_Out &rArr; GPIO_Init
</UL>
<BR>[Calls]<UL><LI><a href="#[db]">&gt;&gt;</a>&nbsp;&nbsp;&nbsp;GetResourceItemNum
</UL>
<BR>[Called By]<UL><LI><a href="#[12f]">&gt;&gt;</a>&nbsp;&nbsp;&nbsp;PutGraph
</UL>

<P><STRONG><a name="[dc]"></a>File_Read</STRONG> (Thumb, 20 bytes, Stack size 16 bytes, file.o(i.File_Read))
<BR><BR>[Stack]<UL><LI>Max Depth = 80<LI>Call Chain = File_Read &rArr; Flash_Read &rArr; Flash_Wait_Done &rArr; F_DB_Out &rArr; GPIO_Init
</UL>
<BR>[Calls]<UL><LI><a href="#[a4]">&gt;&gt;</a>&nbsp;&nbsp;&nbsp;Flash_Read
</UL>
<BR>[Called By]<UL><LI><a href="#[d9]">&gt;&gt;</a>&nbsp;&nbsp;&nbsp;GetResourceData
<LI><a href="#[12f]">&gt;&gt;</a>&nbsp;&nbsp;&nbsp;PutGraph
</UL>

<P><STRONG><a name="[dd]"></a>File_SetBaseAddr</STRONG> (Thumb, 76 bytes, Stack size 24 bytes, file.o(i.File_SetBaseAddr))
<BR><BR>[Stack]<UL><LI>Max Depth = 88<LI>Call Chain = File_SetBaseAddr &rArr; Flash_Read &rArr; Flash_Wait_Done &rArr; F_DB_Out &rArr; GPIO_Init
</UL>
<BR>[Calls]<UL><LI><a href="#[a4]">&gt;&gt;</a>&nbsp;&nbsp;&nbsp;Flash_Read
</UL>
<BR>[Called By]<UL><LI><a href="#[100]">&gt;&gt;</a>&nbsp;&nbsp;&nbsp;updateend
<LI><a href="#[178]">&gt;&gt;</a>&nbsp;&nbsp;&nbsp;slaver_main
</UL>

<P><STRONG><a name="[de]"></a>Flash_4K_Erase</STRONG> (Thumb, 50 bytes, Stack size 8 bytes, flash.o(i.Flash_4K_Erase))
<BR><BR>[Stack]<UL><LI>Max Depth = 48<LI>Call Chain = Flash_4K_Erase &rArr; Flash_Wait_Done &rArr; F_DB_Out &rArr; GPIO_Init
</UL>
<BR>[Calls]<UL><LI><a href="#[df]">&gt;&gt;</a>&nbsp;&nbsp;&nbsp;Flash_Write_Enable
<LI><a href="#[e0]">&gt;&gt;</a>&nbsp;&nbsp;&nbsp;Flash_Wait_Done
<LI><a href="#[d0]">&gt;&gt;</a>&nbsp;&nbsp;&nbsp;F_WR_Stop
<LI><a href="#[cd]">&gt;&gt;</a>&nbsp;&nbsp;&nbsp;F_WR_Start
<LI><a href="#[d4]">&gt;&gt;</a>&nbsp;&nbsp;&nbsp;F_QPI_W
</UL>
<BR>[Called By]<UL><LI><a href="#[113]">&gt;&gt;</a>&nbsp;&nbsp;&nbsp;writeconfig
</UL>

<P><STRONG><a name="[e1]"></a>Flash_4K_Erase_Start</STRONG> (Thumb, 46 bytes, Stack size 8 bytes, flash.o(i.Flash_4K_Erase_Start))
<BR><BR>[Stack]<UL><LI>Max Depth = 16<LI>Call Chain = Flash_4K_Erase_Start &rArr; Flash_Write_Enable
</UL>
<BR>[Calls]<UL><LI><a href="#[df]">&gt;&gt;</a>&nbsp;&nbsp;&nbsp;Flash_Write_Enable
<LI><a href="#[d0]">&gt;&gt;</a>&nbsp;&nbsp;&nbsp;F_WR_Stop
<LI><a href="#[cd]">&gt;&gt;</a>&nbsp;&nbsp;&nbsp;F_WR_Start
<LI><a href="#[d4]">&gt;&gt;</a>&nbsp;&nbsp;&nbsp;F_QPI_W
</UL>
<BR>[Called By]<UL><LI><a href="#[19d]">&gt;&gt;</a>&nbsp;&nbsp;&nbsp;updategame
<LI><a href="#[fd]">&gt;&gt;</a>&nbsp;&nbsp;&nbsp;setgname
</UL>

<P><STRONG><a name="[e2]"></a>Flash_Init</STRONG> (Thumb, 102 bytes, Stack size 8 bytes, flash.o(i.Flash_Init))
<BR><BR>[Stack]<UL><LI>Max Depth = 1224<LI>Call Chain = Flash_Init &rArr; Display_Initialization &rArr; RefreshScreen &rArr; PutGraph &rArr; File_GetGraphInfo &rArr; GetResourceItemAddr &rArr; GetResourceAddr &rArr; Flash_Read &rArr; Flash_Wait_Done &rArr; F_DB_Out &rArr; GPIO_Init
</UL>
<BR>[Calls]<UL><LI><a href="#[b6]">&gt;&gt;</a>&nbsp;&nbsp;&nbsp;Display_Initialization
<LI><a href="#[a9]">&gt;&gt;</a>&nbsp;&nbsp;&nbsp;Console_Open
<LI><a href="#[e4]">&gt;&gt;</a>&nbsp;&nbsp;&nbsp;Flash_Write_Status_Reg
<LI><a href="#[e3]">&gt;&gt;</a>&nbsp;&nbsp;&nbsp;Flash_Read_Status_Reg
<LI><a href="#[d6]">&gt;&gt;</a>&nbsp;&nbsp;&nbsp;F_SPI_Check_JEDEC_ID
<LI><a href="#[d3]">&gt;&gt;</a>&nbsp;&nbsp;&nbsp;F_QPI_Check_JEDEC_ID
<LI><a href="#[d2]">&gt;&gt;</a>&nbsp;&nbsp;&nbsp;F_GPIO_SPI_Mode
<LI><a href="#[d1]">&gt;&gt;</a>&nbsp;&nbsp;&nbsp;F_GPIO_QPI_Mode
<LI><a href="#[cc]">&gt;&gt;</a>&nbsp;&nbsp;&nbsp;F_Enter_QPI_Mode
</UL>
<BR>[Called By]<UL><LI><a href="#[178]">&gt;&gt;</a>&nbsp;&nbsp;&nbsp;slaver_main
</UL>

<P><STRONG><a name="[a4]"></a>Flash_Read</STRONG> (Thumb, 108 bytes, Stack size 24 bytes, flash.o(i.Flash_Read))
<BR><BR>[Stack]<UL><LI>Max Depth = 64<LI>Call Chain = Flash_Read &rArr; Flash_Wait_Done &rArr; F_DB_Out &rArr; GPIO_Init
</UL>
<BR>[Calls]<UL><LI><a href="#[e0]">&gt;&gt;</a>&nbsp;&nbsp;&nbsp;Flash_Wait_Done
<LI><a href="#[e5]">&gt;&gt;</a>&nbsp;&nbsp;&nbsp;Flash_Set_Read_Param
<LI><a href="#[d0]">&gt;&gt;</a>&nbsp;&nbsp;&nbsp;F_WR_Stop
<LI><a href="#[cd]">&gt;&gt;</a>&nbsp;&nbsp;&nbsp;F_WR_Start
<LI><a href="#[d4]">&gt;&gt;</a>&nbsp;&nbsp;&nbsp;F_QPI_W
<LI><a href="#[d5]">&gt;&gt;</a>&nbsp;&nbsp;&nbsp;F_QPI_R
<LI><a href="#[cb]">&gt;&gt;</a>&nbsp;&nbsp;&nbsp;F_DB_Out
<LI><a href="#[ca]">&gt;&gt;</a>&nbsp;&nbsp;&nbsp;F_DB_In
</UL>
<BR>[Called By]<UL><LI><a href="#[db]">&gt;&gt;</a>&nbsp;&nbsp;&nbsp;GetResourceItemNum
<LI><a href="#[d8]">&gt;&gt;</a>&nbsp;&nbsp;&nbsp;GetResourceItemAddr
<LI><a href="#[108]">&gt;&gt;</a>&nbsp;&nbsp;&nbsp;GetResourceAddr
<LI><a href="#[dc]">&gt;&gt;</a>&nbsp;&nbsp;&nbsp;File_Read
<LI><a href="#[a3]">&gt;&gt;</a>&nbsp;&nbsp;&nbsp;CRC_SPI
<LI><a href="#[111]">&gt;&gt;</a>&nbsp;&nbsp;&nbsp;InitConfig
<LI><a href="#[e6]">&gt;&gt;</a>&nbsp;&nbsp;&nbsp;Flash_Write
<LI><a href="#[dd]">&gt;&gt;</a>&nbsp;&nbsp;&nbsp;File_SetBaseAddr
<LI><a href="#[fd]">&gt;&gt;</a>&nbsp;&nbsp;&nbsp;setgname
<LI><a href="#[ef]">&gt;&gt;</a>&nbsp;&nbsp;&nbsp;getgname
</UL>

<P><STRONG><a name="[e3]"></a>Flash_Read_Status_Reg</STRONG> (Thumb, 60 bytes, Stack size 16 bytes, flash.o(i.Flash_Read_Status_Reg))
<BR><BR>[Stack]<UL><LI>Max Depth = 48<LI>Call Chain = Flash_Read_Status_Reg &rArr; F_DB_Out &rArr; GPIO_Init
</UL>
<BR>[Calls]<UL><LI><a href="#[d0]">&gt;&gt;</a>&nbsp;&nbsp;&nbsp;F_WR_Stop
<LI><a href="#[cd]">&gt;&gt;</a>&nbsp;&nbsp;&nbsp;F_WR_Start
<LI><a href="#[d4]">&gt;&gt;</a>&nbsp;&nbsp;&nbsp;F_QPI_W
<LI><a href="#[d5]">&gt;&gt;</a>&nbsp;&nbsp;&nbsp;F_QPI_R
<LI><a href="#[cb]">&gt;&gt;</a>&nbsp;&nbsp;&nbsp;F_DB_Out
<LI><a href="#[ca]">&gt;&gt;</a>&nbsp;&nbsp;&nbsp;F_DB_In
</UL>
<BR>[Called By]<UL><LI><a href="#[e2]">&gt;&gt;</a>&nbsp;&nbsp;&nbsp;Flash_Init
</UL>

<P><STRONG><a name="[e6]"></a>Flash_Write</STRONG> (Thumb, 134 bytes, Stack size 288 bytes, flash.o(i.Flash_Write))
<BR><BR>[Stack]<UL><LI>Max Depth = 352<LI>Call Chain = Flash_Write &rArr; Flash_Read &rArr; Flash_Wait_Done &rArr; F_DB_Out &rArr; GPIO_Init
</UL>
<BR>[Calls]<UL><LI><a href="#[a4]">&gt;&gt;</a>&nbsp;&nbsp;&nbsp;Flash_Read
<LI><a href="#[e7]">&gt;&gt;</a>&nbsp;&nbsp;&nbsp;Flash_Write_Page
</UL>
<BR>[Called By]<UL><LI><a href="#[19d]">&gt;&gt;</a>&nbsp;&nbsp;&nbsp;updategame
<LI><a href="#[fd]">&gt;&gt;</a>&nbsp;&nbsp;&nbsp;setgname
</UL>

<P><STRONG><a name="[e7]"></a>Flash_Write_Page</STRONG> (Thumb, 78 bytes, Stack size 24 bytes, flash.o(i.Flash_Write_Page))
<BR><BR>[Stack]<UL><LI>Max Depth = 64<LI>Call Chain = Flash_Write_Page &rArr; Flash_Wait_Done &rArr; F_DB_Out &rArr; GPIO_Init
</UL>
<BR>[Calls]<UL><LI><a href="#[df]">&gt;&gt;</a>&nbsp;&nbsp;&nbsp;Flash_Write_Enable
<LI><a href="#[e0]">&gt;&gt;</a>&nbsp;&nbsp;&nbsp;Flash_Wait_Done
<LI><a href="#[d0]">&gt;&gt;</a>&nbsp;&nbsp;&nbsp;F_WR_Stop
<LI><a href="#[cd]">&gt;&gt;</a>&nbsp;&nbsp;&nbsp;F_WR_Start
<LI><a href="#[d4]">&gt;&gt;</a>&nbsp;&nbsp;&nbsp;F_QPI_W
</UL>
<BR>[Called By]<UL><LI><a href="#[113]">&gt;&gt;</a>&nbsp;&nbsp;&nbsp;writeconfig
<LI><a href="#[e6]">&gt;&gt;</a>&nbsp;&nbsp;&nbsp;Flash_Write
</UL>

<P><STRONG><a name="[e4]"></a>Flash_Write_Status_Reg</STRONG> (Thumb, 60 bytes, Stack size 16 bytes, flash.o(i.Flash_Write_Status_Reg))
<BR><BR>[Stack]<UL><LI>Max Depth = 56<LI>Call Chain = Flash_Write_Status_Reg &rArr; Flash_Wait_Done &rArr; F_DB_Out &rArr; GPIO_Init
</UL>
<BR>[Calls]<UL><LI><a href="#[df]">&gt;&gt;</a>&nbsp;&nbsp;&nbsp;Flash_Write_Enable
<LI><a href="#[e0]">&gt;&gt;</a>&nbsp;&nbsp;&nbsp;Flash_Wait_Done
<LI><a href="#[d0]">&gt;&gt;</a>&nbsp;&nbsp;&nbsp;F_WR_Stop
<LI><a href="#[cd]">&gt;&gt;</a>&nbsp;&nbsp;&nbsp;F_WR_Start
<LI><a href="#[d4]">&gt;&gt;</a>&nbsp;&nbsp;&nbsp;F_QPI_W
</UL>
<BR>[Called By]<UL><LI><a href="#[e2]">&gt;&gt;</a>&nbsp;&nbsp;&nbsp;Flash_Init
</UL>

<P><STRONG><a name="[a8]"></a>FrushDspBuffer</STRONG> (Thumb, 60 bytes, Stack size 12 bytes, display.o(i.FrushDspBuffer))
<BR><BR>[Stack]<UL><LI>Max Depth = 12<LI>Call Chain = FrushDspBuffer
</UL>
<BR>[Called By]<UL><LI><a href="#[a7]">&gt;&gt;</a>&nbsp;&nbsp;&nbsp;ClearScreen
<LI><a href="#[b5]">&gt;&gt;</a>&nbsp;&nbsp;&nbsp;RefreshGraphs
<LI><a href="#[a9]">&gt;&gt;</a>&nbsp;&nbsp;&nbsp;Console_Open
</UL>

<P><STRONG><a name="[16c]"></a>FrushRectangle</STRONG> (Thumb, 52 bytes, Stack size 20 bytes, display.o(i.FrushRectangle))
<BR><BR>[Stack]<UL><LI>Max Depth = 20<LI>Call Chain = FrushRectangle
</UL>
<BR>[Called By]<UL><LI><a href="#[16a]">&gt;&gt;</a>&nbsp;&nbsp;&nbsp;hardware_main
</UL>

<P><STRONG><a name="[e8]"></a>GD62429_GPIO_Init</STRONG> (Thumb, 72 bytes, Stack size 8 bytes, gd62429.o(i.GD62429_GPIO_Init))
<BR><BR>[Stack]<UL><LI>Max Depth = 32<LI>Call Chain = GD62429_GPIO_Init &rArr; GPIO_Init
</UL>
<BR>[Calls]<UL><LI><a href="#[6f]">&gt;&gt;</a>&nbsp;&nbsp;&nbsp;RCC_APB2PeriphClockCmd
<LI><a href="#[81]">&gt;&gt;</a>&nbsp;&nbsp;&nbsp;GPIO_Init
</UL>
<BR>[Called By]<UL><LI><a href="#[178]">&gt;&gt;</a>&nbsp;&nbsp;&nbsp;slaver_main
</UL>

<P><STRONG><a name="[e9]"></a>GD_I2C_W</STRONG> (Thumb, 114 bytes, Stack size 16 bytes, gd62429.o(i.GD_I2C_W))
<BR><BR>[Stack]<UL><LI>Max Depth = 16<LI>Call Chain = GD_I2C_W
</UL>
<BR>[Calls]<UL><LI><a href="#[ea]">&gt;&gt;</a>&nbsp;&nbsp;&nbsp;i2c_Delay
</UL>
<BR>[Called By]<UL><LI><a href="#[5f]">&gt;&gt;</a>&nbsp;&nbsp;&nbsp;GEA_Setvolume
</UL>

<P><STRONG><a name="[4d]"></a>GEA_AddAnimation</STRONG> (Thumb, 180 bytes, Stack size 24 bytes, hdr.o(i.GEA_AddAnimation))
<BR><BR>[Stack]<UL><LI>Max Depth = 24<LI>Call Chain = GEA_AddAnimation
</UL>
<BR>[Calls]<UL><LI><a href="#[eb]">&gt;&gt;</a>&nbsp;&nbsp;&nbsp;layer2index
</UL>
<BR>[Called By]<UL><LI><a href="#[fc]">&gt;&gt;</a>&nbsp;&nbsp;&nbsp;slaverpowerOff
<LI><a href="#[178]">&gt;&gt;</a>&nbsp;&nbsp;&nbsp;slaver_main
<LI><a href="#[4c]">&gt;&gt;</a>&nbsp;&nbsp;&nbsp;GEA_PlayAnimation
</UL>
<BR>[Address Reference Count : 1]<UL><LI> genginecfg.o(.constdata)
</UL>
<P><STRONG><a name="[4b]"></a>GEA_ClePutRef</STRONG> (Thumb, 76 bytes, Stack size 24 bytes, slaverapis2.o(i.GEA_ClePutRef))
<BR><BR>[Stack]<UL><LI>Max Depth = 1248<LI>Call Chain = GEA_ClePutRef &rArr; RefreshGraphs &rArr; RefreshScreen &rArr; PutGraph &rArr; File_GetGraphInfo &rArr; GetResourceItemAddr &rArr; GetResourceAddr &rArr; Flash_Read &rArr; Flash_Wait_Done &rArr; F_DB_Out &rArr; GPIO_Init
</UL>
<BR>[Calls]<UL><LI><a href="#[b5]">&gt;&gt;</a>&nbsp;&nbsp;&nbsp;RefreshGraphs
<LI><a href="#[ec]">&gt;&gt;</a>&nbsp;&nbsp;&nbsp;ClearGraphLayer
<LI><a href="#[ed]">&gt;&gt;</a>&nbsp;&nbsp;&nbsp;AddGraph
</UL>
<BR>[Address Reference Count : 1]<UL><LI> genginecfg.o(.constdata)
</UL>
<P><STRONG><a name="[4f]"></a>GEA_ClearAnimationFifo</STRONG> (Thumb, 72 bytes, Stack size 8 bytes, hdr.o(i.GEA_ClearAnimationFifo))
<BR><BR>[Stack]<UL><LI>Max Depth = 36<LI>Call Chain = GEA_ClearAnimationFifo &rArr; hdraction &rArr; ClearGraphLayer
</UL>
<BR>[Calls]<UL><LI><a href="#[ee]">&gt;&gt;</a>&nbsp;&nbsp;&nbsp;hdraction
</UL>
<BR>[Address Reference Count : 1]<UL><LI> genginecfg.o(.constdata)
</UL>
<P><STRONG><a name="[4a]"></a>GEA_ClearLayer</STRONG> (Thumb, 34 bytes, Stack size 16 bytes, slaverapis2.o(i.GEA_ClearLayer))
<BR><BR>[Stack]<UL><LI>Max Depth = 28<LI>Call Chain = GEA_ClearLayer &rArr; ClearGraphLayer
</UL>
<BR>[Calls]<UL><LI><a href="#[ec]">&gt;&gt;</a>&nbsp;&nbsp;&nbsp;ClearGraphLayer
</UL>
<BR>[Called By]<UL><LI><a href="#[16a]">&gt;&gt;</a>&nbsp;&nbsp;&nbsp;hardware_main
<LI><a href="#[fc]">&gt;&gt;</a>&nbsp;&nbsp;&nbsp;slaverpowerOff
</UL>
<BR>[Address Reference Count : 1]<UL><LI> genginecfg.o(.constdata)
</UL>
<P><STRONG><a name="[4e]"></a>GEA_DeleteAnimation</STRONG> (Thumb, 72 bytes, Stack size 8 bytes, hdr.o(i.GEA_DeleteAnimation))
<BR><BR>[Stack]<UL><LI>Max Depth = 36<LI>Call Chain = GEA_DeleteAnimation &rArr; hdraction &rArr; ClearGraphLayer
</UL>
<BR>[Calls]<UL><LI><a href="#[ee]">&gt;&gt;</a>&nbsp;&nbsp;&nbsp;hdraction
</UL>
<BR>[Called By]<UL><LI><a href="#[16f]">&gt;&gt;</a>&nbsp;&nbsp;&nbsp;hdr_Init
</UL>
<BR>[Address Reference Count : 1]<UL><LI> genginecfg.o(.constdata)
</UL>
<P><STRONG><a name="[5e]"></a>GEA_GetGName</STRONG> (Thumb, 16 bytes, Stack size 16 bytes, config.o(i.GEA_GetGName))
<BR><BR>[Stack]<UL><LI>Max Depth = 360<LI>Call Chain = GEA_GetGName &rArr; getgname &rArr; Flash_Read &rArr; Flash_Wait_Done &rArr; F_DB_Out &rArr; GPIO_Init
</UL>
<BR>[Calls]<UL><LI><a href="#[ef]">&gt;&gt;</a>&nbsp;&nbsp;&nbsp;getgname
</UL>
<BR>[Address Reference Count : 1]<UL><LI> genginecfg.o(.constdata)
</UL>
<P><STRONG><a name="[56]"></a>GEA_GetJoyStickStatus</STRONG> (Thumb, 186 bytes, Stack size 40 bytes, slaverapis2.o(i.GEA_GetJoyStickStatus))
<BR><BR>[Stack]<UL><LI>Max Depth = 48<LI>Call Chain = GEA_GetJoyStickStatus &rArr; gSensor_Box_Z_Angle
</UL>
<BR>[Calls]<UL><LI><a href="#[f0]">&gt;&gt;</a>&nbsp;&nbsp;&nbsp;readSlaverID
<LI><a href="#[f1]">&gt;&gt;</a>&nbsp;&nbsp;&nbsp;gSensor_WaveRank
<LI><a href="#[f5]">&gt;&gt;</a>&nbsp;&nbsp;&nbsp;gSensor_TopSurface
<LI><a href="#[f4]">&gt;&gt;</a>&nbsp;&nbsp;&nbsp;gSensor_Box_Z_Angle
<LI><a href="#[f3]">&gt;&gt;</a>&nbsp;&nbsp;&nbsp;gSensor_Box_Y_Angle
<LI><a href="#[f2]">&gt;&gt;</a>&nbsp;&nbsp;&nbsp;gSensor_Box_X_Angle
</UL>
<BR>[Called By]<UL><LI><a href="#[16a]">&gt;&gt;</a>&nbsp;&nbsp;&nbsp;hardware_main
</UL>
<BR>[Address Reference Count : 1]<UL><LI> genginecfg.o(.constdata)
</UL>
<P><STRONG><a name="[57]"></a>GEA_GetNearStatus</STRONG> (Thumb, 28 bytes, Stack size 16 bytes, recev.o(i.GEA_GetNearStatus))
<BR><BR>[Stack]<UL><LI>Max Depth = 32<LI>Call Chain = GEA_GetNearStatus &rArr; ccopy
</UL>
<BR>[Calls]<UL><LI><a href="#[f6]">&gt;&gt;</a>&nbsp;&nbsp;&nbsp;ccopy
<LI><a href="#[84]">&gt;&gt;</a>&nbsp;&nbsp;&nbsp;CMOS_GetTimer
</UL>
<BR>[Called By]<UL><LI><a href="#[16a]">&gt;&gt;</a>&nbsp;&nbsp;&nbsp;hardware_main
</UL>
<BR>[Address Reference Count : 1]<UL><LI> genginecfg.o(.constdata)
</UL>
<P><STRONG><a name="[54]"></a>GEA_GetSpeechStatus</STRONG> (Thumb, 54 bytes, Stack size 0 bytes, sentence.o(i.GEA_GetSpeechStatus))
<BR><BR>[Called By]<UL><LI><a href="#[16a]">&gt;&gt;</a>&nbsp;&nbsp;&nbsp;hardware_main
<LI><a href="#[178]">&gt;&gt;</a>&nbsp;&nbsp;&nbsp;slaver_main
<LI><a href="#[170]">&gt;&gt;</a>&nbsp;&nbsp;&nbsp;hdr_check
<LI><a href="#[59]">&gt;&gt;</a>&nbsp;&nbsp;&nbsp;GEA_SlaverState
</UL>
<BR>[Address Reference Count : 1]<UL><LI> genginecfg.o(.constdata)
</UL>
<P><STRONG><a name="[53]"></a>GEA_LoopSpeech</STRONG> (Thumb, 30 bytes, Stack size 8 bytes, sentence.o(i.GEA_LoopSpeech))
<BR><BR>[Stack]<UL><LI>Max Depth = 704<LI>Call Chain = GEA_LoopSpeech &rArr; playbgm &rArr; _PlayBGM &rArr; audio_checkmsg &rArr; chanel_fillbuf &rArr; GetResourceData &rArr; File_Read &rArr; Flash_Read &rArr; Flash_Wait_Done &rArr; F_DB_Out &rArr; GPIO_Init
</UL>
<BR>[Calls]<UL><LI><a href="#[f8]">&gt;&gt;</a>&nbsp;&nbsp;&nbsp;playbgm
<LI><a href="#[f7]">&gt;&gt;</a>&nbsp;&nbsp;&nbsp;StopBGM
</UL>
<BR>[Address Reference Count : 1]<UL><LI> genginecfg.o(.constdata)
</UL>
<P><STRONG><a name="[58]"></a>GEA_MotorCtrl</STRONG> (Thumb, 56 bytes, Stack size 4 bytes, motor.o(i.GEA_MotorCtrl))
<BR><BR>[Stack]<UL><LI>Max Depth = 4<LI>Call Chain = GEA_MotorCtrl
</UL>
<BR>[Calls]<UL><LI><a href="#[f9]">&gt;&gt;</a>&nbsp;&nbsp;&nbsp;Motor_Off
<LI><a href="#[fa]">&gt;&gt;</a>&nbsp;&nbsp;&nbsp;Motor_On
</UL>
<BR>[Called By]<UL><LI><a href="#[178]">&gt;&gt;</a>&nbsp;&nbsp;&nbsp;slaver_main
</UL>
<BR>[Address Reference Count : 1]<UL><LI> genginecfg.o(.constdata)
</UL>
<P><STRONG><a name="[4c]"></a>GEA_PlayAnimation</STRONG> (Thumb, 28 bytes, Stack size 16 bytes, hdr.o(i.GEA_PlayAnimation))
<BR><BR>[Stack]<UL><LI>Max Depth = 44<LI>Call Chain = GEA_PlayAnimation &rArr; hdraction &rArr; ClearGraphLayer
</UL>
<BR>[Calls]<UL><LI><a href="#[4d]">&gt;&gt;</a>&nbsp;&nbsp;&nbsp;GEA_AddAnimation
<LI><a href="#[ee]">&gt;&gt;</a>&nbsp;&nbsp;&nbsp;hdraction
</UL>
<BR>[Address Reference Count : 1]<UL><LI> genginecfg.o(.constdata)
</UL>
<P><STRONG><a name="[52]"></a>GEA_PlaySpeech</STRONG> (Thumb, 76 bytes, Stack size 16 bytes, sentence.o(i.GEA_PlaySpeech))
<BR><BR>[Stack]<UL><LI>Max Depth = 152<LI>Call Chain = GEA_PlaySpeech &rArr; sentencePlay &rArr;  stCheck (Cycle)
</UL>
<BR>[Calls]<UL><LI><a href="#[55]">&gt;&gt;</a>&nbsp;&nbsp;&nbsp;GEA_StopSpeech
<LI><a href="#[fb]">&gt;&gt;</a>&nbsp;&nbsp;&nbsp;sentencePlay
</UL>
<BR>[Called By]<UL><LI><a href="#[16a]">&gt;&gt;</a>&nbsp;&nbsp;&nbsp;hardware_main
<LI><a href="#[170]">&gt;&gt;</a>&nbsp;&nbsp;&nbsp;hdr_check
</UL>
<BR>[Address Reference Count : 1]<UL><LI> genginecfg.o(.constdata)
</UL>
<P><STRONG><a name="[5b]"></a>GEA_PowerOff</STRONG> (Thumb, 10 bytes, Stack size 0 bytes, xiaomu.o(i.GEA_PowerOff))
<BR><BR>[Stack]<UL><LI>Max Depth = 1272<LI>Call Chain = GEA_PowerOff &rArr; slaverpowerOff &rArr; shutdown &rArr; MMA7660FC_Init &rArr; Display_Initialization &rArr; RefreshScreen &rArr; PutGraph &rArr; File_GetGraphInfo &rArr; GetResourceItemAddr &rArr; GetResourceAddr &rArr; Flash_Read &rArr; Flash_Wait_Done &rArr; F_DB_Out &rArr; GPIO_Init
</UL>
<BR>[Calls]<UL><LI><a href="#[fc]">&gt;&gt;</a>&nbsp;&nbsp;&nbsp;slaverpowerOff
</UL>
<BR>[Called By]<UL><LI><a href="#[178]">&gt;&gt;</a>&nbsp;&nbsp;&nbsp;slaver_main
</UL>
<BR>[Address Reference Count : 1]<UL><LI> genginecfg.o(.constdata)
</UL>
<P><STRONG><a name="[49]"></a>GEA_PutGraph</STRONG> (Thumb, 68 bytes, Stack size 24 bytes, slaverapis2.o(i.GEA_PutGraph))
<BR><BR>[Stack]<UL><LI>Max Depth = 1248<LI>Call Chain = GEA_PutGraph &rArr; RefreshGraphs &rArr; RefreshScreen &rArr; PutGraph &rArr; File_GetGraphInfo &rArr; GetResourceItemAddr &rArr; GetResourceAddr &rArr; Flash_Read &rArr; Flash_Wait_Done &rArr; F_DB_Out &rArr; GPIO_Init
</UL>
<BR>[Calls]<UL><LI><a href="#[b5]">&gt;&gt;</a>&nbsp;&nbsp;&nbsp;RefreshGraphs
<LI><a href="#[ed]">&gt;&gt;</a>&nbsp;&nbsp;&nbsp;AddGraph
</UL>
<BR>[Address Reference Count : 1]<UL><LI> genginecfg.o(.constdata)
</UL>
<P><STRONG><a name="[5d]"></a>GEA_SetGName</STRONG> (Thumb, 14 bytes, Stack size 8 bytes, config.o(i.GEA_SetGName))
<BR><BR>[Stack]<UL><LI>Max Depth = 640<LI>Call Chain = GEA_SetGName &rArr; setgname &rArr; Flash_Write &rArr; Flash_Read &rArr; Flash_Wait_Done &rArr; F_DB_Out &rArr; GPIO_Init
</UL>
<BR>[Calls]<UL><LI><a href="#[fd]">&gt;&gt;</a>&nbsp;&nbsp;&nbsp;setgname
</UL>
<BR>[Address Reference Count : 1]<UL><LI> genginecfg.o(.constdata)
</UL>
<P><STRONG><a name="[5c]"></a>GEA_SetMode</STRONG> (Thumb, 114 bytes, Stack size 8 bytes, slaverapis2.o(i.GEA_SetMode))
<BR><BR>[Stack]<UL><LI>Max Depth = 1280<LI>Call Chain = GEA_SetMode &rArr; GEA_Transport &rArr; slaverpowerOff &rArr; shutdown &rArr; MMA7660FC_Init &rArr; Display_Initialization &rArr; RefreshScreen &rArr; PutGraph &rArr; File_GetGraphInfo &rArr; GetResourceItemAddr &rArr; GetResourceAddr &rArr; Flash_Read &rArr; Flash_Wait_Done &rArr; F_DB_Out &rArr; GPIO_Init
</UL>
<BR>[Calls]<UL><LI><a href="#[fe]">&gt;&gt;</a>&nbsp;&nbsp;&nbsp;SWS_Init
<LI><a href="#[100]">&gt;&gt;</a>&nbsp;&nbsp;&nbsp;updateend
<LI><a href="#[ff]">&gt;&gt;</a>&nbsp;&nbsp;&nbsp;resetupdate
<LI><a href="#[101]">&gt;&gt;</a>&nbsp;&nbsp;&nbsp;GEA_Transport
<LI><a href="#[103]">&gt;&gt;</a>&nbsp;&nbsp;&nbsp;Lcd_On
<LI><a href="#[102]">&gt;&gt;</a>&nbsp;&nbsp;&nbsp;Lcd_Off
</UL>
<BR>[Address Reference Count : 1]<UL><LI> genginecfg.o(.constdata)
</UL>
<P><STRONG><a name="[51]"></a>GEA_SetSpeechList</STRONG> (Thumb, 90 bytes, Stack size 24 bytes, sentence.o(i.GEA_SetSpeechList))
<BR><BR>[Stack]<UL><LI>Max Depth = 32<LI>Call Chain = GEA_SetSpeechList &rArr; GEA_StopSpeech
</UL>
<BR>[Calls]<UL><LI><a href="#[55]">&gt;&gt;</a>&nbsp;&nbsp;&nbsp;GEA_StopSpeech
</UL>
<BR>[Address Reference Count : 1]<UL><LI> genginecfg.o(.constdata)
</UL>
<P><STRONG><a name="[5a]"></a>GEA_SetTimCnt</STRONG> (Thumb, 20 bytes, Stack size 4 bytes, cmos.o(i.GEA_SetTimCnt))
<BR><BR>[Stack]<UL><LI>Max Depth = 4<LI>Call Chain = GEA_SetTimCnt
</UL>
<BR>[Calls]<UL><LI><a href="#[104]">&gt;&gt;</a>&nbsp;&nbsp;&nbsp;ClrAutoPowerOff
</UL>
<BR>[Address Reference Count : 1]<UL><LI> genginecfg.o(.constdata)
</UL>
<P><STRONG><a name="[5f]"></a>GEA_Setvolume</STRONG> (Thumb, 12 bytes, Stack size 8 bytes, config.o(i.GEA_Setvolume))
<BR><BR>[Stack]<UL><LI>Max Depth = 24<LI>Call Chain = GEA_Setvolume &rArr; GD_I2C_W
</UL>
<BR>[Calls]<UL><LI><a href="#[e9]">&gt;&gt;</a>&nbsp;&nbsp;&nbsp;GD_I2C_W
</UL>
<BR>[Address Reference Count : 1]<UL><LI> genginecfg.o(.constdata)
</UL>
<P><STRONG><a name="[59]"></a>GEA_SlaverState</STRONG> (Thumb, 34 bytes, Stack size 24 bytes, slaverapis2.o(i.GEA_SlaverState))
<BR><BR>[Stack]<UL><LI>Max Depth = 24<LI>Call Chain = GEA_SlaverState
</UL>
<BR>[Calls]<UL><LI><a href="#[105]">&gt;&gt;</a>&nbsp;&nbsp;&nbsp;play_status
<LI><a href="#[54]">&gt;&gt;</a>&nbsp;&nbsp;&nbsp;GEA_GetSpeechStatus
</UL>
<BR>[Address Reference Count : 1]<UL><LI> genginecfg.o(.constdata)
</UL>
<P><STRONG><a name="[50]"></a>GEA_StopAnimation</STRONG> (Thumb, 72 bytes, Stack size 8 bytes, hdr.o(i.GEA_StopAnimation))
<BR><BR>[Stack]<UL><LI>Max Depth = 36<LI>Call Chain = GEA_StopAnimation &rArr; hdraction &rArr; ClearGraphLayer
</UL>
<BR>[Calls]<UL><LI><a href="#[ee]">&gt;&gt;</a>&nbsp;&nbsp;&nbsp;hdraction
</UL>
<BR>[Called By]<UL><LI><a href="#[fc]">&gt;&gt;</a>&nbsp;&nbsp;&nbsp;slaverpowerOff
</UL>
<BR>[Address Reference Count : 1]<UL><LI> genginecfg.o(.constdata)
</UL>
<P><STRONG><a name="[55]"></a>GEA_StopSpeech</STRONG> (Thumb, 38 bytes, Stack size 8 bytes, sentence.o(i.GEA_StopSpeech))
<BR><BR>[Stack]<UL><LI>Max Depth = 8<LI>Call Chain = GEA_StopSpeech
</UL>
<BR>[Calls]<UL><LI><a href="#[106]">&gt;&gt;</a>&nbsp;&nbsp;&nbsp;StopVoice
</UL>
[...]
<LI><a href="#[e3]">&gt;&gt;</a>&nbsp;&nbsp;&nbsp;Flash_Read_Status_Reg
<LI><a href="#[df]">&gt;&gt;</a>&nbsp;&nbsp;&nbsp;Flash_Write_Enable
<LI><a href="#[e0]">&gt;&gt;</a>&nbsp;&nbsp;&nbsp;Flash_Wait_Done
<LI><a href="#[e5]">&gt;&gt;</a>&nbsp;&nbsp;&nbsp;Flash_Set_Read_Param
<LI><a href="#[d6]">&gt;&gt;</a>&nbsp;&nbsp;&nbsp;F_SPI_Check_JEDEC_ID
<LI><a href="#[d3]">&gt;&gt;</a>&nbsp;&nbsp;&nbsp;F_QPI_Check_JEDEC_ID
<LI><a href="#[cc]">&gt;&gt;</a>&nbsp;&nbsp;&nbsp;F_Enter_QPI_Mode
</UL>

<P><STRONG><a name="[e5]"></a>Flash_Set_Read_Param</STRONG> (Thumb, 40 bytes, Stack size 16 bytes, flash.o(i.Flash_Set_Read_Param))
<BR><BR>[Stack]<UL><LI>Max Depth = 16<LI>Call Chain = Flash_Set_Read_Param
</UL>
<BR>[Calls]<UL><LI><a href="#[d0]">&gt;&gt;</a>&nbsp;&nbsp;&nbsp;F_WR_Stop
<LI><a href="#[cd]">&gt;&gt;</a>&nbsp;&nbsp;&nbsp;F_WR_Start
<LI><a href="#[d4]">&gt;&gt;</a>&nbsp;&nbsp;&nbsp;F_QPI_W
</UL>
<BR>[Called By]<UL><LI><a href="#[a4]">&gt;&gt;</a>&nbsp;&nbsp;&nbsp;Flash_Read
</UL>

<P><STRONG><a name="[e0]"></a>Flash_Wait_Done</STRONG> (Thumb, 40 bytes, Stack size 8 bytes, flash.o(i.Flash_Wait_Done))
<BR><BR>[Stack]<UL><LI>Max Depth = 40<LI>Call Chain = Flash_Wait_Done &rArr; F_DB_Out &rArr; GPIO_Init
</UL>
<BR>[Calls]<UL><LI><a href="#[d0]">&gt;&gt;</a>&nbsp;&nbsp;&nbsp;F_WR_Stop
<LI><a href="#[cd]">&gt;&gt;</a>&nbsp;&nbsp;&nbsp;F_WR_Start
<LI><a href="#[d4]">&gt;&gt;</a>&nbsp;&nbsp;&nbsp;F_QPI_W
<LI><a href="#[d5]">&gt;&gt;</a>&nbsp;&nbsp;&nbsp;F_QPI_R
<LI><a href="#[cb]">&gt;&gt;</a>&nbsp;&nbsp;&nbsp;F_DB_Out
<LI><a href="#[ca]">&gt;&gt;</a>&nbsp;&nbsp;&nbsp;F_DB_In
</UL>
<BR>[Called By]<UL><LI><a href="#[a4]">&gt;&gt;</a>&nbsp;&nbsp;&nbsp;Flash_Read
<LI><a href="#[e7]">&gt;&gt;</a>&nbsp;&nbsp;&nbsp;Flash_Write_Page
<LI><a href="#[de]">&gt;&gt;</a>&nbsp;&nbsp;&nbsp;Flash_4K_Erase
<LI><a href="#[e4]">&gt;&gt;</a>&nbsp;&nbsp;&nbsp;Flash_Write_Status_Reg
</UL>

<P><STRONG><a name="[df]"></a>Flash_Write_Enable</STRONG> (Thumb, 18 bytes, Stack size 8 bytes, flash.o(i.Flash_Write_Enable))
<BR><BR>[Stack]<UL><LI>Max Depth = 8<LI>Call Chain = Flash_Write_Enable
</UL>
<BR>[Calls]<UL><LI><a href="#[d0]">&gt;&gt;</a>&nbsp;&nbsp;&nbsp;F_WR_Stop
<LI><a href="#[cd]">&gt;&gt;</a>&nbsp;&nbsp;&nbsp;F_WR_Start
<LI><a href="#[d4]">&gt;&gt;</a>&nbsp;&nbsp;&nbsp;F_QPI_W
</UL>
<BR>[Called By]<UL><LI><a href="#[e1]">&gt;&gt;</a>&nbsp;&nbsp;&nbsp;Flash_4K_Erase_Start
<LI><a href="#[e7]">&gt;&gt;</a>&nbsp;&nbsp;&nbsp;Flash_Write_Page
<LI><a href="#[de]">&gt;&gt;</a>&nbsp;&nbsp;&nbsp;Flash_4K_Erase
<LI><a href="#[e4]">&gt;&gt;</a>&nbsp;&nbsp;&nbsp;Flash_Write_Status_Reg
</UL>

<P><STRONG><a name="[10c]"></a>Delay</STRONG> (Thumb, 16 bytes, Stack size 0 bytes, mma7660fc.o(i.Delay))
<BR><BR>[Called By]<UL><LI><a href="#[110]">&gt;&gt;</a>&nbsp;&nbsp;&nbsp;I2C_W
<LI><a href="#[10f]">&gt;&gt;</a>&nbsp;&nbsp;&nbsp;I2C_Stop
<LI><a href="#[10e]">&gt;&gt;</a>&nbsp;&nbsp;&nbsp;I2C_Start
<LI><a href="#[10a]">&gt;&gt;</a>&nbsp;&nbsp;&nbsp;I2C_R
</UL>

<P><STRONG><a name="[11e]"></a>GetShakeRate</STRONG> (Thumb, 70 bytes, Stack size 16 bytes, mma7660fc.o(i.GetShakeRate))
<BR><BR>[Stack]<UL><LI>Max Depth = 16<LI>Call Chain = GetShakeRate
</UL>
<BR>[Called By]<UL><LI><a href="#[11d]">&gt;&gt;</a>&nbsp;&nbsp;&nbsp;MMA7660FC_GetShakeState
</UL>

<P><STRONG><a name="[10a]"></a>I2C_R</STRONG> (Thumb, 130 bytes, Stack size 16 bytes, mma7660fc.o(i.I2C_R))
<BR><BR>[Stack]<UL><LI>Max Depth = 48<LI>Call Chain = I2C_R &rArr; SDA_Out &rArr; GPIO_Init
</UL>
<BR>[Calls]<UL><LI><a href="#[7e]">&gt;&gt;</a>&nbsp;&nbsp;&nbsp;GPIO_ReadInputDataBit
<LI><a href="#[10d]">&gt;&gt;</a>&nbsp;&nbsp;&nbsp;SDA_Out
<LI><a href="#[10b]">&gt;&gt;</a>&nbsp;&nbsp;&nbsp;SDA_In
<LI><a href="#[10c]">&gt;&gt;</a>&nbsp;&nbsp;&nbsp;Delay
</UL>
<BR>[Called By]<UL><LI><a href="#[ba]">&gt;&gt;</a>&nbsp;&nbsp;&nbsp;Read_Reg_Queue
<LI><a href="#[124]">&gt;&gt;</a>&nbsp;&nbsp;&nbsp;Read_Reg
</UL>

<P><STRONG><a name="[10e]"></a>I2C_Start</STRONG> (Thumb, 38 bytes, Stack size 8 bytes, mma7660fc.o(i.I2C_Start))
<BR><BR>[Stack]<UL><LI>Max Depth = 8<LI>Call Chain = I2C_Start
</UL>
<BR>[Calls]<UL><LI><a href="#[10c]">&gt;&gt;</a>&nbsp;&nbsp;&nbsp;Delay
</UL>
<BR>[Called By]<UL><LI><a href="#[123]">&gt;&gt;</a>&nbsp;&nbsp;&nbsp;Write_Reg
<LI><a href="#[ba]">&gt;&gt;</a>&nbsp;&nbsp;&nbsp;Read_Reg_Queue
<LI><a href="#[124]">&gt;&gt;</a>&nbsp;&nbsp;&nbsp;Read_Reg
</UL>

<P><STRONG><a name="[10f]"></a>I2C_Stop</STRONG> (Thumb, 28 bytes, Stack size 8 bytes, mma7660fc.o(i.I2C_Stop))
<BR><BR>[Stack]<UL><LI>Max Depth = 8<LI>Call Chain = I2C_Stop
</UL>
<BR>[Calls]<UL><LI><a href="#[10c]">&gt;&gt;</a>&nbsp;&nbsp;&nbsp;Delay
</UL>
<BR>[Called By]<UL><LI><a href="#[123]">&gt;&gt;</a>&nbsp;&nbsp;&nbsp;Write_Reg
<LI><a href="#[ba]">&gt;&gt;</a>&nbsp;&nbsp;&nbsp;Read_Reg_Queue
<LI><a href="#[124]">&gt;&gt;</a>&nbsp;&nbsp;&nbsp;Read_Reg
</UL>

<P><STRONG><a name="[110]"></a>I2C_W</STRONG> (Thumb, 134 bytes, Stack size 16 bytes, mma7660fc.o(i.I2C_W))
<BR><BR>[Stack]<UL><LI>Max Depth = 48<LI>Call Chain = I2C_W &rArr; SDA_Out &rArr; GPIO_Init
</UL>
<BR>[Calls]<UL><LI><a href="#[7e]">&gt;&gt;</a>&nbsp;&nbsp;&nbsp;GPIO_ReadInputDataBit
<LI><a href="#[10d]">&gt;&gt;</a>&nbsp;&nbsp;&nbsp;SDA_Out
<LI><a href="#[10b]">&gt;&gt;</a>&nbsp;&nbsp;&nbsp;SDA_In
<LI><a href="#[10c]">&gt;&gt;</a>&nbsp;&nbsp;&nbsp;Delay
</UL>
<BR>[Called By]<UL><LI><a href="#[123]">&gt;&gt;</a>&nbsp;&nbsp;&nbsp;Write_Reg
<LI><a href="#[ba]">&gt;&gt;</a>&nbsp;&nbsp;&nbsp;Read_Reg_Queue
<LI><a href="#[124]">&gt;&gt;</a>&nbsp;&nbsp;&nbsp;Read_Reg
</UL>

<P><STRONG><a name="[11c]"></a>MMA7660FC_GPIO_Init</STRONG> (Thumb, 98 bytes, Stack size 8 bytes, mma7660fc.o(i.MMA7660FC_GPIO_Init))
<BR><BR>[Stack]<UL><LI>Max Depth = 32<LI>Call Chain = MMA7660FC_GPIO_Init &rArr; GPIO_Init
</UL>
<BR>[Calls]<UL><LI><a href="#[6f]">&gt;&gt;</a>&nbsp;&nbsp;&nbsp;RCC_APB2PeriphClockCmd
<LI><a href="#[81]">&gt;&gt;</a>&nbsp;&nbsp;&nbsp;GPIO_Init
</UL>
<BR>[Called By]<UL><LI><a href="#[122]">&gt;&gt;</a>&nbsp;&nbsp;&nbsp;MMA7660FC_Init
</UL>

<P><STRONG><a name="[11f]"></a>MMA7660FC_INT_Init</STRONG> (Thumb, 70 bytes, Stack size 16 bytes, mma7660fc.o(i.MMA7660FC_INT_Init))
<BR><BR>[Stack]<UL><LI>Max Depth = 32<LI>Call Chain = MMA7660FC_INT_Init &rArr; NVIC_Init
</UL>
<BR>[Calls]<UL><LI><a href="#[99]">&gt;&gt;</a>&nbsp;&nbsp;&nbsp;NVIC_Init
<LI><a href="#[120]">&gt;&gt;</a>&nbsp;&nbsp;&nbsp;GPIO_EXTILineConfig
<LI><a href="#[121]">&gt;&gt;</a>&nbsp;&nbsp;&nbsp;EXTI_Init
</UL>
<BR>[Called By]<UL><LI><a href="#[122]">&gt;&gt;</a>&nbsp;&nbsp;&nbsp;MMA7660FC_Init
</UL>

<P><STRONG><a name="[124]"></a>Read_Reg</STRONG> (Thumb, 46 bytes, Stack size 16 bytes, mma7660fc.o(i.Read_Reg))
<BR><BR>[Stack]<UL><LI>Max Depth = 64<LI>Call Chain = Read_Reg &rArr; I2C_W &rArr; SDA_Out &rArr; GPIO_Init
</UL>
<BR>[Calls]<UL><LI><a href="#[110]">&gt;&gt;</a>&nbsp;&nbsp;&nbsp;I2C_W
<LI><a href="#[10f]">&gt;&gt;</a>&nbsp;&nbsp;&nbsp;I2C_Stop
<LI><a href="#[10e]">&gt;&gt;</a>&nbsp;&nbsp;&nbsp;I2C_Start
<LI><a href="#[10a]">&gt;&gt;</a>&nbsp;&nbsp;&nbsp;I2C_R
</UL>
<BR>[Called By]<UL><LI><a href="#[125]">&gt;&gt;</a>&nbsp;&nbsp;&nbsp;MMA7660FC_Standby
<LI><a href="#[122]">&gt;&gt;</a>&nbsp;&nbsp;&nbsp;MMA7660FC_Init
</UL>

<P><STRONG><a name="[ba]"></a>Read_Reg_Queue</STRONG> (Thumb, 72 bytes, Stack size 24 bytes, mma7660fc.o(i.Read_Reg_Queue))
<BR><BR>[Stack]<UL><LI>Max Depth = 72<LI>Call Chain = Read_Reg_Queue &rArr; I2C_W &rArr; SDA_Out &rArr; GPIO_Init
</UL>
<BR>[Calls]<UL><LI><a href="#[110]">&gt;&gt;</a>&nbsp;&nbsp;&nbsp;I2C_W
<LI><a href="#[10f]">&gt;&gt;</a>&nbsp;&nbsp;&nbsp;I2C_Stop
<LI><a href="#[10e]">&gt;&gt;</a>&nbsp;&nbsp;&nbsp;I2C_Start
<LI><a href="#[10a]">&gt;&gt;</a>&nbsp;&nbsp;&nbsp;I2C_R
</UL>
<BR>[Called By]<UL><LI><a href="#[10]">&gt;&gt;</a>&nbsp;&nbsp;&nbsp;EXTI0_IRQHandler
</UL>

<P><STRONG><a name="[10b]"></a>SDA_In</STRONG> (Thumb, 28 bytes, Stack size 8 bytes, mma7660fc.o(i.SDA_In))
<BR><BR>[Stack]<UL><LI>Max Depth = 32<LI>Call Chain = SDA_In &rArr; GPIO_Init
</UL>
<BR>[Calls]<UL><LI><a href="#[81]">&gt;&gt;</a>&nbsp;&nbsp;&nbsp;GPIO_Init
</UL>
<BR>[Called By]<UL><LI><a href="#[110]">&gt;&gt;</a>&nbsp;&nbsp;&nbsp;I2C_W
<LI><a href="#[10a]">&gt;&gt;</a>&nbsp;&nbsp;&nbsp;I2C_R
</UL>

<P><STRONG><a name="[10d]"></a>SDA_Out</STRONG> (Thumb, 28 bytes, Stack size 8 bytes, mma7660fc.o(i.SDA_Out))
<BR><BR>[Stack]<UL><LI>Max Depth = 32<LI>Call Chain = SDA_Out &rArr; GPIO_Init
</UL>
<BR>[Calls]<UL><LI><a href="#[81]">&gt;&gt;</a>&nbsp;&nbsp;&nbsp;GPIO_Init
</UL>
<BR>[Called By]<UL><LI><a href="#[110]">&gt;&gt;</a>&nbsp;&nbsp;&nbsp;I2C_W
<LI><a href="#[10a]">&gt;&gt;</a>&nbsp;&nbsp;&nbsp;I2C_R
</UL>

<P><STRONG><a name="[123]"></a>Write_Reg</STRONG> (Thumb, 34 bytes, Stack size 16 bytes, mma7660fc.o(i.Write_Reg))
<BR><BR>[Stack]<UL><LI>Max Depth = 64<LI>Call Chain = Write_Reg &rArr; I2C_W &rArr; SDA_Out &rArr; GPIO_Init
</UL>
<BR>[Calls]<UL><LI><a href="#[110]">&gt;&gt;</a>&nbsp;&nbsp;&nbsp;I2C_W
<LI><a href="#[10f]">&gt;&gt;</a>&nbsp;&nbsp;&nbsp;I2C_Stop
<LI><a href="#[10e]">&gt;&gt;</a>&nbsp;&nbsp;&nbsp;I2C_Start
</UL>
<BR>[Called By]<UL><LI><a href="#[125]">&gt;&gt;</a>&nbsp;&nbsp;&nbsp;MMA7660FC_Standby
<LI><a href="#[122]">&gt;&gt;</a>&nbsp;&nbsp;&nbsp;MMA7660FC_Init
</UL>

<P><STRONG><a name="[fb]"></a>sentencePlay</STRONG> (Thumb, 28 bytes, Stack size 8 bytes, sentence.o(i.sentencePlay))
<BR><BR>[Stack]<UL><LI>Max Depth = 136 + In Cycle
<LI>Call Chain = sentencePlay &rArr;  stCheck (Cycle)
</UL>
<BR>[Calls]<UL><LI><a href="#[135]">&gt;&gt;</a>&nbsp;&nbsp;&nbsp;stCheck
<LI><a href="#[193]">&gt;&gt;</a>&nbsp;&nbsp;&nbsp;stOpenSentence
</UL>
<BR>[Called By]<UL><LI><a href="#[52]">&gt;&gt;</a>&nbsp;&nbsp;&nbsp;GEA_PlaySpeech
<LI><a href="#[135]">&gt;&gt;</a>&nbsp;&nbsp;&nbsp;stCheck
</UL>

<P><STRONG><a name="[1a0]"></a>stFillBuf</STRONG> (Thumb, 76 bytes, Stack size 16 bytes, sentence.o(i.stFillBuf))
<BR><BR>[Stack]<UL><LI>Max Depth = 112<LI>Call Chain = stFillBuf &rArr; GetResourceData &rArr; File_Read &rArr; Flash_Read &rArr; Flash_Wait_Done &rArr; F_DB_Out &rArr; GPIO_Init
</UL>
<BR>[Calls]<UL><LI><a href="#[d9]">&gt;&gt;</a>&nbsp;&nbsp;&nbsp;GetResourceData
<LI><a href="#[108]">&gt;&gt;</a>&nbsp;&nbsp;&nbsp;GetResourceAddr
</UL>
<BR>[Called By]<UL><LI><a href="#[135]">&gt;&gt;</a>&nbsp;&nbsp;&nbsp;stCheck
</UL>

<P><STRONG><a name="[193]"></a>stOpenSentence</STRONG> (Thumb, 104 bytes, Stack size 32 bytes, sentence.o(i.stOpenSentence))
<BR><BR>[Stack]<UL><LI>Max Depth = 128<LI>Call Chain = stOpenSentence &rArr; GetResourceData &rArr; File_Read &rArr; Flash_Read &rArr; Flash_Wait_Done &rArr; F_DB_Out &rArr; GPIO_Init
</UL>
<BR>[Calls]<UL><LI><a href="#[d9]">&gt;&gt;</a>&nbsp;&nbsp;&nbsp;GetResourceData
<LI><a href="#[108]">&gt;&gt;</a>&nbsp;&nbsp;&nbsp;GetResourceAddr
</UL>
<BR>[Called By]<UL><LI><a href="#[135]">&gt;&gt;</a>&nbsp;&nbsp;&nbsp;stCheck
<LI><a href="#[fb]">&gt;&gt;</a>&nbsp;&nbsp;&nbsp;sentencePlay
</UL>

<P><STRONG><a name="[141]"></a>fifo_read_buf</STRONG> (Thumb, 40 bytes, Stack size 24 bytes, singlewireslave.o(i.fifo_read_buf))
<BR><BR>[Stack]<UL><LI>Max Depth = 24<LI>Call Chain = fifo_read_buf
</UL>
<BR>[Calls]<UL><LI><a href="#[c1]">&gt;&gt;</a>&nbsp;&nbsp;&nbsp;fifo_read_byte
</UL>
<BR>[Called By]<UL><LI><a href="#[140]">&gt;&gt;</a>&nbsp;&nbsp;&nbsp;SWS_ReadBytes
</UL>

<P><STRONG><a name="[c1]"></a>fifo_read_byte</STRONG> (Thumb, 44 bytes, Stack size 0 bytes, singlewireslave.o(i.fifo_read_byte))
<BR><BR>[Called By]<UL><LI><a href="#[142]">&gt;&gt;</a>&nbsp;&nbsp;&nbsp;SWS_SendBytes
<LI><a href="#[32]">&gt;&gt;</a>&nbsp;&nbsp;&nbsp;EXTI15_10_IRQHandler
<LI><a href="#[141]">&gt;&gt;</a>&nbsp;&nbsp;&nbsp;fifo_read_buf
</UL>

<P><STRONG><a name="[13f]"></a>fifo_reset</STRONG> (Thumb, 10 bytes, Stack size 0 bytes, singlewireslave.o(i.fifo_reset))
<BR><BR>[Called By]<UL><LI><a href="#[fe]">&gt;&gt;</a>&nbsp;&nbsp;&nbsp;SWS_Init
</UL>

<P><STRONG><a name="[13e]"></a>fifo_set_buf</STRONG> (Thumb, 6 bytes, Stack size 0 bytes, singlewireslave.o(i.fifo_set_buf))
<BR><BR>[Called By]<UL><LI><a href="#[fe]">&gt;&gt;</a>&nbsp;&nbsp;&nbsp;SWS_Init
</UL>

<P><STRONG><a name="[143]"></a>fifo_write_buf</STRONG> (Thumb, 32 bytes, Stack size 24 bytes, singlewireslave.o(i.fifo_write_buf))
<BR><BR>[Stack]<UL><LI>Max Depth = 24<LI>Call Chain = fifo_write_buf
</UL>
<BR>[Calls]<UL><LI><a href="#[c0]">&gt;&gt;</a>&nbsp;&nbsp;&nbsp;fifo_write_byte
</UL>
<BR>[Called By]<UL><LI><a href="#[142]">&gt;&gt;</a>&nbsp;&nbsp;&nbsp;SWS_SendBytes
</UL>

<P><STRONG><a name="[c0]"></a>fifo_write_byte</STRONG> (Thumb, 44 bytes, Stack size 0 bytes, singlewireslave.o(i.fifo_write_byte))
<BR><BR>[Called By]<UL><LI><a href="#[32]">&gt;&gt;</a>&nbsp;&nbsp;&nbsp;EXTI15_10_IRQHandler
<LI><a href="#[143]">&gt;&gt;</a>&nbsp;&nbsp;&nbsp;fifo_write_buf
</UL>

<P><STRONG><a name="[bc]"></a>set_mode</STRONG> (Thumb, 44 bytes, Stack size 16 bytes, singlewireslave.o(i.set_mode))
<BR><BR>[Stack]<UL><LI>Max Depth = 40<LI>Call Chain = set_mode &rArr; GPIO_Init
</UL>
<BR>[Calls]<UL><LI><a href="#[81]">&gt;&gt;</a>&nbsp;&nbsp;&nbsp;GPIO_Init
</UL>
<BR>[Called By]<UL><LI><a href="#[fe]">&gt;&gt;</a>&nbsp;&nbsp;&nbsp;SWS_Init
<LI><a href="#[32]">&gt;&gt;</a>&nbsp;&nbsp;&nbsp;EXTI15_10_IRQHandler
</UL>

<P><STRONG><a name="[6e]"></a>ADC1_Configuration</STRONG> (Thumb, 168 bytes, Stack size 24 bytes, recev.o(i.ADC1_Configuration))
<BR><BR>[Stack]<UL><LI>Max Depth = 44<LI>Call Chain = ADC1_Configuration &rArr; ADC_RegularChannelConfig
</UL>
<BR>[Calls]<UL><LI><a href="#[6f]">&gt;&gt;</a>&nbsp;&nbsp;&nbsp;RCC_APB2PeriphClockCmd
<LI><a href="#[71]">&gt;&gt;</a>&nbsp;&nbsp;&nbsp;ADC_DeInit
<LI><a href="#[74]">&gt;&gt;</a>&nbsp;&nbsp;&nbsp;ADC_DMACmd
<LI><a href="#[70]">&gt;&gt;</a>&nbsp;&nbsp;&nbsp;RCC_ADCCLKConfig
<LI><a href="#[78]">&gt;&gt;</a>&nbsp;&nbsp;&nbsp;ADC_StartCalibration
<LI><a href="#[76]">&gt;&gt;</a>&nbsp;&nbsp;&nbsp;ADC_ResetCalibration
<LI><a href="#[73]">&gt;&gt;</a>&nbsp;&nbsp;&nbsp;ADC_RegularChannelConfig
<LI><a href="#[72]">&gt;&gt;</a>&nbsp;&nbsp;&nbsp;ADC_Init
<LI><a href="#[77]">&gt;&gt;</a>&nbsp;&nbsp;&nbsp;ADC_GetResetCalibrationStatus
<LI><a href="#[79]">&gt;&gt;</a>&nbsp;&nbsp;&nbsp;ADC_GetCalibrationStatus
<LI><a href="#[75]">&gt;&gt;</a>&nbsp;&nbsp;&nbsp;ADC_Cmd
</UL>
<BR>[Called By]<UL><LI><a href="#[ae]">&gt;&gt;</a>&nbsp;&nbsp;&nbsp;getsample
</UL>

<P><STRONG><a name="[af]"></a>DMA_Configuration</STRONG> (Thumb, 118 bytes, Stack size 56 bytes, recev.o(i.DMA_Configuration))
<BR><BR>[Stack]<UL><LI>Max Depth = 72<LI>Call Chain = DMA_Configuration &rArr; NVIC_Init
</UL>
<BR>[Calls]<UL><LI><a href="#[99]">&gt;&gt;</a>&nbsp;&nbsp;&nbsp;NVIC_Init
<LI><a href="#[b0]">&gt;&gt;</a>&nbsp;&nbsp;&nbsp;RCC_AHBPeriphClockCmd
<LI><a href="#[b2]">&gt;&gt;</a>&nbsp;&nbsp;&nbsp;DMA_Init
<LI><a href="#[b3]">&gt;&gt;</a>&nbsp;&nbsp;&nbsp;DMA_ITConfig
<LI><a href="#[b1]">&gt;&gt;</a>&nbsp;&nbsp;&nbsp;DMA_DeInit
</UL>
<BR>[Called By]<UL><LI><a href="#[ae]">&gt;&gt;</a>&nbsp;&nbsp;&nbsp;getsample
</UL>

<P><STRONG><a name="[107]"></a>GPIO_Configuration</STRONG> (Thumb, 38 bytes, Stack size 8 bytes, recev.o(i.GPIO_Configuration))
<BR><BR>[Stack]<UL><LI>Max Depth = 32<LI>Call Chain = GPIO_Configuration &rArr; GPIO_Init
</UL>
<BR>[Calls]<UL><LI><a href="#[6f]">&gt;&gt;</a>&nbsp;&nbsp;&nbsp;RCC_APB2PeriphClockCmd
<LI><a href="#[81]">&gt;&gt;</a>&nbsp;&nbsp;&nbsp;GPIO_Init
</UL>
<BR>[Called By]<UL><LI><a href="#[191]">&gt;&gt;</a>&nbsp;&nbsp;&nbsp;recev_Init
</UL>

<P><STRONG><a name="[ae]"></a>getsample</STRONG> (Thumb, 78 bytes, Stack size 16 bytes, recev.o(i.getsample))
<BR><BR>[Stack]<UL><LI>Max Depth = 88<LI>Call Chain = getsample &rArr; DMA_Configuration &rArr; NVIC_Init
</UL>
<BR>[Calls]<UL><LI><a href="#[169]">&gt;&gt;</a>&nbsp;&nbsp;&nbsp;DMA_Cmd
<LI><a href="#[af]">&gt;&gt;</a>&nbsp;&nbsp;&nbsp;DMA_Configuration
<LI><a href="#[6e]">&gt;&gt;</a>&nbsp;&nbsp;&nbsp;ADC1_Configuration
<LI><a href="#[82]">&gt;&gt;</a>&nbsp;&nbsp;&nbsp;ADC_SoftwareStartConvCmd
</UL>
<BR>[Called By]<UL><LI><a href="#[16d]">&gt;&gt;</a>&nbsp;&nbsp;&nbsp;recevcheck
<LI><a href="#[191]">&gt;&gt;</a>&nbsp;&nbsp;&nbsp;recev_Init
<LI><a href="#[15]">&gt;&gt;</a>&nbsp;&nbsp;&nbsp;DMA1_Channel1_IRQHandler
</UL>

<P><STRONG><a name="[192]"></a>sort</STRONG> (Thumb, 56 bytes, Stack size 20 bytes, recev.o(i.sort))
<BR><BR>[Stack]<UL><LI>Max Depth = 20<LI>Call Chain = sort
</UL>
<BR>[Called By]<UL><LI><a href="#[16d]">&gt;&gt;</a>&nbsp;&nbsp;&nbsp;recevcheck
</UL>

<P><STRONG><a name="[ea]"></a>i2c_Delay</STRONG> (Thumb, 16 bytes, Stack size 0 bytes, gd62429.o(i.i2c_Delay))
<BR><BR>[Called By]<UL><LI><a href="#[e9]">&gt;&gt;</a>&nbsp;&nbsp;&nbsp;GD_I2C_W
</UL>

<P><STRONG><a name="[14f]"></a>SetSysClock</STRONG> (Thumb, 8 bytes, Stack size 8 bytes, system_stm32f10x.o(i.SetSysClock))
<BR><BR>[Stack]<UL><LI>Max Depth = 20<LI>Call Chain = SetSysClock &rArr; SetSysClockTo72
</UL>
<BR>[Calls]<UL><LI><a href="#[150]">&gt;&gt;</a>&nbsp;&nbsp;&nbsp;SetSysClockTo72
</UL>
<BR>[Called By]<UL><LI><a href="#[47]">&gt;&gt;</a>&nbsp;&nbsp;&nbsp;SystemInit
</UL>

<P><STRONG><a name="[150]"></a>SetSysClockTo72</STRONG> (Thumb, 214 bytes, Stack size 12 bytes, system_stm32f10x.o(i.SetSysClockTo72))
<BR><BR>[Stack]<UL><LI>Max Depth = 12<LI>Call Chain = SetSysClockTo72
</UL>
<BR>[Called By]<UL><LI><a href="#[14f]">&gt;&gt;</a>&nbsp;&nbsp;&nbsp;SetSysClock
</UL>

<P><STRONG><a name="[8a]"></a>CMOS_InitReg</STRONG> (Thumb, 8 bytes, Stack size 0 bytes, cmos.o(i.CMOS_InitReg))
<BR><BR>[Called By]<UL><LI><a href="#[87]">&gt;&gt;</a>&nbsp;&nbsp;&nbsp;CMOS_Initialization
</UL>

<P><STRONG><a name="[88]"></a>CMOS_SetSystemClock</STRONG> (Thumb, 106 bytes, Stack size 8 bytes, cmos.o(i.CMOS_SetSystemClock))
<BR><BR>[Stack]<UL><LI>Max Depth = 32<LI>Call Chain = CMOS_SetSystemClock &rArr; RCC_WaitForHSEStartUp &rArr; RCC_GetFlagStatus
</UL>
<BR>[Calls]<UL><LI><a href="#[8e]">&gt;&gt;</a>&nbsp;&nbsp;&nbsp;RCC_WaitForHSEStartUp
<LI><a href="#[97]">&gt;&gt;</a>&nbsp;&nbsp;&nbsp;RCC_SYSCLKConfig
<LI><a href="#[94]">&gt;&gt;</a>&nbsp;&nbsp;&nbsp;RCC_PLLConfig
<LI><a href="#[95]">&gt;&gt;</a>&nbsp;&nbsp;&nbsp;RCC_PLLCmd
<LI><a href="#[92]">&gt;&gt;</a>&nbsp;&nbsp;&nbsp;RCC_PCLK2Config
<LI><a href="#[93]">&gt;&gt;</a>&nbsp;&nbsp;&nbsp;RCC_PCLK1Config
<LI><a href="#[8d]">&gt;&gt;</a>&nbsp;&nbsp;&nbsp;RCC_HSEConfig
<LI><a href="#[91]">&gt;&gt;</a>&nbsp;&nbsp;&nbsp;RCC_HCLKConfig
<LI><a href="#[98]">&gt;&gt;</a>&nbsp;&nbsp;&nbsp;RCC_GetSYSCLKSource
<LI><a href="#[96]">&gt;&gt;</a>&nbsp;&nbsp;&nbsp;RCC_GetFlagStatus
<LI><a href="#[8c]">&gt;&gt;</a>&nbsp;&nbsp;&nbsp;RCC_DeInit
<LI><a href="#[90]">&gt;&gt;</a>&nbsp;&nbsp;&nbsp;FLASH_SetLatency
<LI><a href="#[8f]">&gt;&gt;</a>&nbsp;&nbsp;&nbsp;FLASH_PrefetchBufferCmd
</UL>
<BR>[Called By]<UL><LI><a href="#[87]">&gt;&gt;</a>&nbsp;&nbsp;&nbsp;CMOS_Initialization
</UL>

<P><STRONG><a name="[8b]"></a>CMOS_Timer2Config</STRONG> (Thumb, 102 bytes, Stack size 24 bytes, cmos.o(i.CMOS_Timer2Config))
<BR><BR>[Stack]<UL><LI>Max Depth = 40<LI>Call Chain = CMOS_Timer2Config &rArr; NVIC_Init
</UL>
<BR>[Calls]<UL><LI><a href="#[9a]">&gt;&gt;</a>&nbsp;&nbsp;&nbsp;RCC_APB1PeriphClockCmd
<LI><a href="#[99]">&gt;&gt;</a>&nbsp;&nbsp;&nbsp;NVIC_Init
<LI><a href="#[9e]">&gt;&gt;</a>&nbsp;&nbsp;&nbsp;TIM_Cmd
<LI><a href="#[9c]">&gt;&gt;</a>&nbsp;&nbsp;&nbsp;TIM_ClearFlag
<LI><a href="#[9b]">&gt;&gt;</a>&nbsp;&nbsp;&nbsp;TIM_TimeBaseInit
<LI><a href="#[9d]">&gt;&gt;</a>&nbsp;&nbsp;&nbsp;TIM_ITConfig
</UL>
<BR>[Called By]<UL><LI><a href="#[87]">&gt;&gt;</a>&nbsp;&nbsp;&nbsp;CMOS_Initialization
</UL>

<P><STRONG><a name="[18e]"></a>pcm_Init_Shutdown_Pin</STRONG> (Thumb, 50 bytes, Stack size 8 bytes, pcm.o(i.pcm_Init_Shutdown_Pin))
<BR><BR>[Stack]<UL><LI>Max Depth = 32<LI>Call Chain = pcm_Init_Shutdown_Pin &rArr; GPIO_Init
</UL>
<BR>[Calls]<UL><LI><a href="#[6f]">&gt;&gt;</a>&nbsp;&nbsp;&nbsp;RCC_APB2PeriphClockCmd
<LI><a href="#[81]">&gt;&gt;</a>&nbsp;&nbsp;&nbsp;GPIO_Init
</UL>
<BR>[Called By]<UL><LI><a href="#[159]">&gt;&gt;</a>&nbsp;&nbsp;&nbsp;pcm_Init
</UL>
<P>
<H3>
Undefined Global Symbols
</H3><HR></body></html>
