<html>
<body>
<pre>
<h1>µVision Build Log</h1>
<h2>Project:</h2>
D:\xiaomu_proj_20171009\xiaomu2018_1_16\SlaveÉùÒôµ÷½Ú\Project\Recev_slaver.uvproj
Project File Date:  01/23/2018

<h2>Output:</h2>
Build target 'SLAVER'
compiling xiaomu.c...
..\APP\xiaomu.c(96): warning:  #177-D: variable "speech" was declared but never referenced
        Speech_Arg speech;
..\APP\xiaomu.c(396): warning:  #550-D: variable "speech" was set but never used
        Speech_Arg speech;
..\APP\xiaomu.c: 2 warnings, 0 errors
linking...
Program Size: Code=26824 RO-data=580 RW-data=9040 ZI-data=56224  
FromELF: creating hex file...
After Build - User command #1: fromelf.exe --bin -o ..\Output\Recevslaver.bin ..\Output\Recevslaver.axf
"..\Output\Recevslaver.axf": Error: Q0122E: Could not open file '..\Output\Recevslaver.axf': No such file or directory
Finished: 0 information, 0 warning and 1 error messages.
"..\Output_recev\Recevslaver.axf" - 0 Error(s), 2 Warning(s).
</pre>
</body>
</html>
