Product: MDK-ARM Professional 5.10
Component: ARM Compiler 5.04 update 1 (build 49)
Tool: armlink [5040049]

==============================================================================

Section Cross References

    startup_stm32f10x_hd.o(RESET) refers to startup_stm32f10x_hd.o(STACK) for __initial_sp
    startup_stm32f10x_hd.o(RESET) refers to startup_stm32f10x_hd.o(.text) for Reset_Handler
    startup_stm32f10x_hd.o(RESET) refers to mma7660fc.o(i.EXTI0_IRQHandler) for EXTI0_IRQHandler
    startup_stm32f10x_hd.o(RESET) refers to recev.o(i.DMA1_Channel1_IRQHandler) for DMA1_Channel1_IRQHandler
    startup_stm32f10x_hd.o(RESET) refers to nrf24l01.o(i.EXTI9_5_IRQHandler) for EXTI9_5_IRQHandler
    startup_stm32f10x_hd.o(RESET) refers to stm32f10x_it.o(i.TIM2_IRQHandler) for TIM2_IRQHandler
    startup_stm32f10x_hd.o(RESET) refers to pcm.o(i.TIM3_IRQHandler) for TIM3_IRQHandler
    startup_stm32f10x_hd.o(RESET) refers to singlewireslave.o(i.EXTI15_10_IRQHandler) for EXTI15_10_IRQHandler
    startup_stm32f10x_hd.o(.text) refers to system_stm32f10x.o(i.SystemInit) for SystemInit
    startup_stm32f10x_hd.o(.text) refers to entry.o(.ARM.Collect$$$$00000000) for __main
    main.o(i.main) refers to xiaomu.o(i.slaver_main) for slaver_main
    stm32f10x_it.o(i.TIM2_IRQHandler) refers to stm32f10x_tim.o(i.TIM_GetITStatus) for TIM_GetITStatus
    stm32f10x_it.o(i.TIM2_IRQHandler) refers to stm32f10x_tim.o(i.TIM_ClearITPendingBit) for TIM_ClearITPendingBit
    stm32f10x_it.o(i.TIM2_IRQHandler) refers to cmos.o(i.CMOS_TimerProcess) for CMOS_TimerProcess
    stm32f10x_it.o(i.TIM2_IRQHandler) refers to motor.o(i.Motor_Check) for Motor_Check
    xiaomu.o(i.GEA_PowerOff) refers to xiaomu.o(i.slaverpowerOff) for slaverpowerOff
    xiaomu.o(i.GEA_Transport) refers to xiaomu.o(i.slaverpowerOff) for slaverpowerOff
    xiaomu.o(i.G_CallFuntion) refers to genginecfg.o(.constdata) for TB_GE_MsgApiInfo
    xiaomu.o(i.SW_Check) refers to memseta.o(.text) for __aeabi_memclr4
    xiaomu.o(i.SW_Check) refers to singlewireslave.o(i.SWS_BytesToRead) for SWS_BytesToRead
    xiaomu.o(i.SW_Check) refers to singlewireslave.o(i.SWS_getBytes) for SWS_getBytes
    xiaomu.o(i.SW_Check) refers to singlewireslave.o(i.SWS_ReadBytes) for SWS_ReadBytes
    xiaomu.o(i.SW_Check) refers to config.o(i.nRF_getAddr) for nRF_getAddr
    xiaomu.o(i.SW_Check) refers to singlewireslave.o(i.SWS_SendBytes) for SWS_SendBytes
    xiaomu.o(i.SW_Check) refers to config.o(i.nRF_setAddr) for nRF_setAddr
    xiaomu.o(i.SW_Check) refers to config.o(i.readSlaverID) for readSlaverID
    xiaomu.o(i.SW_Check) refers to config.o(i.WriteSlaverID) for WriteSlaverID
    xiaomu.o(i.SW_Check) refers to cmos.o(i.mDelay) for mDelay
    xiaomu.o(i.SW_Check) refers to config.o(i.Resetproisok) for Resetproisok
    xiaomu.o(i.SW_Check) refers to startup_stm32f10x_hd.o(.text) for SystemReset
    xiaomu.o(i.SW_Check) refers to cmos.o(i.CMOS_GetTimer) for CMOS_GetTimer
    xiaomu.o(i.SW_Check) refers to oneline.o(i.ONELINE_Init) for ONELINE_Init
    xiaomu.o(i.SW_Check) refers to nrf24l01.o(i.nRF_TxSetRP1P2) for nRF_TxSetRP1P2
    xiaomu.o(i.SW_Check) refers to singlewireslave.o(.data) for _send_buf
    xiaomu.o(i.checkpower) refers to battery.o(i.Bat_GetAD) for Bat_GetAD
    xiaomu.o(i.checkpower) refers to display.o(i.Display_Initialization) for Display_Initialization
    xiaomu.o(i.checkpower) refers to display.o(i.Console_Open) for Console_Open
    xiaomu.o(i.checkpower) refers to stm32f10x_iwdg.o(i.IWDG_ReloadCounter) for IWDG_ReloadCounter
    xiaomu.o(i.checkpower) refers to cmos.o(i.mDelay) for mDelay
    xiaomu.o(i.checkpower) refers to cmos.o(i.CMOS_GetTimer) for CMOS_GetTimer
    xiaomu.o(i.checkpower) refers to battery.o(i.Bat_IsChargForSlave) for Bat_IsChargForSlave
    xiaomu.o(i.checkpower) refers to cmos.o(i.CMOS_GetTimerCount) for CMOS_GetTimerCount
    xiaomu.o(i.checkpower) refers to xiaomu.o(i.shutdown) for shutdown
    xiaomu.o(i.checkpower) refers to battery.o(i.Bat_IsCharging) for Bat_IsCharging
    xiaomu.o(i.checkpower) refers to xiaomu.o(.data) for powersum
    xiaomu.o(i.initionNRF) refers to nrf.o(i.nRF_Initialization) for nRF_Initialization
    xiaomu.o(i.initionNRF) refers to config.o(i.nRF_updateAddr) for nRF_updateAddr
    xiaomu.o(i.initionNRF) refers to hardware.o(i.hardware_main) for hardware_main
    xiaomu.o(i.initionNRF) refers to nrf24l01.o(i.nRF_InitReg) for nRF_InitReg
    xiaomu.o(i.initionNRF) refers to nrf24l01.o(i.nRF_EXTIcfg) for nRF_EXTIcfg
    xiaomu.o(i.initionNRF) refers to nrf24l01.o(i.nRF_RecieveMode) for nRF_RecieveMode
    xiaomu.o(i.nRF_IRQHandler) refers to cmos.o(i.ClrAutoPowerOff) for ClrAutoPowerOff
    xiaomu.o(i.nRF_IRQHandler) refers to nrf24l01.o(i.nRF_ReadRxBuffer) for nRF_ReadRxBuffer
    xiaomu.o(i.nRF_IRQHandler) refers to nrf24l01.o(i.get_NRF_RSSI) for get_NRF_RSSI
    xiaomu.o(i.nRF_IRQHandler) refers to display.o(i.ClearGraphLayer) for ClearGraphLayer
[...]
    .constdata                               0x0800a9f8   Section       60  hardware.o(.constdata)
    .constdata                               0x0800aa34   Section      184  genginecfg.o(.constdata)
    .data                                    0x20000000   Section       45  xiaomu.o(.data)
    forcnt                                   0x20000010   Data           4  xiaomu.o(.data)
    ppid                                     0x20000014   Data           1  xiaomu.o(.data)
    data_pid                                 0x2000002c   Data           1  xiaomu.o(.data)
    .data                                    0x20000030   Section     4112  display.o(.data)
    displayisinit                            0x20001031   Data           1  display.o(.data)
    DisplayFLAG                              0x20001034   Data           4  display.o(.data)
    R_ConsoleReg                             0x20001038   Data           8  display.o(.data)
    .data                                    0x20001040   Section        8  nrf.o(.data)
    .data                                    0x20001048   Section       20  g-sensor.o(.data)
    g_x                                      0x20001048   Data           1  g-sensor.o(.data)
    g_y                                      0x20001049   Data           1  g-sensor.o(.data)
    g_z                                      0x2000104a   Data           1  g-sensor.o(.data)
    g_box_x                                  0x2000104b   Data           1  g-sensor.o(.data)
    g_box_y                                  0x2000104c   Data           1  g-sensor.o(.data)
    g_box_z                                  0x2000104d   Data           1  g-sensor.o(.data)
    g_ss                                     0x20001050   Data           8  g-sensor.o(.data)
    last_shake_time                          0x20001058   Data           4  g-sensor.o(.data)
    .data                                    0x2000105c   Section        7  nrf24l01.o(.data)
    .data                                    0x20001063   Section        1  lcd.o(.data)
    lcdstatu                                 0x20001063   Data           1  lcd.o(.data)
    .data                                    0x20001064   Section        8  motor.o(.data)
    MotorFlag                                0x20001064   Data           1  motor.o(.data)
    motor_timer                              0x20001068   Data           4  motor.o(.data)
    .data                                    0x2000106c   Section      180  mma7660fc.o(.data)
    _x                                       0x2000106c   Data           1  mma7660fc.o(.data)
    _y                                       0x2000106d   Data           1  mma7660fc.o(.data)
    _z                                       0x2000106e   Data           1  mma7660fc.o(.data)
    _xyz_state                               0x2000106f   Data           1  mma7660fc.o(.data)
    _index                                   0x20001070   Data           4  mma7660fc.o(.data)
    _g_value                                 0x20001074   Data         132  mma7660fc.o(.data)
    _angle                                   0x200010f8   Data          33  mma7660fc.o(.data)
    .data                                    0x20001120   Section        8  sentence.o(.data)
    st_voiceIndex                            0x20001120   Data           1  sentence.o(.data)
    st_varIndex                              0x20001121   Data           1  sentence.o(.data)
    st_listIndex                             0x20001122   Data           1  sentence.o(.data)
    st_SentenceIndex                         0x20001123   Data           1  sentence.o(.data)
    st_stStatus                              0x20001124   Data           2  sentence.o(.data)
    playplindex                              0x20001126   Data           2  sentence.o(.data)
    .data                                    0x20001128   Section        4  battery.o(.data)
    cache                                    0x20001128   Data           4  battery.o(.data)
    .data                                    0x2000112c   Section       34  singlewireslave.o(.data)
    _send_byte                               0x20001140   Data           1  singlewireslave.o(.data)
    _recv_byte                               0x20001141   Data           1  singlewireslave.o(.data)
    _last_time                               0x20001144   Data           4  singlewireslave.o(.data)
    _tmp                                     0x20001148   Data           4  singlewireslave.o(.data)
    _count_of_rising_edge                    0x2000114c   Data           1  singlewireslave.o(.data)
    _count_of_recv_bit                       0x2000114d   Data           1  singlewireslave.o(.data)
    .data                                    0x20001150   Section       12  cmos.o(.data)
    .data                                    0x2000115c   Section     4152  audio.o(.data)
    voice                                    0x2000115c   Data        2076  audio.o(.data)
    bgm                                      0x20001978   Data        2076  audio.o(.data)
    .data                                    0x20002194   Section       22  pcm.o(.data)
    pcm_buf1                                 0x20002194   Data           4  pcm.o(.data)
    pcm_buf2                                 0x20002198   Data           4  pcm.o(.data)
    pcm_bufp                                 0x2000219c   Data           4  pcm.o(.data)
    pcm_index                                0x200021a0   Data           2  pcm.o(.data)
    pcm_isopen                               0x200021a4   Data           4  pcm.o(.data)
    testdata                                 0x200021a8   Data           2  pcm.o(.data)
    .data                                    0x200021ac   Section      420  adpcm.o(.data)
    indexTable                               0x200021ac   Data          64  adpcm.o(.data)
    stepsizeTable                            0x200021ec   Data         356  adpcm.o(.data)
    .bss                                     0x20002350   Section     8192  xiaomu.o(.bss)
    .bss                                     0x20004350   Section    33152  display.o(.bss)
    g_graphs                                 0x20004350   Data         384  display.o(.bss)
    R_DisplayBuffer                          0x200044d0   Data       32768  display.o(.bss)
    .bss                                     0x2000c4d0   Section       56  file.o(.bss)
    str_data_base                            0x2000c4d0   Data          28  file.o(.bss)
    str_game_base                            0x2000c4ec   Data          28  file.o(.bss)
    .bss                                     0x2000c508   Section      480  nrf.o(.bss)
    .bss                                     0x2000c6e8   Section       28  config.o(.bss)
    conf                                     0x2000c6e8   Data          28  config.o(.bss)
    .bss                                     0x2000c704   Section      400  hdr.o(.bss)
    players                                  0x2000c704   Data         400  hdr.o(.bss)
    .bss                                     0x2000c894   Section       90  mma7660fc.o(.bss)
    _x_buf                                   0x2000c894   Data          30  mma7660fc.o(.bss)
    _y_buf                                   0x2000c8b2   Data          30  mma7660fc.o(.bss)
    _z_buf                                   0x2000c8d0   Data          30  mma7660fc.o(.bss)
    .bss                                     0x2000c8f0   Section       72  sentence.o(.bss)
    st_voiceidBuf                            0x2000c8f0   Data          16  sentence.o(.bss)
    st_varBuf                                0x2000c900   Data          16  sentence.o(.bss)
    st_listBuf                               0x2000c910   Data          16  sentence.o(.bss)
    st_sentenceBuf                           0x2000c920   Data          24  sentence.o(.bss)
    .bss                                     0x2000c938   Section       60  singlewireslave.o(.bss)
    _recv                                    0x2000c938   Data          20  singlewireslave.o(.bss)
    _send                                    0x2000c94c   Data          20  singlewireslave.o(.bss)
    _recv_buf                                0x2000c960   Data          20  singlewireslave.o(.bss)
    .bss                                     0x2000c974   Section     2424  recev.o(.bss)
    myrecev                                  0x2000c974   Data        2394  recev.o(.bss)
    nearsensor                               0x2000d2d0   Data          28  recev.o(.bss)
    .bss                                     0x2000d2ec   Section     8196  audio.o(.bss)
    mixer                                    0x2000d2ec   Data        8196  audio.o(.bss)
    STACK                                    0x2000f2f0   Section     3072  startup_stm32f10x_hd.o(STACK)

    Global Symbols

    Symbol Name                              Value     Ov Type        Size  Object(Section)

    BuildAttributes$$THM_ISAv4$P$D$K$B$S$PE$A:L22UL41UL21$X:L11$S22US41US21$IEEE1$IW$USESV6$~STKCKD$USESV7$~SHL$OTIME$ROPI$EBA8$MICROLIB$REQ8$PRES8$EABIv2 0x00000000   Number         0  anon$$obj.o ABSOLUTE
    __ARM_use_no_argv                        0x00000000   Number         0  main.o ABSOLUTE
    __cpp_initialize__aeabi_                  - Undefined Weak Reference
    __cxa_finalize                            - Undefined Weak Reference
    _clock_init                               - Undefined Weak Reference
    _microlib_exit                            - Undefined Weak Reference
    __Vectors_Size                           0x00000130   Number         0  startup_stm32f10x_hd.o ABSOLUTE
    __Vectors                                0x08004000   Data           4  startup_stm32f10x_hd.o(RESET)
    __Vectors_End                            0x08004130   Data           0  startup_stm32f10x_hd.o(RESET)
    __main                                   0x08004131   Thumb Code     0  entry.o(.ARM.Collect$$$$00000000)
    _main_stk                                0x08004131   Thumb Code     0  entry2.o(.ARM.Collect$$$$00000001)
    _main_scatterload                        0x08004135   Thumb Code     0  entry5.o(.ARM.Collect$$$$00000004)
    __main_after_scatterload                 0x08004139   Thumb Code     0  entry5.o(.ARM.Collect$$$$00000004)
    _main_clock                              0x08004139   Thumb Code     0  entry7b.o(.ARM.Collect$$$$00000008)
    _main_cpp_init                           0x08004139   Thumb Code     0  entry8b.o(.ARM.Collect$$$$0000000A)
    _main_init                               0x08004139   Thumb Code     0  entry9a.o(.ARM.Collect$$$$0000000B)
    __rt_final_cpp                           0x08004141   Thumb Code     0  entry10a.o(.ARM.Collect$$$$0000000D)
    __rt_final_exit                          0x08004141   Thumb Code     0  entry11a.o(.ARM.Collect$$$$0000000F)
    Reset_Handler                            0x08004145   Thumb Code     8  startup_stm32f10x_hd.o(.text)
    NMI_Handler                              0x0800414d   Thumb Code     2  startup_stm32f10x_hd.o(.text)
    HardFault_Handler                        0x0800414f   Thumb Code     2  startup_stm32f10x_hd.o(.text)
    MemManage_Handler                        0x08004151   Thumb Code     2  startup_stm32f10x_hd.o(.text)
    BusFault_Handler                         0x08004153   Thumb Code     2  startup_stm32f10x_hd.o(.text)
    UsageFault_Handler                       0x08004155   Thumb Code     2  startup_stm32f10x_hd.o(.text)
    SVC_Handler                              0x08004157   Thumb Code     2  startup_stm32f10x_hd.o(.text)
    DebugMon_Handler                         0x08004159   Thumb Code     2  startup_stm32f10x_hd.o(.text)
    PendSV_Handler                           0x0800415b   Thumb Code     2  startup_stm32f10x_hd.o(.text)
    SysTick_Handler                          0x0800415d   Thumb Code     2  startup_stm32f10x_hd.o(.text)
    ADC1_2_IRQHandler                        0x0800415f   Thumb Code     0  startup_stm32f10x_hd.o(.text)
    ADC3_IRQHandler                          0x0800415f   Thumb Code     0  startup_stm32f10x_hd.o(.text)
    CAN1_RX1_IRQHandler                      0x0800415f   Thumb Code     0  startup_stm32f10x_hd.o(.text)
    CAN1_SCE_IRQHandler                      0x0800415f   Thumb Code     0  startup_stm32f10x_hd.o(.text)
    DMA1_Channel2_IRQHandler                 0x0800415f   Thumb Code     0  startup_stm32f10x_hd.o(.text)
    DMA1_Channel3_IRQHandler                 0x0800415f   Thumb Code     0  startup_stm32f10x_hd.o(.text)
    DMA1_Channel4_IRQHandler                 0x0800415f   Thumb Code     0  startup_stm32f10x_hd.o(.text)
    DMA1_Channel5_IRQHandler                 0x0800415f   Thumb Code     0  startup_stm32f10x_hd.o(.text)
    DMA1_Channel6_IRQHandler                 0x0800415f   Thumb Code     0  startup_stm32f10x_hd.o(.text)
    DMA1_Channel7_IRQHandler                 0x0800415f   Thumb Code     0  startup_stm32f10x_hd.o(.text)
    DMA2_Channel1_IRQHandler                 0x0800415f   Thumb Code     0  startup_stm32f10x_hd.o(.text)
    DMA2_Channel2_IRQHandler                 0x0800415f   Thumb Code     0  startup_stm32f10x_hd.o(.text)
    DMA2_Channel3_IRQHandler                 0x0800415f   Thumb Code     0  startup_stm32f10x_hd.o(.text)
    DMA2_Channel4_5_IRQHandler               0x0800415f   Thumb Code     0  startup_stm32f10x_hd.o(.text)
    EXTI1_IRQHandler                         0x0800415f   Thumb Code     0  startup_stm32f10x_hd.o(.text)
    EXTI2_IRQHandler                         0x0800415f   Thumb Code     0  startup_stm32f10x_hd.o(.text)
    EXTI3_IRQHandler                         0x0800415f   Thumb Code     0  startup_stm32f10x_hd.o(.text)
    EXTI4_IRQHandler                         0x0800415f   Thumb Code     0  startup_stm32f10x_hd.o(.text)
    FLASH_IRQHandler                         0x0800415f   Thumb Code     0  startup_stm32f10x_hd.o(.text)
    FSMC_IRQHandler                          0x0800415f   Thumb Code     0  startup_stm32f10x_hd.o(.text)
    I2C1_ER_IRQHandler                       0x0800415f   Thumb Code     0  startup_stm32f10x_hd.o(.text)
    I2C1_EV_IRQHandler                       0x0800415f   Thumb Code     0  startup_stm32f10x_hd.o(.text)
    I2C2_ER_IRQHandler                       0x0800415f   Thumb Code     0  startup_stm32f10x_hd.o(.text)
    I2C2_EV_IRQHandler                       0x0800415f   Thumb Code     0  startup_stm32f10x_hd.o(.text)
    PVD_IRQHandler                           0x0800415f   Thumb Code     0  startup_stm32f10x_hd.o(.text)
    RCC_IRQHandler                           0x0800415f   Thumb Code     0  startup_stm32f10x_hd.o(.text)
    RTCAlarm_IRQHandler                      0x0800415f   Thumb Code     0  startup_stm32f10x_hd.o(.text)
    RTC_IRQHandler                           0x0800415f   Thumb Code     0  startup_stm32f10x_hd.o(.text)
    SDIO_IRQHandler                          0x0800415f   Thumb Code     0  startup_stm32f10x_hd.o(.text)
    SPI1_IRQHandler                          0x0800415f   Thumb Code     0  startup_stm32f10x_hd.o(.text)
    SPI2_IRQHandler                          0x0800415f   Thumb Code     0  startup_stm32f10x_hd.o(.text)
    SPI3_IRQHandler                          0x0800415f   Thumb Code     0  startup_stm32f10x_hd.o(.text)
    TAMPER_IRQHandler                        0x0800415f   Thumb Code     0  startup_stm32f10x_hd.o(.text)
    TIM1_BRK_IRQHandler                      0x0800415f   Thumb Code     0  startup_stm32f10x_hd.o(.text)
    TIM1_CC_IRQHandler                       0x0800415f   Thumb Code     0  startup_stm32f10x_hd.o(.text)
    TIM1_TRG_COM_IRQHandler                  0x0800415f   Thumb Code     0  startup_stm32f10x_hd.o(.text)
    TIM1_UP_IRQHandler                       0x0800415f   Thumb Code     0  startup_stm32f10x_hd.o(.text)
    TIM4_IRQHandler                          0x0800415f   Thumb Code     0  startup_stm32f10x_hd.o(.text)
    TIM5_IRQHandler                          0x0800415f   Thumb Code     0  startup_stm32f10x_hd.o(.text)
    TIM6_IRQHandler                          0x0800415f   Thumb Code     0  startup_stm32f10x_hd.o(.text)
    TIM7_IRQHandler                          0x0800415f   Thumb Code     0  startup_stm32f10x_hd.o(.text)
    TIM8_BRK_IRQHandler                      0x0800415f   Thumb Code     0  startup_stm32f10x_hd.o(.text)
    TIM8_CC_IRQHandler                       0x0800415f   Thumb Code     0  startup_stm32f10x_hd.o(.text)
    TIM8_TRG_COM_IRQHandler                  0x0800415f   Thumb Code     0  startup_stm32f10x_hd.o(.text)
    TIM8_UP_IRQHandler                       0x0800415f   Thumb Code     0  startup_stm32f10x_hd.o(.text)
    UART4_IRQHandler                         0x0800415f   Thumb Code     0  startup_stm32f10x_hd.o(.text)
    UART5_IRQHandler                         0x0800415f   Thumb Code     0  startup_stm32f10x_hd.o(.text)
    USART1_IRQHandler                        0x0800415f   Thumb Code     0  startup_stm32f10x_hd.o(.text)
    USART2_IRQHandler                        0x0800415f   Thumb Code     0  startup_stm32f10x_hd.o(.text)
    USART3_IRQHandler                        0x0800415f   Thumb Code     0  startup_stm32f10x_hd.o(.text)
    USBWakeUp_IRQHandler                     0x0800415f   Thumb Code     0  startup_stm32f10x_hd.o(.text)
    USB_HP_CAN1_TX_IRQHandler                0x0800415f   Thumb Code     0  startup_stm32f10x_hd.o(.text)
    USB_LP_CAN1_RX0_IRQHandler               0x0800415f   Thumb Code     0  startup_stm32f10x_hd.o(.text)
    WWDG_IRQHandler                          0x0800415f   Thumb Code     0  startup_stm32f10x_hd.o(.text)
    SystemReset                              0x08004161   Thumb Code    16  startup_stm32f10x_hd.o(.text)
    __aeabi_memcpy                           0x08004181   Thumb Code    36  memcpya.o(.text)
    __aeabi_memcpy4                          0x08004181   Thumb Code     0  memcpya.o(.text)
    __aeabi_memcpy8                          0x08004181   Thumb Code     0  memcpya.o(.text)
    __aeabi_memset                           0x080041a5   Thumb Code    14  memseta.o(.text)
    __aeabi_memset4                          0x080041a5   Thumb Code     0  memseta.o(.text)
    __aeabi_memset8                          0x080041a5   Thumb Code     0  memseta.o(.text)
    __aeabi_memclr                           0x080041b3   Thumb Code     4  memseta.o(.text)
    __aeabi_memclr4                          0x080041b3   Thumb Code     0  memseta.o(.text)
    __aeabi_memclr8                          0x080041b3   Thumb Code     0  memseta.o(.text)
    _memset$wrapper                          0x080041b7   Thumb Code    18  memseta.o(.text)
    __aeabi_dmul                             0x080041c9   Thumb Code   228  dmul.o(.text)
    __aeabi_i2d                              0x080042ad   Thumb Code    34  dflti.o(.text)
    __aeabi_d2uiz                            0x080042cf   Thumb Code    50  dfixui.o(.text)
    __aeabi_llsl                             0x08004301   Thumb Code    30  llshl.o(.text)
    _ll_shift_l                              0x08004301   Thumb Code     0  llshl.o(.text)
    __aeabi_llsr                             0x0800431f   Thumb Code    32  llushr.o(.text)
    _ll_ushift_r                             0x0800431f   Thumb Code     0  llushr.o(.text)
    __I$use$fp                               0x0800433f   Thumb Code     0  iusefp.o(.text)
    _double_round                            0x0800433f   Thumb Code    26  depilogue.o(.text)
    _double_epilogue                         0x08004359   Thumb Code   156  depilogue.o(.text)
    __scatterload                            0x080043f5   Thumb Code    28  init.o(.text)
    __scatterload_rt2                        0x080043f5   Thumb Code     0  init.o(.text)
    __decompress                             0x08004419   Thumb Code     0  __dczerorl2.o(.text)
    __decompress1                            0x08004419   Thumb Code    86  __dczerorl2.o(.text)
    ADC_Cmd                                  0x0800451d   Thumb Code    22  stm32f10x_adc.o(i.ADC_Cmd)
    ADC_DMACmd                               0x08004533   Thumb Code    22  stm32f10x_adc.o(i.ADC_DMACmd)
    ADC_DeInit                               0x08004549   Thumb Code    78  stm32f10x_adc.o(i.ADC_DeInit)
    ADC_GetCalibrationStatus                 0x080045a5   Thumb Code    20  stm32f10x_adc.o(i.ADC_GetCalibrationStatus)
    ADC_GetConversionValue                   0x080045b9   Thumb Code     8  stm32f10x_adc.o(i.ADC_GetConversionValue)
    ADC_GetResetCalibrationStatus            0x080045c1   Thumb Code    20  stm32f10x_adc.o(i.ADC_GetResetCalibrationStatus)
    ADC_Init                                 0x080045d5   Thumb Code    70  stm32f10x_adc.o(i.ADC_Init)
    ADC_RegularChannelConfig                 0x08004625   Thumb Code   184  stm32f10x_adc.o(i.ADC_RegularChannelConfig)
    ADC_ResetCalibration                     0x080046dd   Thumb Code    10  stm32f10x_adc.o(i.ADC_ResetCalibration)
    ADC_SoftwareStartConvCmd                 0x080046e7   Thumb Code    22  stm32f10x_adc.o(i.ADC_SoftwareStartConvCmd)
    ADC_StartCalibration                     0x080046fd   Thumb Code    10  stm32f10x_adc.o(i.ADC_StartCalibration)
    AddGraph                                 0x08004709   Thumb Code    78  display.o(i.AddGraph)
    Bat_GetAD                                0x0800475d   Thumb Code    10  battery.o(i.Bat_GetAD)
    Bat_GetChargeState                       0x0800476d   Thumb Code    20  battery.o(i.Bat_GetChargeState)
    Bat_GetStandbyState                      0x08004785   Thumb Code    20  battery.o(i.Bat_GetStandbyState)
    Bat_Init                                 0x0800479d   Thumb Code   206  battery.o(i.Bat_Init)
    Bat_IsChargForSlave                      0x08004879   Thumb Code    46  battery.o(i.Bat_IsChargForSlave)
    Bat_IsCharging                           0x080048b1   Thumb Code    28  battery.o(i.Bat_IsCharging)
    CMOS_GetTimer                            0x080048cd   Thumb Code     6  cmos.o(i.CMOS_GetTimer)
    CMOS_GetTimerCount                       0x080048d9   Thumb Code    10  cmos.o(i.CMOS_GetTimerCount)
    CMOS_Initialization                      0x080048f5   Thumb Code    26  cmos.o(i.CMOS_Initialization)
    CMOS_TimerProcess                        0x080049e1   Thumb Code    12  cmos.o(i.CMOS_TimerProcess)
    CRC_CalcBlockCRC                         0x080049f1   Thumb Code    32  stm32f10x_crc.o(i.CRC_CalcBlockCRC)
    CRC_GetCRC                               0x08004a15   Thumb Code     6  stm32f10x_crc.o(i.CRC_GetCRC)
    CRC_MCU                                  0x08004a21   Thumb Code    30  hardware.o(i.CRC_MCU)
    CRC_ResetDR                              0x08004a41   Thumb Code     8  stm32f10x_crc.o(i.CRC_ResetDR)
    CRC_SPI                                  0x08004a4d   Thumb Code    62  hardware.o(i.CRC_SPI)
    CheckAutoPowerOff                        0x08004a8d   Thumb Code    42  cmos.o(i.CheckAutoPowerOff)
    ClearGraphLayer                          0x08004ac1   Thumb Code    36  display.o(i.ClearGraphLayer)
    ClearScreen                              0x08004ae9   Thumb Code    12  display.o(i.ClearScreen)
    ClrAutoPowerOff                          0x08004af5   Thumb Code    16  cmos.o(i.ClrAutoPowerOff)
    Console_Open                             0x08004b11   Thumb Code    48  display.o(i.Console_Open)
    DBGMCU_Config                            0x08004b45   Thumb Code    26  stm32f10x_dbgmcu.o(i.DBGMCU_Config)
    DMA1_Channel1_IRQHandler                 0x08004b79   Thumb Code    50  recev.o(i.DMA1_Channel1_IRQHandler)
    DMA_ClearITPendingBit                    0x08004bb5   Thumb Code    18  stm32f10x_dma.o(i.DMA_ClearITPendingBit)
    DMA_Cmd                                  0x08004bd1   Thumb Code    24  stm32f10x_dma.o(i.DMA_Cmd)
    DMA_DeInit                               0x08004c69   Thumb Code   324  stm32f10x_dma.o(i.DMA_DeInit)
    DMA_GetITStatus                          0x08004db5   Thumb Code    36  stm32f10x_dma.o(i.DMA_GetITStatus)
    DMA_ITConfig                             0x08004de1   Thumb Code    18  stm32f10x_dma.o(i.DMA_ITConfig)
    DMA_Init                                 0x08004df3   Thumb Code    60  stm32f10x_dma.o(i.DMA_Init)
    Display_CheckUpdate                      0x08004e41   Thumb Code    34  display.o(i.Display_CheckUpdate)
    Display_Initialization                   0x08004e69   Thumb Code    70  display.o(i.Display_Initialization)
    EXTI0_IRQHandler                         0x08004ebd   Thumb Code   310  mma7660fc.o(i.EXTI0_IRQHandler)
    EXTI15_10_IRQHandler                     0x08005019   Thumb Code   292  singlewireslave.o(i.EXTI15_10_IRQHandler)
    EXTI9_5_IRQHandler                       0x08005161   Thumb Code    84  nrf24l01.o(i.EXTI9_5_IRQHandler)
    EXTI_ClearITPendingBit                   0x080051c1   Thumb Code     6  stm32f10x_exti.o(i.EXTI_ClearITPendingBit)
    EXTI_GetITStatus                         0x080051cd   Thumb Code    34  stm32f10x_exti.o(i.EXTI_GetITStatus)
    EXTI_Init                                0x080051f5   Thumb Code   142  stm32f10x_exti.o(i.EXTI_Init)
    FIFO_GetPopIndex                         0x08005289   Thumb Code    64  cmlib.o(i.FIFO_GetPopIndex)
    FIFO_GetPushIndex                        0x080052c9   Thumb Code    40  cmlib.o(i.FIFO_GetPushIndex)
    FIFO_Init                                0x080052f1   Thumb Code    16  cmlib.o(i.FIFO_Init)
    FIFO_Reset                               0x08005301   Thumb Code     8  cmlib.o(i.FIFO_Reset)
    FLASH_PrefetchBufferCmd                  0x08005309   Thumb Code    22  stm32f10x_flash.o(i.FLASH_PrefetchBufferCmd)
    FLASH_SetLatency                         0x08005325   Thumb Code    18  stm32f10x_flash.o(i.FLASH_SetLatency)
    File_GetGraphInfo                        0x08005661   Thumb Code   180  file.o(i.File_GetGraphInfo)
    File_GetGraphSum                         0x08005715   Thumb Code    16  file.o(i.File_GetGraphSum)
    File_Read                                0x08005725   Thumb Code    20  file.o(i.File_Read)
    File_SetBaseAddr                         0x08005739   Thumb Code    76  file.o(i.File_SetBaseAddr)
    Flash_4K_Erase                           0x0800578d   Thumb Code    50  flash.o(i.Flash_4K_Erase)
    Flash_4K_Erase_Start                     0x080057bf   Thumb Code    46  flash.o(i.Flash_4K_Erase_Start)
    Flash_Init                               0x080057ed   Thumb Code   102  flash.o(i.Flash_Init)
    Flash_Read                               0x08005861   Thumb Code   108  flash.o(i.Flash_Read)
    Flash_Read_Status_Reg                    0x080058d1   Thumb Code    60  flash.o(i.Flash_Read_Status_Reg)
    Flash_Write                              0x0800595d   Thumb Code   134  flash.o(i.Flash_Write)
    Flash_Write_Page                         0x080059f5   Thumb Code    78  flash.o(i.Flash_Write_Page)
    Flash_Write_Status_Reg                   0x08005a43   Thumb Code    60  flash.o(i.Flash_Write_Status_Reg)
    FrushDspBuffer                           0x08005a81   Thumb Code    60  display.o(i.FrushDspBuffer)
    FrushRectangle                           0x08005ac1   Thumb Code    52  display.o(i.FrushRectangle)
    GD62429_GPIO_Init                        0x08005af9   Thumb Code    72  gd62429.o(i.GD62429_GPIO_Init)
    GD_I2C_W                                 0x08005b45   Thumb Code   114  gd62429.o(i.GD_I2C_W)
    GEA_AddAnimation                         0x08005bbd   Thumb Code   180  hdr.o(i.GEA_AddAnimation)
    GEA_ClePutRef                            0x08005c75   Thumb Code    76  slaverapis2.o(i.GEA_ClePutRef)
    GEA_ClearAnimationFifo                   0x08005cc1   Thumb Code    72  hdr.o(i.GEA_ClearAnimationFifo)
    GEA_ClearLayer                           0x08005d09   Thumb Code    34  slaverapis2.o(i.GEA_ClearLayer)
    GEA_DeleteAnimation                      0x08005d2b   Thumb Code    72  hdr.o(i.GEA_DeleteAnimation)
    GEA_GetGName                             0x08005d73   Thumb Code    16  config.o(i.GEA_GetGName)
    GEA_GetJoyStickStatus                    0x08005d85   Thumb Code   186  slaverapis2.o(i.GEA_GetJoyStickStatus)
    GEA_GetNearStatus                        0x08005e45   Thumb Code    28  recev.o(i.GEA_GetNearStatus)
    GEA_GetSpeechStatus                      0x08005e65   Thumb Code    54  sentence.o(i.GEA_GetSpeechStatus)
    GEA_LoopSpeech                           0x08005ea1   Thumb Code    30  sentence.o(i.GEA_LoopSpeech)
    GEA_MotorCtrl                            0x08005ec1   Thumb Code    56  motor.o(i.GEA_MotorCtrl)
    GEA_PlayAnimation                        0x08005efd   Thumb Code    28  hdr.o(i.GEA_PlayAnimation)
    GEA_PlaySpeech                           0x08005f19   Thumb Code    76  sentence.o(i.GEA_PlaySpeech)
    GEA_PowerOff                             0x08005f71   Thumb Code    10  xiaomu.o(i.GEA_PowerOff)
    GEA_PutGraph                             0x08005f7b   Thumb Code    68  slaverapis2.o(i.GEA_PutGraph)
    GEA_SetGName                             0x08005fbf   Thumb Code    14  config.o(i.GEA_SetGName)
    GEA_SetMode                              0x08005fcd   Thumb Code   114  slaverapis2.o(i.GEA_SetMode)
    GEA_SetSpeechList                        0x08006045   Thumb Code    90  sentence.o(i.GEA_SetSpeechList)
    GEA_SetTimCnt                            0x080060a9   Thumb Code    20  cmos.o(i.GEA_SetTimCnt)
    GEA_Setvolume                            0x080060c1   Thumb Code    12  config.o(i.GEA_Setvolume)
    GEA_SlaverState                          0x080060cd   Thumb Code    34  slaverapis2.o(i.GEA_SlaverState)
    GEA_StopAnimation                        0x080060f5   Thumb Code    72  hdr.o(i.GEA_StopAnimation)
    GEA_StopSpeech                           0x0800613d   Thumb Code    38  sentence.o(i.GEA_StopSpeech)
    GEA_Transport                            0x08006179   Thumb Code    10  xiaomu.o(i.GEA_Transport)
    GPIO_EXTILineConfig                      0x080061b1   Thumb Code    60  stm32f10x_gpio.o(i.GPIO_EXTILineConfig)
    GPIO_Init                                0x080061f1   Thumb Code   278  stm32f10x_gpio.o(i.GPIO_Init)
    GPIO_PinRemapConfig                      0x08006309   Thumb Code   138  stm32f10x_gpio.o(i.GPIO_PinRemapConfig)
    GPIO_ReadInputDataBit                    0x08006399   Thumb Code    18  stm32f10x_gpio.o(i.GPIO_ReadInputDataBit)
    GPIO_ResetBits                           0x080063ab   Thumb Code     4  stm32f10x_gpio.o(i.GPIO_ResetBits)
    GPIO_SetBits                             0x080063af   Thumb Code     4  stm32f10x_gpio.o(i.GPIO_SetBits)
    GPIO_WriteBit                            0x080063b3   Thumb Code    10  stm32f10x_gpio.o(i.GPIO_WriteBit)
    G_CallFuntion                            0x080063bd   Thumb Code    44  xiaomu.o(i.G_CallFuntion)
    GetResourceAddr                          0x080063ed   Thumb Code    84  file.o(i.GetResourceAddr)
    GetResourceData                          0x08006449   Thumb Code    22  file.o(i.GetResourceData)
    GetResourceDataP                         0x0800645f   Thumb Code    34  file.o(i.GetResourceDataP)
    GetResourceItemAddr                      0x08006481   Thumb Code    42  file.o(i.GetResourceItemAddr)
    GetResourceItemNum                       0x080064ab   Thumb Code    30  file.o(i.GetResourceItemNum)
    Get_Box_XYZ                              0x080065bb   Thumb Code   724  g-sensor.o(i.Get_Box_XYZ)
    IWDG_Enable                              0x080069f1   Thumb Code    10  stm32f10x_iwdg.o(i.IWDG_Enable)
    IWDG_ReloadCounter                       0x08006a01   Thumb Code    10  stm32f10x_iwdg.o(i.IWDG_ReloadCounter)
    IWDG_SetPrescaler                        0x08006a11   Thumb Code     6  stm32f10x_iwdg.o(i.IWDG_SetPrescaler)
    IWDG_SetReload                           0x08006a1d   Thumb Code     6  stm32f10x_iwdg.o(i.IWDG_SetReload)
    IWDG_WriteAccessCmd                      0x08006a29   Thumb Code     6  stm32f10x_iwdg.o(i.IWDG_WriteAccessCmd)
    InitConfig                               0x08006a35   Thumb Code   106  config.o(i.InitConfig)
    IsVoiceBusy                              0x08006aa5   Thumb Code    10  audio.o(i.IsVoiceBusy)
    Lcd_Init                                 0x08006b01   Thumb Code    36  lcd.o(i.Lcd_Init)
    Lcd_Off                                  0x08006b25   Thumb Code    26  lcd.o(i.Lcd_Off)
    Lcd_On                                   0x08006b49   Thumb Code    38  lcd.o(i.Lcd_On)
    Lcd_RefreshScreen                        0x08006b75   Thumb Code    30  lcd.o(i.Lcd_RefreshScreen)
    Lcd_Set_Window                           0x08006bb5   Thumb Code    84  lcd.o(i.Lcd_Set_Window)
    Lcd_Write_Buf                            0x08006c09   Thumb Code    98  lcd.o(i.Lcd_Write_Buf)
    Lcd_Write_Cmd                            0x08006c71   Thumb Code    40  lcd.o(i.Lcd_Write_Cmd)
    Lcd_Write_Param                          0x08006c9d   Thumb Code    40  lcd.o(i.Lcd_Write_Param)
    Lcd_initOn                               0x08006cc9   Thumb Code    22  lcd.o(i.Lcd_initOn)
    MMA7660FC_GetShakeState                  0x08006d51   Thumb Code   114  mma7660fc.o(i.MMA7660FC_GetShakeState)
    MMA7660FC_Init                           0x08006e19   Thumb Code   164  mma7660fc.o(i.MMA7660FC_Init)
    MMA7660FC_Standby                        0x08006ed1   Thumb Code    26  mma7660fc.o(i.MMA7660FC_Standby)
    MMA7660FC_To_Angle                       0x08006eed   Thumb Code    24  mma7660fc.o(i.MMA7660FC_To_Angle)
    MMA7660FC_XYZ                            0x08006f09   Thumb Code    66  mma7660fc.o(i.MMA7660FC_XYZ)
    Motor_Check                              0x08006f5d   Thumb Code    26  motor.o(i.Motor_Check)
    Motor_Init                               0x08006f7d   Thumb Code    44  motor.o(i.Motor_Init)
    Motor_Off                                0x08006fad   Thumb Code    16  motor.o(i.Motor_Off)
    Motor_On                                 0x08006fc5   Thumb Code    14  motor.o(i.Motor_On)
    NVIC_Init                                0x08006fdd   Thumb Code   100  misc.o(i.NVIC_Init)
    NVIC_PriorityGroupConfig                 0x0800704d   Thumb Code    10  misc.o(i.NVIC_PriorityGroupConfig)
    ONELINE_Init                             0x08007061   Thumb Code    94  oneline.o(i.ONELINE_Init)
    PlayVoice                                0x080070cd   Thumb Code   112  audio.o(i.PlayVoice)
    PutChar                                  0x08007141   Thumb Code    20  display.o(i.PutChar)
    PutGraph                                 0x080071e1   Thumb Code   576  display.o(i.PutGraph)
    PutHex                                   0x08007425   Thumb Code    70  display.o(i.PutHex)
    PutHexBlock                              0x0800746b   Thumb Code    68  display.o(i.PutHexBlock)
    PutString                                0x080074af   Thumb Code    44  display.o(i.PutString)
    RCC_ADCCLKConfig                         0x080074dd   Thumb Code    18  stm32f10x_rcc.o(i.RCC_ADCCLKConfig)
    RCC_AHBPeriphClockCmd                    0x080074f5   Thumb Code    26  stm32f10x_rcc.o(i.RCC_AHBPeriphClockCmd)
    RCC_APB1PeriphClockCmd                   0x08007515   Thumb Code    26  stm32f10x_rcc.o(i.RCC_APB1PeriphClockCmd)
    RCC_APB1PeriphResetCmd                   0x08007535   Thumb Code    26  stm32f10x_rcc.o(i.RCC_APB1PeriphResetCmd)
    RCC_APB2PeriphClockCmd                   0x08007555   Thumb Code    26  stm32f10x_rcc.o(i.RCC_APB2PeriphClockCmd)
    RCC_APB2PeriphResetCmd                   0x08007575   Thumb Code    26  stm32f10x_rcc.o(i.RCC_APB2PeriphResetCmd)
    RCC_DeInit                               0x08007595   Thumb Code    64  stm32f10x_rcc.o(i.RCC_DeInit)
    RCC_GetFlagStatus                        0x080075e1   Thumb Code    56  stm32f10x_rcc.o(i.RCC_GetFlagStatus)
    RCC_GetSYSCLKSource                      0x0800761d   Thumb Code    10  stm32f10x_rcc.o(i.RCC_GetSYSCLKSource)
    RCC_HCLKConfig                           0x0800762d   Thumb Code    18  stm32f10x_rcc.o(i.RCC_HCLKConfig)
    RCC_HSEConfig                            0x08007645   Thumb Code    70  stm32f10x_rcc.o(i.RCC_HSEConfig)
    RCC_PCLK1Config                          0x08007691   Thumb Code    18  stm32f10x_rcc.o(i.RCC_PCLK1Config)
    RCC_PCLK2Config                          0x080076a9   Thumb Code    20  stm32f10x_rcc.o(i.RCC_PCLK2Config)
    RCC_PLLCmd                               0x080076c1   Thumb Code     6  stm32f10x_rcc.o(i.RCC_PLLCmd)
    RCC_PLLConfig                            0x080076cd   Thumb Code    24  stm32f10x_rcc.o(i.RCC_PLLConfig)
    RCC_SYSCLKConfig                         0x080076e9   Thumb Code    18  stm32f10x_rcc.o(i.RCC_SYSCLKConfig)
    RCC_WaitForHSEStartUp                    0x08007701   Thumb Code    56  stm32f10x_rcc.o(i.RCC_WaitForHSEStartUp)
    RGB2Y                                    0x08007739   Thumb Code    84  display.o(i.RGB2Y)
    RGBtosixteen                             0x08007791   Thumb Code    52  display.o(i.RGBtosixteen)
    RefreshGraphs                            0x0800783d   Thumb Code    86  display.o(i.RefreshGraphs)
    RefreshScreen                            0x08007899   Thumb Code    30  display.o(i.RefreshScreen)
    ResetRecieveMode                         0x080078c1   Thumb Code    18  nrf24l01.o(i.ResetRecieveMode)
    Resetproisok                             0x080078d3   Thumb Code    12  config.o(i.Resetproisok)
    SPI_Cmd                                  0x08007921   Thumb Code    24  stm32f10x_spi.o(i.SPI_Cmd)
    SPI_I2S_ClearFlag                        0x08007939   Thumb Code     6  stm32f10x_spi.o(i.SPI_I2S_ClearFlag)
    SPI_I2S_GetFlagStatus                    0x0800793f   Thumb Code    18  stm32f10x_spi.o(i.SPI_I2S_GetFlagStatus)
    SPI_I2S_ReceiveData                      0x08007951   Thumb Code     6  stm32f10x_spi.o(i.SPI_I2S_ReceiveData)
    SPI_I2S_SendData                         0x08007957   Thumb Code     4  stm32f10x_spi.o(i.SPI_I2S_SendData)
    SPI_Init                                 0x0800795b   Thumb Code    60  stm32f10x_spi.o(i.SPI_Init)
    SPI_NRF_Init                             0x08007999   Thumb Code   218  nrf24l01.o(i.SPI_NRF_Init)
    SWS_BytesToRead                          0x08007a85   Thumb Code     6  singlewireslave.o(i.SWS_BytesToRead)
    SWS_Init                                 0x08007a91   Thumb Code   160  singlewireslave.o(i.SWS_Init)
    SWS_ReadBytes                            0x08007b55   Thumb Code    18  singlewireslave.o(i.SWS_ReadBytes)
    SWS_SendBytes                            0x08007b6d   Thumb Code    58  singlewireslave.o(i.SWS_SendBytes)
    SWS_getBytes                             0x08007bb1   Thumb Code    52  singlewireslave.o(i.SWS_getBytes)
    SendMessage                              0x08007dc9   Thumb Code    52  nrf24l01.o(i.SendMessage)
    SetDisplayUpdate                         0x08007e01   Thumb Code    14  display.o(i.SetDisplayUpdate)
    StopBGM                                  0x08007efd   Thumb Code     8  audio.o(i.StopBGM)
    StopVoice                                0x08007f09   Thumb Code     8  audio.o(i.StopVoice)
    SystemInit                               0x08007f15   Thumb Code    78  system_stm32f10x.o(i.SystemInit)
    TIM2_IRQHandler                          0x08007f75   Thumb Code    30  stm32f10x_it.o(i.TIM2_IRQHandler)
    TIM3_IRQHandler                          0x08007f95   Thumb Code   238  pcm.o(i.TIM3_IRQHandler)
    TIM_ClearFlag                            0x080080a9   Thumb Code     6  stm32f10x_tim.o(i.TIM_ClearFlag)
    TIM_ClearITPendingBit                    0x080080af   Thumb Code     6  stm32f10x_tim.o(i.TIM_ClearITPendingBit)
    TIM_Cmd                                  0x080080b5   Thumb Code    24  stm32f10x_tim.o(i.TIM_Cmd)
    TIM_DeInit                               0x080080cd   Thumb Code   424  stm32f10x_tim.o(i.TIM_DeInit)
    TIM_GetITStatus                          0x080082b5   Thumb Code    34  stm32f10x_tim.o(i.TIM_GetITStatus)
    TIM_ITConfig                             0x080082d7   Thumb Code    18  stm32f10x_tim.o(i.TIM_ITConfig)
    TIM_TimeBaseInit                         0x080082e9   Thumb Code   122  stm32f10x_tim.o(i.TIM_TimeBaseInit)
    WriteSlaverID                            0x0800838d   Thumb Code    14  config.o(i.WriteSlaverID)
    _PlayBGM                                 0x080083c5   Thumb Code   112  audio.o(i._PlayBGM)
    __scatterload_copy                       0x08008439   Thumb Code    14  handlers.o(i.__scatterload_copy)
    __scatterload_null                       0x08008447   Thumb Code     2  handlers.o(i.__scatterload_null)
    __scatterload_zeroinit                   0x08008449   Thumb Code    14  handlers.o(i.__scatterload_zeroinit)
    adpcm_decoder                            0x08008459   Thumb Code   214  adpcm.o(i.adpcm_decoder)
    audio_Init                               0x0800853d   Thumb Code    18  audio.o(i.audio_Init)
    audio_checkmsg                           0x08008559   Thumb Code   122  audio.o(i.audio_checkmsg)
    ccopy                                    0x080085e5   Thumb Code    60  cmlib.o(i.ccopy)
    chanel_fillbuf                           0x08008621   Thumb Code   260  chanel.o(i.chanel_fillbuf)
    checkpower                               0x08008725   Thumb Code   408  xiaomu.o(i.checkpower)
    decode                                   0x080088f5   Thumb Code    32  decode.o(i.decode)
    gSensor_Box_X_Angle                      0x080089c5   Thumb Code    14  g-sensor.o(i.gSensor_Box_X_Angle)
    gSensor_Box_Y_Angle                      0x080089d9   Thumb Code    14  g-sensor.o(i.gSensor_Box_Y_Angle)
    gSensor_Box_Z_Angle                      0x080089ed   Thumb Code    14  g-sensor.o(i.gSensor_Box_Z_Angle)
    gSensor_Init                             0x08008a01   Thumb Code     8  g-sensor.o(i.gSensor_Init)
    gSensor_TopSurface                       0x08008a09   Thumb Code   166  g-sensor.o(i.gSensor_TopSurface)
    gSensor_Update                           0x08008abd   Thumb Code    60  g-sensor.o(i.gSensor_Update)
    gSensor_WaveRank                         0x08008b15   Thumb Code    44  g-sensor.o(i.gSensor_WaveRank)
    getConfig                                0x08008b49   Thumb Code     4  config.o(i.getConfig)
    getMotorFlag                             0x08008b51   Thumb Code     6  motor.o(i.getMotorFlag)
    get_NRF_RSSI                             0x08008b5d   Thumb Code    14  nrf24l01.o(i.get_NRF_RSSI)
    getgname                                 0x08008b6b   Thumb Code   130  config.o(i.getgname)
    hardware_main                            0x08008c4d   Thumb Code   568  hardware.o(i.hardware_main)
    hdr_Init                                 0x08008ea5   Thumb Code    16  hdr.o(i.hdr_Init)
    hdr_check                                0x08008eb5   Thumb Code   324  hdr.o(i.hdr_check)
    hdr_open                                 0x08008ff9   Thumb Code    38  hdr.o(i.hdr_open)
    hdraction                                0x08009021   Thumb Code   168  hdr.o(i.hdraction)
    initionNRF                               0x080090dd   Thumb Code    34  xiaomu.o(i.initionNRF)
    mDelay                                   0x08009125   Thumb Code    18  cmos.o(i.mDelay)
    main                                     0x0800913d   Thumb Code    16  main.o(i.main)
    mixchanel                                0x08009155   Thumb Code   166  mix.o(i.mixchanel)
    nRF_Check                                0x08009201   Thumb Code    74  nrf24l01.o(i.nRF_Check)
    nRF_ClearStatusRegister                  0x08009255   Thumb Code    12  nrf24l01.o(i.nRF_ClearStatusRegister)
    nRF_EXTIcfg                              0x08009261   Thumb Code    76  nrf24l01.o(i.nRF_EXTIcfg)
    nRF_FlushRxBuffer                        0x080092ad   Thumb Code    18  nrf24l01.o(i.nRF_FlushRxBuffer)
    nRF_FlushTxBuffer                        0x080092bf   Thumb Code    18  nrf24l01.o(i.nRF_FlushTxBuffer)
    nRF_GetMessage                           0x080092d1   Thumb Code    46  nrf.o(i.nRF_GetMessage)
    nRF_GetStatusRegister                    0x08009309   Thumb Code    22  nrf24l01.o(i.nRF_GetStatusRegister)
    nRF_IRQHandler                           0x08009321   Thumb Code   168  xiaomu.o(i.nRF_IRQHandler)
    nRF_Init                                 0x080093dd   Thumb Code    42  nrf24l01.o(i.nRF_Init)
    nRF_InitReg                              0x08009415   Thumb Code    82  nrf24l01.o(i.nRF_InitReg)
    nRF_Initialization                       0x08009479   Thumb Code    40  nrf.o(i.nRF_Initialization)
    nRF_PowerDown                            0x080094b5   Thumb Code    38  nrf24l01.o(i.nRF_PowerDown)
    nRF_ReadRxBuffer                         0x080094e1   Thumb Code    42  nrf24l01.o(i.nRF_ReadRxBuffer)
    nRF_ReceiveDataHandler                   0x0800950d   Thumb Code   262  xiaomu.o(i.nRF_ReceiveDataHandler)
    nRF_RecieveMode                          0x08009629   Thumb Code    30  nrf24l01.o(i.nRF_RecieveMode)
    nRF_RegisterWriteByte                    0x080096d3   Thumb Code    34  nrf24l01.o(i.nRF_RegisterWriteByte)
    nRF_SetAddress                           0x08009755   Thumb Code    22  nrf.o(i.nRF_SetAddress)
    nRF_StandbyMode                          0x08009771   Thumb Code     8  nrf24l01.o(i.nRF_StandbyMode)
    nRF_TxSendData                           0x0800977d   Thumb Code    30  nrf24l01.o(i.nRF_TxSendData)
    nRF_TxSetRP1P2                           0x080097a1   Thumb Code    78  nrf24l01.o(i.nRF_TxSetRP1P2)
    nRF_TxSetTXRP0                           0x080097fd   Thumb Code    36  nrf24l01.o(i.nRF_TxSetTXRP0)
    nRF_WriteTxBuffer                        0x08009825   Thumb Code    40  nrf24l01.o(i.nRF_WriteTxBuffer)
    nRF_getAddr                              0x0800984d   Thumb Code    72  config.o(i.nRF_getAddr)
    nRF_setAddr                              0x08009899   Thumb Code    80  config.o(i.nRF_setAddr)
    nRF_updateAddr                           0x080098ed   Thumb Code    78  config.o(i.nRF_updateAddr)
    pcm_Init                                 0x08009951   Thumb Code   218  pcm.o(i.pcm_Init)
    pcm_checkbuf                             0x08009a85   Thumb Code    20  pcm.o(i.pcm_checkbuf)
    pcm_close                                0x08009aa1   Thumb Code    40  pcm.o(i.pcm_close)
    pcm_fillbuf                              0x08009ad9   Thumb Code    40  pcm.o(i.pcm_fillbuf)
    pcm_open                                 0x08009b0d   Thumb Code    82  pcm.o(i.pcm_open)
    play_check                               0x08009b75   Thumb Code   136  hdr.o(i.play_check)
    play_status                              0x08009c01   Thumb Code    56  hdr.o(i.play_status)
    playbgm                                  0x08009c3d   Thumb Code    80  audio.o(i.playbgm)
    poweroff                                 0x08009c8d   Thumb Code    10  mma7660fc.o(i.poweroff)
    poweron                                  0x08009c9d   Thumb Code    48  mma7660fc.o(i.poweron)
    readSlaverID                             0x08009cd1   Thumb Code     6  config.o(i.readSlaverID)
    recev_Init                               0x08009cdd   Thumb Code    76  recev.o(i.recev_Init)
    recevcheck                               0x08009d2d   Thumb Code  1182  recev.o(i.recevcheck)
    resetupdate                              0x0800a1d5   Thumb Code    46  xiaomu.o(i.resetupdate)
    setLine                                  0x0800a245   Thumb Code    18  oneline.o(i.setLine)
    setgname                                 0x0800a28d   Thumb Code   152  config.o(i.setgname)
    shutdown                                 0x0800a325   Thumb Code    36  xiaomu.o(i.shutdown)
    slaver_main                              0x0800a349   Thumb Code   486  xiaomu.o(i.slaver_main)
    slaverpowerOff                           0x0800a559   Thumb Code   126  xiaomu.o(i.slaverpowerOff)
    sndInit                                  0x0800a5d9   Thumb Code   118  sentence.o(i.sndInit)
    stCheck                                  0x0800a6ad   Thumb Code   338  sentence.o(i.stCheck)
    uDelay                                   0x0800a8f9   Thumb Code    26  cmos.o(i.uDelay)
    updateend                                0x0800a915   Thumb Code    38  xiaomu.o(i.updateend)
    updategame                               0x0800a945   Thumb Code   100  xiaomu.o(i.updategame)
    writeconfig                              0x0800a9cd   Thumb Code    42  config.o(i.writeconfig)
    TB_GE_MsgApiInfo                         0x0800aa34   Data         184  genginecfg.o(.constdata)
    Region$$Table$$Base                      0x0800aaec   Number         0  anon$$obj.o(Region$$Table)
    Region$$Table$$Limit                     0x0800ab0c   Number         0  anon$$obj.o(Region$$Table)
    statusreg                                0x20000000   Data           4  xiaomu.o(.data)
    powersum                                 0x20000004   Data           4  xiaomu.o(.data)
    powervalue                               0x20000008   Data           4  xiaomu.o(.data)
    powerLevel                               0x2000000c   Data           1  xiaomu.o(.data)
    powerisfull                              0x2000000d   Data           1  xiaomu.o(.data)
    isBatCharging                            0x2000000e   Data           1  xiaomu.o(.data)
    readIndex                                0x20000018   Data           4  xiaomu.o(.data)
    writeIndex                               0x2000001c   Data           4  xiaomu.o(.data)
    dataIndex                                0x20000020   Data           4  xiaomu.o(.data)
    downloadgamedataAddr                     0x20000024   Data           4  xiaomu.o(.data)
    Eraseed                                  0x20000028   Data           4  xiaomu.o(.data)
    TB_ASCII8X16                             0x20000030   Data        4097  display.o(.data)
    R_nRF_IrqCheck                           0x20001040   Data           1  nrf.o(.data)
    R_nRF_Fifo                               0x20001042   Data           6  nrf.o(.data)
    R_nRF_Addr                               0x2000105c   Data           5  nrf24l01.o(.data)
    R_EN_AA                                  0x20001061   Data           1  nrf24l01.o(.data)
    R_EN_RXADDR                              0x20001062   Data           1  nrf24l01.o(.data)
    rockcnt                                  0x2000111c   Data           4  mma7660fc.o(.data)
    _send_buf                                0x2000112c   Data          20  singlewireslave.o(.data)
    r_OS_TimerCount                          0x20001150   Data           4  cmos.o(.data)
    AutoPowerOffCnt                          0x20001154   Data           4  cmos.o(.data)
    BkAutoPowerOff                           0x20001158   Data           4  cmos.o(.data)
    dataRbuf                                 0x20002350   Data        8192  xiaomu.o(.bss)
    R_nRF_Buffer                             0x2000c508   Data         480  nrf.o(.bss)
    __initial_sp                             0x2000fef0   Data           0  startup_stm32f10x_hd.o(STACK)



==============================================================================

Memory Map of the image

  Image Entry point : 0x08004131

  Load Region LR_IROM1 (Base: 0x08004000, Size: 0x00008e5c, Max: 0x0001c000, ABSOLUTE, COMPRESSED[0x00007010])

    Execution Region ER_IROM1 (Base: 0x08004000, Size: 0x00006b0c, Max: 0x0001c000, ABSOLUTE)

    Base Addr    Size         Type   Attr      Idx    E Section Name        Object

    0x08004000   0x00000130   Data   RO            3    RESET               startup_stm32f10x_hd.o
    0x08004130   0x00000000   Code   RO         4574  * .ARM.Collect$$$$00000000  mc_w.l(entry.o)
    0x08004130   0x00000004   Code   RO         4611    .ARM.Collect$$$$00000001  mc_w.l(entry2.o)
    0x08004134   0x00000004   Code   RO         4614    .ARM.Collect$$$$00000004  mc_w.l(entry5.o)
    0x08004138   0x00000000   Code   RO         4616    .ARM.Collect$$$$00000008  mc_w.l(entry7b.o)
    0x08004138   0x00000000   Code   RO         4618    .ARM.Collect$$$$0000000A  mc_w.l(entry8b.o)
    0x08004138   0x00000008   Code   RO         4619    .ARM.Collect$$$$0000000B  mc_w.l(entry9a.o)
    0x08004140   0x00000000   Code   RO         4621    .ARM.Collect$$$$0000000D  mc_w.l(entry10a.o)
    0x08004140   0x00000000   Code   RO         4623    .ARM.Collect$$$$0000000F  mc_w.l(entry11a.o)
    0x08004140   0x00000004   Code   RO         4612    .ARM.Collect$$$$00002712  mc_w.l(entry2.o)
    0x08004144   0x0000003c   Code   RO            4    .text               startup_stm32f10x_hd.o
    0x08004180   0x00000024   Code   RO         4577    .text               mc_w.l(memcpya.o)
    0x080041a4   0x00000024   Code   RO         4579    .text               mc_w.l(memseta.o)
    0x080041c8   0x000000e4   Code   RO         4589    .text               mf_w.l(dmul.o)
    0x080042ac   0x00000022   Code   RO         4597    .text               mf_w.l(dflti.o)
    0x080042ce   0x00000032   Code   RO         4601    .text               mf_w.l(dfixui.o)
    0x08004300   0x0000001e   Code   RO         4625    .text               mc_w.l(llshl.o)
    0x0800431e   0x00000020   Code   RO         4627    .text               mc_w.l(llushr.o)
    0x0800433e   0x00000000   Code   RO         4631    .text               mc_w.l(iusefp.o)
    0x0800433e   0x000000b6   Code   RO         4634    .text               mf_w.l(depilogue.o)
    0x080043f4   0x00000024   Code   RO         4636    .text               mc_w.l(init.o)
    0x08004418   0x00000056   Code   RO         4646    .text               mc_w.l(__dczerorl2.o)
    0x0800446e   0x00000002   PAD
    0x08004470   0x000000ac   Code   RO         2087    i.ADC1_Configuration  recev.o
    0x0800451c   0x00000016   Code   RO         3660    i.ADC_Cmd           stm32f10x_adc.o
    0x08004532   0x00000016   Code   RO         3661    i.ADC_DMACmd        stm32f10x_adc.o
    0x08004548   0x0000005c   Code   RO         3662    i.ADC_DeInit        stm32f10x_adc.o
    0x080045a4   0x00000014   Code   RO         3668    i.ADC_GetCalibrationStatus  stm32f10x_adc.o
    0x080045b8   0x00000008   Code   RO         3669    i.ADC_GetConversionValue  stm32f10x_adc.o
    0x080045c0   0x00000014   Code   RO         3674    i.ADC_GetResetCalibrationStatus  stm32f10x_adc.o
    0x080045d4   0x00000050   Code   RO         3678    i.ADC_Init          stm32f10x_adc.o
    0x08004624   0x000000b8   Code   RO         3682    i.ADC_RegularChannelConfig  stm32f10x_adc.o
    0x080046dc   0x0000000a   Code   RO         3683    i.ADC_ResetCalibration  stm32f10x_adc.o
    0x080046e6   0x00000016   Code   RO         3685    i.ADC_SoftwareStartConvCmd  stm32f10x_adc.o
    0x080046fc   0x0000000a   Code   RO         3687    i.ADC_StartCalibration  stm32f10x_adc.o
    0x08004706   0x00000002   PAD
    0x08004708   0x00000054   Code   RO          387    i.AddGraph          display.o
    0x0800475c   0x00000010   Code   RO         1877    i.Bat_GetAD         battery.o
    0x0800476c   0x00000018   Code   RO         1878    i.Bat_GetChargeState  battery.o
    0x08004784   0x00000018   Code   RO         1880    i.Bat_GetStandbyState  battery.o
    0x0800479c   0x000000dc   Code   RO         1883    i.Bat_Init          battery.o
    0x08004878   0x00000038   Code   RO         1884    i.Bat_IsChargForSlave  battery.o
    0x080048b0   0x0000001c   Code   RO         1886    i.Bat_IsCharging    battery.o
    0x080048cc   0x0000000c   Code   RO         4292    i.CMOS_GetTimer     cmos.o
    0x080048d8   0x00000010   Code   RO         4293    i.CMOS_GetTimerCount  cmos.o
    0x080048e8   0x0000000c   Code   RO         4294    i.CMOS_InitReg      cmos.o
    0x080048f4   0x0000001a   Code   RO         4295    i.CMOS_Initialization  cmos.o
    0x0800490e   0x0000006a   Code   RO         4296    i.CMOS_SetSystemClock  cmos.o
    0x08004978   0x00000066   Code   RO         4297    i.CMOS_Timer2Config  cmos.o
    0x080049de   0x00000002   PAD
    0x080049e0   0x00000010   Code   RO         4298    i.CMOS_TimerProcess  cmos.o
    0x080049f0   0x00000024   Code   RO         4128    i.CRC_CalcBlockCRC  stm32f10x_crc.o
    0x08004a14   0x0000000c   Code   RO         4130    i.CRC_GetCRC        stm32f10x_crc.o
    0x08004a20   0x0000001e   Code   RO          277    i.CRC_MCU           hardware.o
    0x08004a3e   0x00000002   PAD
    0x08004a40   0x0000000c   Code   RO         4132    i.CRC_ResetDR       stm32f10x_crc.o
    0x08004a4c   0x0000003e   Code   RO          278    i.CRC_SPI           hardware.o
    0x08004a8a   0x00000002   PAD
    0x08004a8c   0x00000034   Code   RO         4299    i.CheckAutoPowerOff  cmos.o
    0x08004ac0   0x00000028   Code   RO          388    i.ClearGraphLayer   display.o
    0x08004ae8   0x0000000c   Code   RO          389    i.ClearScreen       display.o
    0x08004af4   0x0000001c   Code   RO         4300    i.ClrAutoPowerOff   cmos.o
    0x08004b10   0x00000034   Code   RO          394    i.Console_Open      display.o
    0x08004b44   0x00000020   Code   RO         3990    i.DBGMCU_Config     stm32f10x_dbgmcu.o
    0x08004b64   0x00000014   Code   RO         1329    i.DB_Write          lcd.o
    0x08004b78   0x0000003c   Code   RO         2088    i.DMA1_Channel1_IRQHandler  recev.o
    0x08004bb4   0x0000001c   Code   RO         3877    i.DMA_ClearITPendingBit  stm32f10x_dma.o
    0x08004bd0   0x00000018   Code   RO         3878    i.DMA_Cmd           stm32f10x_dma.o
    0x08004be8   0x00000080   Code   RO         2089    i.DMA_Configuration  recev.o
    0x08004c68   0x0000014c   Code   RO         3879    i.DMA_DeInit        stm32f10x_dma.o
    0x08004db4   0x0000002c   Code   RO         3882    i.DMA_GetITStatus   stm32f10x_dma.o
    0x08004de0   0x00000012   Code   RO         3883    i.DMA_ITConfig      stm32f10x_dma.o
    0x08004df2   0x0000003c   Code   RO         3884    i.DMA_Init          stm32f10x_dma.o
    0x08004e2e   0x00000010   Code   RO         1650    i.Delay             mma7660fc.o
    0x08004e3e   0x00000002   PAD
    0x08004e40   0x00000028   Code   RO          395    i.Display_CheckUpdate  display.o
    0x08004e68   0x00000054   Code   RO          396    i.Display_Initialization  display.o
    0x08004ebc   0x0000015c   Code   RO         1651    i.EXTI0_IRQHandler  mma7660fc.o
    0x08005018   0x00000148   Code   RO         1949    i.EXTI15_10_IRQHandler  singlewireslave.o
    0x08005160   0x00000060   Code   RO         1139    i.EXTI9_5_IRQHandler  nrf24l01.o
    0x080051c0   0x0000000c   Code   RO         4015    i.EXTI_ClearITPendingBit  stm32f10x_exti.o
    0x080051cc   0x00000028   Code   RO         4019    i.EXTI_GetITStatus  stm32f10x_exti.o
    0x080051f4   0x00000094   Code   RO         4020    i.EXTI_Init         stm32f10x_exti.o
    0x08005288   0x00000040   Code   RO         4216    i.FIFO_GetPopIndex  cmlib.o
    0x080052c8   0x00000028   Code   RO         4217    i.FIFO_GetPushIndex  cmlib.o
    0x080052f0   0x00000010   Code   RO         4218    i.FIFO_Init         cmlib.o
    0x08005300   0x00000008   Code   RO         4220    i.FIFO_Reset        cmlib.o
    0x08005308   0x0000001c   Code   RO         3236    i.FLASH_PrefetchBufferCmd  stm32f10x_flash.o
    0x08005324   0x00000018   Code   RO         3241    i.FLASH_SetLatency  stm32f10x_flash.o
    0x0800533c   0x00000024   Code   RO         1442    i.F_DB_In           flash.o
    0x08005360   0x00000024   Code   RO         1443    i.F_DB_Out          flash.o
    0x08005384   0x00000070   Code   RO         1444    i.F_Enter_QPI_Mode  flash.o
    0x080053f4   0x00000058   Code   RO         1445    i.F_GPIO_QPI_Mode   flash.o
    0x0800544c   0x00000080   Code   RO         1446    i.F_GPIO_SPI_Mode   flash.o
    0x080054cc   0x00000040   Code   RO         1447    i.F_QPI_Check_JEDEC_ID  flash.o
    0x0800550c   0x0000003c   Code   RO         1448    i.F_QPI_R           flash.o
    0x08005548   0x00000044   Code   RO         1449    i.F_QPI_W           flash.o
    0x0800558c   0x00000038   Code   RO         1450    i.F_SPI_Check_JEDEC_ID  flash.o
    0x080055c4   0x00000038   Code   RO         1451    i.F_SPI_R           flash.o
    0x080055fc   0x0000003c   Code   RO         1452    i.F_SPI_W           flash.o
    0x08005638   0x00000014   Code   RO         1453    i.F_WR_Start        flash.o
    0x0800564c   0x00000014   Code   RO         1454    i.F_WR_Stop         flash.o
    0x08005660   0x000000b4   Code   RO          567    i.File_GetGraphInfo  file.o
    0x08005714   0x00000010   Code   RO          568    i.File_GetGraphSum  file.o
    0x08005724   0x00000014   Code   RO          569    i.File_Read         file.o
    0x08005738   0x00000054   Code   RO          570    i.File_SetBaseAddr  file.o
    0x0800578c   0x00000032   Code   RO         1456    i.Flash_4K_Erase    flash.o
    0x080057be   0x0000002e   Code   RO         1457    i.Flash_4K_Erase_Start  flash.o
    0x080057ec   0x00000074   Code   RO         1460    i.Flash_Init        flash.o
    0x08005860   0x00000070   Code   RO         1462    i.Flash_Read        flash.o
    0x080058d0   0x0000003c   Code   RO         1463    i.Flash_Read_Status_Reg  flash.o
    0x0800590c   0x00000028   Code   RO         1464    i.Flash_Set_Read_Param  flash.o
    0x08005934   0x00000028   Code   RO         1465    i.Flash_Wait_Done   flash.o
    0x0800595c   0x00000086   Code   RO         1466    i.Flash_Write       flash.o
    0x080059e2   0x00000012   Code   RO         1467    i.Flash_Write_Enable  flash.o
    0x080059f4   0x0000004e   Code   RO         1468    i.Flash_Write_Page  flash.o
    0x08005a42   0x0000003c   Code   RO         1469    i.Flash_Write_Status_Reg  flash.o
    0x08005a7e   0x00000002   PAD
    0x08005a80   0x00000040   Code   RO          397    i.FrushDspBuffer    display.o
    0x08005ac0   0x00000038   Code   RO          398    i.FrushRectangle    display.o
    0x08005af8   0x0000004c   Code   RO         2148    i.GD62429_GPIO_Init  gd62429.o
    0x08005b44   0x00000078   Code   RO         2149    i.GD_I2C_W          gd62429.o
    0x08005bbc   0x000000b8   Code   RO         1030    i.GEA_AddAnimation  hdr.o
    0x08005c74   0x0000004c   Code   RO          818    i.GEA_ClePutRef     slaverapis2.o
    0x08005cc0   0x00000048   Code   RO         1031    i.GEA_ClearAnimationFifo  hdr.o
    0x08005d08   0x00000022   Code   RO          819    i.GEA_ClearLayer    slaverapis2.o
    0x08005d2a   0x00000048   Code   RO         1032    i.GEA_DeleteAnimation  hdr.o
    0x08005d72   0x00000010   Code   RO          873    i.GEA_GetGName      config.o
    0x08005d82   0x00000002   PAD
    0x08005d84   0x000000c0   Code   RO          820    i.GEA_GetJoyStickStatus  slaverapis2.o
    0x08005e44   0x00000020   Code   RO         2090    i.GEA_GetNearStatus  recev.o
    0x08005e64   0x0000003c   Code   RO         1808    i.GEA_GetSpeechStatus  sentence.o
    0x08005ea0   0x0000001e   Code   RO         1809    i.GEA_LoopSpeech    sentence.o
    0x08005ebe   0x00000002   PAD
    0x08005ec0   0x0000003c   Code   RO         1600    i.GEA_MotorCtrl     motor.o
    0x08005efc   0x0000001c   Code   RO         1033    i.GEA_PlayAnimation  hdr.o
    0x08005f18   0x00000058   Code   RO         1810    i.GEA_PlaySpeech    sentence.o
    0x08005f70   0x0000000a   Code   RO          134    i.GEA_PowerOff      xiaomu.o
    0x08005f7a   0x00000044   Code   RO          821    i.GEA_PutGraph      slaverapis2.o
    0x08005fbe   0x0000000e   Code   RO          874    i.GEA_SetGName      config.o
    0x08005fcc   0x00000078   Code   RO          822    i.GEA_SetMode       slaverapis2.o
    0x08006044   0x00000064   Code   RO         1811    i.GEA_SetSpeechList  sentence.o
    0x080060a8   0x00000018   Code   RO         4301    i.GEA_SetTimCnt     cmos.o
    0x080060c0   0x0000000c   Code   RO          875    i.GEA_Setvolume     config.o
    0x080060cc   0x00000028   Code   RO          823    i.GEA_SlaverState   slaverapis2.o
    0x080060f4   0x00000048   Code   RO         1034    i.GEA_StopAnimation  hdr.o
    0x0800613c   0x0000003c   Code   RO         1812    i.GEA_StopSpeech    sentence.o
    0x08006178   0x0000000a   Code   RO          135    i.GEA_Transport     xiaomu.o
    0x08006182   0x00000002   PAD
    0x08006184   0x0000002c   Code   RO         2091    i.GPIO_Configuration  recev.o
    0x080061b0   0x00000040   Code   RO         2180    i.GPIO_EXTILineConfig  stm32f10x_gpio.o
    0x080061f0   0x00000116   Code   RO         2183    i.GPIO_Init         stm32f10x_gpio.o
    0x08006306   0x00000002   PAD
    0x08006308   0x00000090   Code   RO         2185    i.GPIO_PinRemapConfig  stm32f10x_gpio.o
    0x08006398   0x00000012   Code   RO         2187    i.GPIO_ReadInputDataBit  stm32f10x_gpio.o
    0x080063aa   0x00000004   Code   RO         2190    i.GPIO_ResetBits    stm32f10x_gpio.o
    0x080063ae   0x00000004   Code   RO         2191    i.GPIO_SetBits      stm32f10x_gpio.o
    0x080063b2   0x0000000a   Code   RO         2194    i.GPIO_WriteBit     stm32f10x_gpio.o
    0x080063bc   0x00000030   Code   RO          136    i.G_CallFuntion     xiaomu.o
    0x080063ec   0x0000005c   Code   RO          571    i.GetResourceAddr   file.o
    0x08006448   0x00000016   Code   RO          572    i.GetResourceData   file.o
    0x0800645e   0x00000022   Code   RO          573    i.GetResourceDataP  file.o
    0x08006480   0x0000002a   Code   RO          574    i.GetResourceItemAddr  file.o
    0x080064aa   0x0000001e   Code   RO          575    i.GetResourceItemNum  file.o
    0x080064c8   0x00000046   Code   RO         1652    i.GetShakeRate      mma7660fc.o
    0x0800650e   0x000000ac   Code   RO          399    i.GetVisibleRegion  display.o
    0x080065ba   0x000002d4   Code   RO          666    i.Get_Box_XYZ       g-sensor.o
    0x0800688e   0x00000002   PAD
    0x08006890   0x00000088   Code   RO         1653    i.I2C_R             mma7660fc.o
    0x08006918   0x0000002c   Code   RO         1654    i.I2C_Start         mma7660fc.o
    0x08006944   0x00000020   Code   RO         1655    i.I2C_Stop          mma7660fc.o
    0x08006964   0x0000008c   Code   RO         1656    i.I2C_W             mma7660fc.o
    0x080069f0   0x00000010   Code   RO         3948    i.IWDG_Enable       stm32f10x_iwdg.o
    0x08006a00   0x00000010   Code   RO         3950    i.IWDG_ReloadCounter  stm32f10x_iwdg.o
    0x08006a10   0x0000000c   Code   RO         3951    i.IWDG_SetPrescaler  stm32f10x_iwdg.o
    0x08006a1c   0x0000000c   Code   RO         3952    i.IWDG_SetReload    stm32f10x_iwdg.o
    0x08006a28   0x0000000c   Code   RO         3953    i.IWDG_WriteAccessCmd  stm32f10x_iwdg.o
    0x08006a34   0x00000070   Code   RO          876    i.InitConfig        config.o
    0x08006aa4   0x00000010   Code   RO         4370    i.IsVoiceBusy       audio.o
    0x08006ab4   0x0000004c   Code   RO         1330    i.Lcd_GPIOInit      lcd.o
    0x08006b00   0x00000024   Code   RO         1331    i.Lcd_Init          lcd.o
    0x08006b24   0x00000024   Code   RO         1332    i.Lcd_Off           lcd.o
    0x08006b48   0x0000002c   Code   RO         1333    i.Lcd_On            lcd.o
    0x08006b74   0x0000001e   Code   RO         1335    i.Lcd_RefreshScreen  lcd.o
    0x08006b92   0x00000002   PAD
    0x08006b94   0x00000020   Code   RO         1336    i.Lcd_Reset         lcd.o
    0x08006bb4   0x00000054   Code   RO         1339    i.Lcd_Set_Window    lcd.o
    0x08006c08   0x00000068   Code   RO         1340    i.Lcd_Write_Buf     lcd.o
    0x08006c70   0x0000002c   Code   RO         1341    i.Lcd_Write_Cmd     lcd.o
    0x08006c9c   0x0000002c   Code   RO         1342    i.Lcd_Write_Param   lcd.o
    0x08006cc8   0x0000001c   Code   RO         1344    i.Lcd_initOn        lcd.o
    0x08006ce4   0x0000006c   Code   RO         1658    i.MMA7660FC_GPIO_Init  mma7660fc.o
    0x08006d50   0x00000080   Code   RO         1659    i.MMA7660FC_GetShakeState  mma7660fc.o
    0x08006dd0   0x00000046   Code   RO         1660    i.MMA7660FC_INT_Init  mma7660fc.o
    0x08006e16   0x00000002   PAD
    0x08006e18   0x000000b8   Code   RO         1661    i.MMA7660FC_Init    mma7660fc.o
    0x08006ed0   0x0000001a   Code   RO         1664    i.MMA7660FC_Standby  mma7660fc.o
    0x08006eea   0x00000002   PAD
    0x08006eec   0x0000001c   Code   RO         1667    i.MMA7660FC_To_Angle  mma7660fc.o
    0x08006f08   0x00000054   Code   RO         1668    i.MMA7660FC_XYZ     mma7660fc.o
    0x08006f5c   0x00000020   Code   RO         1602    i.Motor_Check       motor.o
    0x08006f7c   0x00000030   Code   RO         1603    i.Motor_Init        motor.o
    0x08006fac   0x00000018   Code   RO         1604    i.Motor_Off         motor.o
    0x08006fc4   0x00000018   Code   RO         1605    i.Motor_On          motor.o
    0x08006fdc   0x00000070   Code   RO         2635    i.NVIC_Init         misc.o
    0x0800704c   0x00000014   Code   RO         2636    i.NVIC_PriorityGroupConfig  misc.o
    0x08007060   0x0000006c   Code   RO         2063    i.ONELINE_Init      oneline.o
    0x080070cc   0x00000074   Code   RO         4371    i.PlayVoice         audio.o
    0x08007140   0x00000014   Code   RO          401    i.PutChar           display.o
    0x08007154   0x0000008c   Code   RO          402    i.PutChar8x16       display.o
    0x080071e0   0x00000244   Code   RO          403    i.PutGraph          display.o
    0x08007424   0x00000046   Code   RO          405    i.PutHex            display.o
    0x0800746a   0x00000044   Code   RO          406    i.PutHexBlock       display.o
    0x080074ae   0x0000002c   Code   RO          408    i.PutString         display.o
    0x080074da   0x00000002   PAD
    0x080074dc   0x00000018   Code   RO         2435    i.RCC_ADCCLKConfig  stm32f10x_rcc.o
    0x080074f4   0x00000020   Code   RO         2436    i.RCC_AHBPeriphClockCmd  stm32f10x_rcc.o
    0x08007514   0x00000020   Code   RO         2437    i.RCC_APB1PeriphClockCmd  stm32f10x_rcc.o
    0x08007534   0x00000020   Code   RO         2438    i.RCC_APB1PeriphResetCmd  stm32f10x_rcc.o
    0x08007554   0x00000020   Code   RO         2439    i.RCC_APB2PeriphClockCmd  stm32f10x_rcc.o
    0x08007574   0x00000020   Code   RO         2440    i.RCC_APB2PeriphResetCmd  stm32f10x_rcc.o
    0x08007594   0x0000004c   Code   RO         2446    i.RCC_DeInit        stm32f10x_rcc.o
    0x080075e0   0x0000003c   Code   RO         2448    i.RCC_GetFlagStatus  stm32f10x_rcc.o
    0x0800761c   0x00000010   Code   RO         2450    i.RCC_GetSYSCLKSource  stm32f10x_rcc.o
    0x0800762c   0x00000018   Code   RO         2451    i.RCC_HCLKConfig    stm32f10x_rcc.o
    0x08007644   0x0000004c   Code   RO         2452    i.RCC_HSEConfig     stm32f10x_rcc.o
    0x08007690   0x00000018   Code   RO         2458    i.RCC_PCLK1Config   stm32f10x_rcc.o
    0x080076a8   0x00000018   Code   RO         2459    i.RCC_PCLK2Config   stm32f10x_rcc.o
    0x080076c0   0x0000000c   Code   RO         2460    i.RCC_PLLCmd        stm32f10x_rcc.o
    0x080076cc   0x0000001c   Code   RO         2461    i.RCC_PLLConfig     stm32f10x_rcc.o
    0x080076e8   0x00000018   Code   RO         2464    i.RCC_SYSCLKConfig  stm32f10x_rcc.o
    0x08007700   0x00000038   Code   RO         2466    i.RCC_WaitForHSEStartUp  stm32f10x_rcc.o
    0x08007738   0x00000058   Code   RO          409    i.RGB2Y             display.o
    0x08007790   0x00000034   Code   RO          410    i.RGBtosixteen      display.o
    0x080077c4   0x0000002e   Code   RO         1669    i.Read_Reg          mma7660fc.o
    0x080077f2   0x00000048   Code   RO         1670    i.Read_Reg_Queue    mma7660fc.o
    0x0800783a   0x00000002   PAD
    0x0800783c   0x0000005c   Code   RO          411    i.RefreshGraphs     display.o
    0x08007898   0x00000028   Code   RO          412    i.RefreshScreen     display.o
    0x080078c0   0x00000012   Code   RO         1140    i.ResetRecieveMode  nrf24l01.o
    0x080078d2   0x0000000c   Code   RO          877    i.Resetproisok      config.o
    0x080078de   0x00000002   PAD
    0x080078e0   0x00000020   Code   RO         1671    i.SDA_In            mma7660fc.o
    0x08007900   0x00000020   Code   RO         1672    i.SDA_Out           mma7660fc.o
    0x08007920   0x00000018   Code   RO         2296    i.SPI_Cmd           stm32f10x_spi.o
    0x08007938   0x00000006   Code   RO         2300    i.SPI_I2S_ClearFlag  stm32f10x_spi.o
    0x0800793e   0x00000012   Code   RO         2304    i.SPI_I2S_GetFlagStatus  stm32f10x_spi.o
    0x08007950   0x00000006   Code   RO         2307    i.SPI_I2S_ReceiveData  stm32f10x_spi.o
    0x08007956   0x00000004   Code   RO         2308    i.SPI_I2S_SendData  stm32f10x_spi.o
    0x0800795a   0x0000003c   Code   RO         2309    i.SPI_Init          stm32f10x_spi.o
    0x08007996   0x00000002   PAD
    0x08007998   0x000000ec   Code   RO         1141    i.SPI_NRF_Init      nrf24l01.o
    0x08007a84   0x0000000c   Code   RO         1950    i.SWS_BytesToRead   singlewireslave.o
    0x08007a90   0x000000c4   Code   RO         1952    i.SWS_Init          singlewireslave.o
    0x08007b54   0x00000018   Code   RO         1953    i.SWS_ReadBytes     singlewireslave.o
    0x08007b6c   0x00000044   Code   RO         1956    i.SWS_SendBytes     singlewireslave.o
    0x08007bb0   0x00000038   Code   RO         1959    i.SWS_getBytes      singlewireslave.o
    0x08007be8   0x000001e0   Code   RO          137    i.SW_Check          xiaomu.o
    0x08007dc8   0x00000038   Code   RO         1142    i.SendMessage       nrf24l01.o
    0x08007e00   0x00000014   Code   RO          413    i.SetDisplayUpdate  display.o
    0x08007e14   0x00000008   Code   RO         4180    i.SetSysClock       system_stm32f10x.o
    0x08007e1c   0x000000e0   Code   RO         4181    i.SetSysClockTo72   system_stm32f10x.o
    0x08007efc   0x0000000c   Code   RO         4372    i.StopBGM           audio.o
    0x08007f08   0x0000000c   Code   RO         4373    i.StopVoice         audio.o
    0x08007f14   0x00000060   Code   RO         4183    i.SystemInit        system_stm32f10x.o
    0x08007f74   0x0000001e   Code   RO          116    i.TIM2_IRQHandler   stm32f10x_it.o
    0x08007f92   0x00000002   PAD
    0x08007f94   0x00000114   Code   RO         4495    i.TIM3_IRQHandler   pcm.o
    0x080080a8   0x00000006   Code   RO         2681    i.TIM_ClearFlag     stm32f10x_tim.o
    0x080080ae   0x00000006   Code   RO         2682    i.TIM_ClearITPendingBit  stm32f10x_tim.o
    0x080080b4   0x00000018   Code   RO         2687    i.TIM_Cmd           stm32f10x_tim.o
    0x080080cc   0x000001e8   Code   RO         2692    i.TIM_DeInit        stm32f10x_tim.o
    0x080082b4   0x00000022   Code   RO         2708    i.TIM_GetITStatus   stm32f10x_tim.o
    0x080082d6   0x00000012   Code   RO         2712    i.TIM_ITConfig      stm32f10x_tim.o
    0x080082e8   0x000000a4   Code   RO         2758    i.TIM_TimeBaseInit  stm32f10x_tim.o
    0x0800838c   0x00000014   Code   RO          878    i.WriteSlaverID     config.o
    0x080083a0   0x00000022   Code   RO         1673    i.Write_Reg         mma7660fc.o
    0x080083c2   0x00000002   PAD
    0x080083c4   0x00000074   Code   RO         4374    i._PlayBGM          audio.o
    0x08008438   0x0000000e   Code   RO         4640    i.__scatterload_copy  mc_w.l(handlers.o)
    0x08008446   0x00000002   Code   RO         4641    i.__scatterload_null  mc_w.l(handlers.o)
    0x08008448   0x0000000e   Code   RO         4642    i.__scatterload_zeroinit  mc_w.l(handlers.o)
    0x08008456   0x00000002   PAD
    0x08008458   0x000000e4   Code   RO         4551    i.adpcm_decoder     adpcm.o
    0x0800853c   0x0000001c   Code   RO         4375    i.audio_Init        audio.o
    0x08008558   0x0000008c   Code   RO         4376    i.audio_checkmsg    audio.o
    0x080085e4   0x0000003c   Code   RO         4224    i.ccopy             cmlib.o
    0x08008620   0x00000104   Code   RO         4442    i.chanel_fillbuf    chanel.o
    0x08008724   0x000001b4   Code   RO          138    i.checkpower        xiaomu.o
    0x080088d8   0x0000001c   Code   RO          879    i.configchecksum    config.o
    0x080088f4   0x00000020   Code   RO         4457    i.decode            decode.o
    0x08008914   0x00000028   Code   RO         1960    i.fifo_read_buf     singlewireslave.o
    0x0800893c   0x0000002c   Code   RO         1961    i.fifo_read_byte    singlewireslave.o
    0x08008968   0x0000000a   Code   RO         1962    i.fifo_reset        singlewireslave.o
    0x08008972   0x00000006   Code   RO         1963    i.fifo_set_buf      singlewireslave.o
    0x08008978   0x00000020   Code   RO         1964    i.fifo_write_buf    singlewireslave.o
    0x08008998   0x0000002c   Code   RO         1965    i.fifo_write_byte   singlewireslave.o
    0x080089c4   0x00000014   Code   RO          669    i.gSensor_Box_X_Angle  g-sensor.o
    0x080089d8   0x00000014   Code   RO          672    i.gSensor_Box_Y_Angle  g-sensor.o
    0x080089ec   0x00000014   Code   RO          675    i.gSensor_Box_Z_Angle  g-sensor.o
    0x08008a00   0x00000008   Code   RO          676    i.gSensor_Init      g-sensor.o
    0x08008a08   0x000000b4   Code   RO          678    i.gSensor_TopSurface  g-sensor.o
    0x08008abc   0x00000058   Code   RO          679    i.gSensor_Update    g-sensor.o
    0x08008b14   0x00000034   Code   RO          680    i.gSensor_WaveRank  g-sensor.o
    0x08008b48   0x00000008   Code   RO          880    i.getConfig         config.o
    0x08008b50   0x0000000c   Code   RO         1606    i.getMotorFlag      motor.o
    0x08008b5c   0x0000000e   Code   RO         1143    i.get_NRF_RSSI      nrf24l01.o
    0x08008b6a   0x00000082   Code   RO          881    i.getgname          config.o
    0x08008bec   0x00000060   Code   RO         2092    i.getsample         recev.o
    0x08008c4c   0x00000258   Code   RO          280    i.hardware_main     hardware.o
    0x08008ea4   0x00000010   Code   RO         1035    i.hdr_Init          hdr.o
    0x08008eb4   0x00000144   Code   RO         1036    i.hdr_check         hdr.o
    0x08008ff8   0x00000026   Code   RO         1037    i.hdr_open          hdr.o
    0x0800901e   0x00000002   PAD
    0x08009020   0x000000ac   Code   RO         1038    i.hdraction         hdr.o
    0x080090cc   0x00000010   Code   RO         2151    i.i2c_Delay         gd62429.o
    0x080090dc   0x00000022   Code   RO          139    i.initionNRF        xiaomu.o
    0x080090fe   0x00000026   Code   RO         1039    i.layer2index       hdr.o
    0x08009124   0x00000018   Code   RO         4302    i.mDelay            cmos.o
    0x0800913c   0x00000018   Code   RO           10    i.main              main.o
    0x08009154   0x000000ac   Code   RO         4478    i.mixchanel         mix.o
    0x08009200   0x00000054   Code   RO         1144    i.nRF_Check         nrf24l01.o
    0x08009254   0x0000000c   Code   RO         1145    i.nRF_ClearStatusRegister  nrf24l01.o
    0x08009260   0x0000004c   Code   RO         1146    i.nRF_EXTIcfg       nrf24l01.o
    0x080092ac   0x00000012   Code   RO         1147    i.nRF_FlushRxBuffer  nrf24l01.o
    0x080092be   0x00000012   Code   RO         1148    i.nRF_FlushTxBuffer  nrf24l01.o
    0x080092d0   0x00000038   Code   RO          634    i.nRF_GetMessage    nrf.o
    0x08009308   0x00000016   Code   RO         1150    i.nRF_GetStatusRegister  nrf24l01.o
    0x0800931e   0x00000002   PAD
    0x08009320   0x000000bc   Code   RO          140    i.nRF_IRQHandler    xiaomu.o
    0x080093dc   0x00000038   Code   RO         1151    i.nRF_Init          nrf24l01.o
    0x08009414   0x00000064   Code   RO         1152    i.nRF_InitReg       nrf24l01.o
    0x08009478   0x0000003c   Code   RO          635    i.nRF_Initialization  nrf.o
    0x080094b4   0x0000002c   Code   RO         1153    i.nRF_PowerDown     nrf24l01.o
    0x080094e0   0x0000002a   Code   RO         1154    i.nRF_ReadRxBuffer  nrf24l01.o
    0x0800950a   0x00000002   PAD
    0x0800950c   0x0000011c   Code   RO          141    i.nRF_ReceiveDataHandler  xiaomu.o
    0x08009628   0x00000024   Code   RO         1155    i.nRF_RecieveMode   nrf24l01.o
    0x0800964c   0x00000034   Code   RO         1156    i.nRF_RegisterReadBuffer  nrf24l01.o
    0x08009680   0x0000001e   Code   RO         1157    i.nRF_RegisterReadByte  nrf24l01.o
    0x0800969e   0x00000034   Code   RO         1158    i.nRF_RegisterWriteBuffer  nrf24l01.o
    0x080096d2   0x00000022   Code   RO         1159    i.nRF_RegisterWriteByte  nrf24l01.o
    0x080096f4   0x00000038   Code   RO         1161    i.nRF_SPIRW         nrf24l01.o
    0x0800972c   0x00000018   Code   RO         1162    i.nRF_SPIStart      nrf24l01.o
    0x08009744   0x00000010   Code   RO         1163    i.nRF_SPIStop       nrf24l01.o
    0x08009754   0x0000001c   Code   RO          636    i.nRF_SetAddress    nrf.o
    0x08009770   0x0000000c   Code   RO         1164    i.nRF_StandbyMode   nrf24l01.o
    0x0800977c   0x00000024   Code   RO         1165    i.nRF_TxSendData    nrf24l01.o
    0x080097a0   0x0000005c   Code   RO         1166    i.nRF_TxSetRP1P2    nrf24l01.o
    0x080097fc   0x00000028   Code   RO         1167    i.nRF_TxSetTXRP0    nrf24l01.o
    0x08009824   0x00000028   Code   RO         1168    i.nRF_WriteTxBuffer  nrf24l01.o
    0x0800984c   0x0000004c   Code   RO          882    i.nRF_getAddr       config.o
    0x08009898   0x00000054   Code   RO          883    i.nRF_setAddr       config.o
    0x080098ec   0x00000064   Code   RO          884    i.nRF_updateAddr    config.o
    0x08009950   0x000000fc   Code   RO         4496    i.pcm_Init          pcm.o
    0x08009a4c   0x00000038   Code   RO         4497    i.pcm_Init_Shutdown_Pin  pcm.o
    0x08009a84   0x0000001c   Code   RO         4498    i.pcm_checkbuf      pcm.o
    0x08009aa0   0x00000038   Code   RO         4499    i.pcm_close         pcm.o
    0x08009ad8   0x00000034   Code   RO         4500    i.pcm_fillbuf       pcm.o
    0x08009b0c   0x00000068   Code   RO         4502    i.pcm_open          pcm.o
    0x08009b74   0x0000008c   Code   RO         1040    i.play_check        hdr.o
    0x08009c00   0x0000003c   Code   RO         1041    i.play_status       hdr.o
    0x08009c3c   0x00000050   Code   RO         4377    i.playbgm           audio.o
    0x08009c8c   0x00000010   Code   RO         1675    i.poweroff          mma7660fc.o
    0x08009c9c   0x00000034   Code   RO         1676    i.poweron           mma7660fc.o
    0x08009cd0   0x0000000c   Code   RO          885    i.readSlaverID      config.o
    0x08009cdc   0x00000050   Code   RO         2093    i.recev_Init        recev.o
    0x08009d2c   0x000004a8   Code   RO         2094    i.recevcheck        recev.o
    0x0800a1d4   0x0000004c   Code   RO          142    i.resetupdate       xiaomu.o
    0x0800a220   0x00000024   Code   RO         1813    i.sentencePlay      sentence.o
    0x0800a244   0x00000018   Code   RO         2065    i.setLine           oneline.o
    0x0800a25c   0x00000030   Code   RO         1966    i.set_mode          singlewireslave.o
    0x0800a28c   0x00000098   Code   RO          886    i.setgname          config.o
    0x0800a324   0x00000024   Code   RO          143    i.shutdown          xiaomu.o
    0x0800a348   0x00000210   Code   RO          144    i.slaver_main       xiaomu.o
    0x0800a558   0x0000007e   Code   RO          145    i.slaverpowerOff    xiaomu.o
    0x0800a5d6   0x00000002   PAD
    0x0800a5d8   0x0000009c   Code   RO         1814    i.sndInit           sentence.o
    0x0800a674   0x00000038   Code   RO         2095    i.sort              recev.o
    0x0800a6ac   0x00000178   Code   RO         1815    i.stCheck           sentence.o
    0x0800a824   0x00000060   Code   RO         1816    i.stFillBuf         sentence.o
    0x0800a884   0x00000074   Code   RO         1817    i.stOpenSentence    sentence.o
    0x0800a8f8   0x0000001a   Code   RO         4303    i.uDelay            cmos.o
    0x0800a912   0x00000002   PAD
    0x0800a914   0x00000030   Code   RO          146    i.updateend         xiaomu.o
    0x0800a944   0x00000074   Code   RO          147    i.updategame        xiaomu.o
    0x0800a9b8   0x00000014   Code   RO          887    i.witeproisok       config.o
    0x0800a9cc   0x0000002a   Code   RO          888    i.writeconfig       config.o
    0x0800a9f6   0x00000002   PAD
    0x0800a9f8   0x0000003c   Data   RO          281    .constdata          hardware.o
    0x0800aa34   0x000000b8   Data   RO          861    .constdata          genginecfg.o
    0x0800aaec   0x00000020   Data   RO         4638    Region$$Table       anon$$obj.o


    Execution Region RW_IRAM1 (Base: 0x20000000, Size: 0x0000fef0, Max: 0x00010000, ABSOLUTE, COMPRESSED[0x00000504])

    Base Addr    Size         Type   Attr      Idx    E Section Name        Object

    0x20000000   0x0000002d   Data   RW          149    .data               xiaomu.o
    0x2000002d   0x00000003   PAD
    0x20000030   0x00001010   Data   RW          415    .data               display.o
    0x20001040   0x00000008   Data   RW          638    .data               nrf.o
    0x20001048   0x00000014   Data   RW          690    .data               g-sensor.o
    0x2000105c   0x00000007   Data   RW         1169    .data               nrf24l01.o
    0x20001063   0x00000001   Data   RW         1345    .data               lcd.o
    0x20001064   0x00000008   Data   RW         1607    .data               motor.o
    0x2000106c   0x000000b4   Data   RW         1678    .data               mma7660fc.o
    0x20001120   0x00000008   Data   RW         1819    .data               sentence.o
    0x20001128   0x00000004   Data   RW         1887    .data               battery.o
    0x2000112c   0x00000022   Data   RW         1968    .data               singlewireslave.o
    0x2000114e   0x00000002   PAD
    0x20001150   0x0000000c   Data   RW         4304    .data               cmos.o
    0x2000115c   0x00001038   Data   RW         4379    .data               audio.o
    0x20002194   0x00000016   Data   RW         4503    .data               pcm.o
    0x200021aa   0x00000002   PAD
    0x200021ac   0x000001a4   Data   RW         4552    .data               adpcm.o
    0x20002350   0x00002000   Zero   RW          148    .bss                xiaomu.o
    0x20004350   0x00008180   Zero   RW          414    .bss                display.o
    0x2000c4d0   0x00000038   Zero   RW          576    .bss                file.o
    0x2000c508   0x000001e0   Zero   RW          637    .bss                nrf.o
    0x2000c6e8   0x0000001c   Zero   RW          889    .bss                config.o
    0x2000c704   0x00000190   Zero   RW         1042    .bss                hdr.o
    0x2000c894   0x0000005a   Zero   RW         1677    .bss                mma7660fc.o
    0x2000c8ee   0x00000002   PAD
    0x2000c8f0   0x00000048   Zero   RW         1818    .bss                sentence.o
    0x2000c938   0x0000003c   Zero   RW         1967    .bss                singlewireslave.o
    0x2000c974   0x00000978   Zero   RW         2096    .bss                recev.o
    0x2000d2ec   0x00002004   Zero   RW         4378    .bss                audio.o
    0x2000f2f0   0x00000c00   Zero   RW            1    STACK               startup_stm32f10x_hd.o


==============================================================================

Image component sizes


      Code (inc. data)   RO Data    RW Data    ZI Data      Debug   Object Name

       228         14          0        420          0       1656   adpcm.o
       520         50          0       4152       8196       7227   audio.o
       368         38          0          4          0      12533   battery.o
       260          0          0          0          0       1309   chanel.o
       188          0          0          0          0       3176   cmlib.o
       444         52          0         12          0       6560   cmos.o
       838         58          0          0         28       9642   config.o
        32          0          0          0          0       2053   decode.o
      1818         82          0       4112      33152      14474   display.o
       520         16          0          0         56       6392   file.o
      1558         92          0          0          0      13568   flash.o
      1112         74          0         20          0       5304   g-sensor.o
       212         10          0          0          0       1583   gd62429.o
         0          0        184          0          0       1587   genginecfg.o
       692         32         60          0          0       2264   hardware.o
      1216         26          0          0        400       8067   hdr.o
       578         52          0          1          0       7062   lcd.o
        24          8          0          0          0     217423   main.o
       132         22          0          0          0       1479   misc.o
       172          6          0          0          0       1276   mix.o
      1698        144          0        180         90      14058   mma7660fc.o
       200         38          0          8          0       2993   motor.o
       144         36          0          8        480       2341   nrf.o
      1412        138          0          7          0      23109   nrf24l01.o
       132         20          0          0          0       1053   oneline.o
       824        136          0         22          0       4749   pcm.o
      1860         92          0          0       2424      17033   recev.o
      1118        166          0          8         72       7177   sentence.o
       908        108          0         34         60       8667   singlewireslave.o
       530         18          0          0          0       3824   slaverapis2.o
        60         16        304          0       3072        888   startup_stm32f10x_hd.o
       490         24          0          0          0       8251   stm32f10x_adc.o
        60         14          0          0          0       1842   stm32f10x_crc.o
        32          6          0          0          0        540   stm32f10x_dbgmcu.o
       506         26          0          0          0       5007   stm32f10x_dma.o
       200         18          0          0          0       2024   stm32f10x_exti.o
        52         12          0          0          0       1053   stm32f10x_flash.o
       522         10          0          0          0       5512   stm32f10x_gpio.o
        30          0          0          0          0      20806   stm32f10x_it.o
        68         30          0          0          0       2390   stm32f10x_iwdg.o
       604         96          0          0          0      11431   stm32f10x_rcc.o
       118          0          0          0          0       4238   stm32f10x_spi.o
       740        106          0          0          0       4719   stm32f10x_tim.o
       328         28          0          0          0       1901   system_stm32f10x.o
         0          0          0          0          0       1676   usart.o
      2420        184          0         45       8192      30035   xiaomu.o

    ----------------------------------------------------------------------
     26020       2098        580       9040      56224     511952   Object Totals
         0          0         32          0          0          0   (incl. Generated)
        52          0          0          7          2          0   (incl. Padding)

    ----------------------------------------------------------------------

      Code (inc. data)   RO Data    RW Data    ZI Data      Debug   Library Member Name

        86          0          0          0          0          0   __dczerorl2.o
         0          0          0          0          0          0   entry.o
         0          0          0          0          0          0   entry10a.o
         0          0          0          0          0          0   entry11a.o
         8          4          0          0          0          0   entry2.o
         4          0          0          0          0          0   entry5.o
         0          0          0          0          0          0   entry7b.o
         0          0          0          0          0          0   entry8b.o
         8          4          0          0          0          0   entry9a.o
        30          0          0          0          0          0   handlers.o
        36          8          0          0          0         68   init.o
         0          0          0          0          0          0   iusefp.o
        30          0          0          0          0         68   llshl.o
        32          0          0          0          0         68   llushr.o
        36          0          0          0          0         68   memcpya.o
        36          0          0          0          0        108   memseta.o
       182          0          0          0          0        176   depilogue.o
        50          0          0          0          0         76   dfixui.o
        34          0          0          0          0         76   dflti.o
       228          0          0          0          0         96   dmul.o

    ----------------------------------------------------------------------
       804         16          0          0          0        804   Library Totals
         4          0          0          0          0          0   (incl. Padding)

    ----------------------------------------------------------------------

      Code (inc. data)   RO Data    RW Data    ZI Data      Debug   Library Name

       306         16          0          0          0        380   mc_w.l
       494          0          0          0          0        424   mf_w.l

    ----------------------------------------------------------------------
       804         16          0          0          0        804   Library Totals

    ----------------------------------------------------------------------

==============================================================================


      Code (inc. data)   RO Data    RW Data    ZI Data      Debug   

     26824       2114        580       9040      56224     495308   Grand Totals
     26824       2114        580       1284      56224     495308   ELF Image Totals (compressed)
     26824       2114        580       1284          0          0   ROM Totals

==============================================================================

    Total RO  Size (Code + RO Data)                27404 (  26.76kB)
    Total RW  Size (RW Data + ZI Data)             65264 (  63.73kB)
    Total ROM Size (Code + RO Data + RW Data)      28688 (  28.02kB)

==============================================================================

