ARM Linker, 5.03 [Build 76] [MDK-ARM Standard]

==============================================================================

Section Cross References

    startup_stm32f10x_hd.o(RESET) refers to startup_stm32f10x_hd.o(STACK) for __initial_sp
    startup_stm32f10x_hd.o(RESET) refers to startup_stm32f10x_hd.o(.text) for Reset_Handler
    startup_stm32f10x_hd.o(RESET) refers to mma7660fc.o(i.EXTI0_IRQHandler) for EXTI0_IRQHandler
    startup_stm32f10x_hd.o(RESET) refers to nrf24l01.o(i.EXTI9_5_IRQHandler) for EXTI9_5_IRQHandler
    startup_stm32f10x_hd.o(RESET) refers to stm32f10x_it.o(i.TIM2_IRQHandler) for TIM2_IRQHandler
    startup_stm32f10x_hd.o(RESET) refers to pcm.o(i.TIM3_IRQHandler) for TIM3_IRQHandler
    startup_stm32f10x_hd.o(RESET) refers to singlewireslave.o(i.EXTI15_10_IRQHandler) for EXTI15_10_IRQHandler
    startup_stm32f10x_hd.o(.text) refers to system_stm32f10x.o(i.SystemInit) for SystemInit
    startup_stm32f10x_hd.o(.text) refers to entry.o(.ARM.Collect$$$$00000000) for __main
    main.o(i.main) refers to xiaomu.o(i.slaver_main) for slaver_main
    stm32f10x_it.o(i.TIM2_IRQHandler) refers to stm32f10x_tim.o(i.TIM_GetITStatus) for TIM_GetITStatus
    stm32f10x_it.o(i.TIM2_IRQHandler) refers to stm32f10x_tim.o(i.TIM_ClearITPendingBit) for TIM_ClearITPendingBit
    stm32f10x_it.o(i.TIM2_IRQHandler) refers to cmos.o(i.CMOS_TimerProcess) for CMOS_TimerProcess
    stm32f10x_it.o(i.TIM2_IRQHandler) refers to motor.o(i.Motor_Check) for Motor_Check
    stm32f10x_it.o(i.TIM2_IRQHandler) refers to send.o(i.sendservice) for sendservice
    stm32f10x_it.o(i.TIM2_IRQHandler) refers to stm32f10x_it.o(.data) for halfmscnt
    xiaomu.o(i.GEA_PowerOff) refers to xiaomu.o(i.slaverpowerOff) for slaverpowerOff
    xiaomu.o(i.GEA_Transport) refers to xiaomu.o(i.slaverpowerOff) for slaverpowerOff
    xiaomu.o(i.G_CallFuntion) refers to genginecfg.o(.constdata) for TB_GE_MsgApiInfo
    xiaomu.o(i.SW_Check) refers to memseta.o(.text) for __aeabi_memclr4
    xiaomu.o(i.SW_Check) refers to singlewireslave.o(i.SWS_BytesToRead) for SWS_BytesToRead
    xiaomu.o(i.SW_Check) refers to singlewireslave.o(i.SWS_getBytes) for SWS_getBytes
    xiaomu.o(i.SW_Check) refers to singlewireslave.o(i.SWS_ReadBytes) for SWS_ReadBytes
    xiaomu.o(i.SW_Check) refers to config.o(i.nRF_getAddr) for nRF_getAddr
    xiaomu.o(i.SW_Check) refers to singlewireslave.o(i.SWS_SendBytes) for SWS_SendBytes
    xiaomu.o(i.SW_Check) refers to config.o(i.nRF_setAddr) for nRF_setAddr
    xiaomu.o(i.SW_Check) refers to config.o(i.readSlaverID) for readSlaverID
    xiaomu.o(i.SW_Check) refers to config.o(i.WriteSlaverID) for WriteSlaverID
    xiaomu.o(i.SW_Check) refers to cmos.o(i.mDelay) for mDelay
    xiaomu.o(i.SW_Check) refers to config.o(i.Resetproisok) for Resetproisok
    xiaomu.o(i.SW_Check) refers to startup_stm32f10x_hd.o(.text) for SystemReset
    xiaomu.o(i.SW_Check) refers to cmos.o(i.CMOS_GetTimer) for CMOS_GetTimer
    xiaomu.o(i.SW_Check) refers to oneline.o(i.ONELINE_Init) for ONELINE_Init
    xiaomu.o(i.SW_Check) refers to nrf24l01.o(i.nRF_TxSetRP1P2) for nRF_TxSetRP1P2
    xiaomu.o(i.SW_Check) refers to singlewireslave.o(.data) for _send_buf
    xiaomu.o(i.checkpower) refers to battery.o(i.Bat_GetAD) for Bat_GetAD
    xiaomu.o(i.checkpower) refers to display.o(i.Display_Initialization) for Display_Initialization
    xiaomu.o(i.checkpower) refers to display.o(i.Console_Open) for Console_Open
    xiaomu.o(i.checkpower) refers to stm32f10x_iwdg.o(i.IWDG_ReloadCounter) for IWDG_ReloadCounter
    xiaomu.o(i.checkpower) refers to cmos.o(i.mDelay) for mDelay
    xiaomu.o(i.checkpower) refers to cmos.o(i.CMOS_GetTimer) for CMOS_GetTimer
    xiaomu.o(i.checkpower) refers to battery.o(i.Bat_IsChargForSlave) for Bat_IsChargForSlave
    xiaomu.o(i.checkpower) refers to cmos.o(i.CMOS_GetTimerCount) for CMOS_GetTimerCount
    xiaomu.o(i.checkpower) refers to xiaomu.o(i.shutdown) for shutdown
    xiaomu.o(i.checkpower) refers to battery.o(i.Bat_IsCharging) for Bat_IsCharging
    xiaomu.o(i.checkpower) refers to xiaomu.o(.data) for powersum
    xiaomu.o(i.initionNRF) refers to nrf.o(i.nRF_Initialization) for nRF_Initialization
    xiaomu.o(i.initionNRF) refers to config.o(i.nRF_updateAddr) for nRF_updateAddr
    xiaomu.o(i.initionNRF) refers to hardware.o(i.hardware_main) for hardware_main
    xiaomu.o(i.initionNRF) refers to nrf24l01.o(i.nRF_InitReg) for nRF_InitReg
    xiaomu.o(i.initionNRF) refers to nrf24l01.o(i.nRF_EXTIcfg) for nRF_EXTIcfg
    xiaomu.o(i.initionNRF) refers to nrf24l01.o(i.nRF_RecieveMode) for nRF_RecieveMode
    xiaomu.o(i.nRF_IRQHandler) refers to cmos.o(i.ClrAutoPowerOff) for ClrAutoPowerOff
    xiaomu.o(i.nRF_IRQHandler) refers to nrf24l01.o(i.nRF_ReadRxBuffer) for nRF_ReadRxBuffer
    xiaomu.o(i.nRF_IRQHandler) refers to cmlib.o(i.FIFO_GetPushIndex) for FIFO_GetPushIndex
    xiaomu.o(i.nRF_IRQHandler) refers to nrf24l01.o(i.SendMessage) for SendMessage
[...]
    witeproisok                              0x0800a339   Thumb Code    14  config.o(i.witeproisok)
    i.writeconfig                            0x0800a34c   Section        0  config.o(i.writeconfig)
    .constdata                               0x0800a378   Section       60  hardware.o(.constdata)
    .constdata                               0x0800a3b4   Section      176  genginecfg.o(.constdata)
    .data                                    0x20000000   Section        1  stm32f10x_it.o(.data)
    halfmscnt                                0x20000000   Data           1  stm32f10x_it.o(.data)
    .data                                    0x20000004   Section       49  xiaomu.o(.data)
    forcnt                                   0x20000008   Data           4  xiaomu.o(.data)
    ppid                                     0x2000000c   Data           1  xiaomu.o(.data)
    data_pid                                 0x20000024   Data           1  xiaomu.o(.data)
    .data                                    0x20000036   Section        6  usart.o(.data)
    R_RxFIFO                                 0x20000036   Data           6  usart.o(.data)
    .data                                    0x2000003c   Section     4112  display.o(.data)
    displayisinit                            0x2000103d   Data           1  display.o(.data)
    DisplayFLAG                              0x20001040   Data           4  display.o(.data)
    R_ConsoleReg                             0x20001044   Data           8  display.o(.data)
    .data                                    0x2000104c   Section        8  nrf.o(.data)
    .data                                    0x20001054   Section       20  g-sensor.o(.data)
    g_x                                      0x20001054   Data           1  g-sensor.o(.data)
    g_y                                      0x20001055   Data           1  g-sensor.o(.data)
    g_z                                      0x20001056   Data           1  g-sensor.o(.data)
    g_box_x                                  0x20001057   Data           1  g-sensor.o(.data)
    g_box_y                                  0x20001058   Data           1  g-sensor.o(.data)
    g_box_z                                  0x20001059   Data           1  g-sensor.o(.data)
    last_shake_time                          0x2000105c   Data           4  g-sensor.o(.data)
    g_ss                                     0x20001060   Data           8  g-sensor.o(.data)
    .data                                    0x20001068   Section        7  nrf24l01.o(.data)
    .data                                    0x2000106f   Section        1  lcd.o(.data)
    lcdstatu                                 0x2000106f   Data           1  lcd.o(.data)
    .data                                    0x20001070   Section        5  motor.o(.data)
    motor_timer                              0x20001070   Data           4  motor.o(.data)
    MotorFlag                                0x20001074   Data           1  motor.o(.data)
    .data                                    0x20001078   Section      180  mma7660fc.o(.data)
    _x                                       0x20001078   Data           1  mma7660fc.o(.data)
    _y                                       0x20001079   Data           1  mma7660fc.o(.data)
    _z                                       0x2000107a   Data           1  mma7660fc.o(.data)
    _xyz_state                               0x2000107b   Data           1  mma7660fc.o(.data)
    _index                                   0x2000107c   Data           4  mma7660fc.o(.data)
    _g_value                                 0x20001080   Data         132  mma7660fc.o(.data)
    _angle                                   0x20001104   Data          33  mma7660fc.o(.data)
    .data                                    0x2000112c   Section        8  sentence.o(.data)
    st_stStatus                              0x2000112c   Data           2  sentence.o(.data)
    st_voiceIndex                            0x2000112e   Data           1  sentence.o(.data)
    st_varIndex                              0x2000112f   Data           1  sentence.o(.data)
    st_listIndex                             0x20001130   Data           1  sentence.o(.data)
    st_SentenceIndex                         0x20001131   Data           1  sentence.o(.data)
    playplindex                              0x20001132   Data           2  sentence.o(.data)
    .data                                    0x20001134   Section        4  battery.o(.data)
    cache                                    0x20001134   Data           4  battery.o(.data)
    .data                                    0x20001138   Section       34  singlewireslave.o(.data)
    _send_byte                               0x2000114c   Data           1  singlewireslave.o(.data)
    _recv_byte                               0x2000114d   Data           1  singlewireslave.o(.data)
    _last_time                               0x20001150   Data           4  singlewireslave.o(.data)
    _tmp                                     0x20001154   Data           4  singlewireslave.o(.data)
    _count_of_rising_edge                    0x20001158   Data           1  singlewireslave.o(.data)
    _count_of_recv_bit                       0x20001159   Data           1  singlewireslave.o(.data)
    .data                                    0x2000115c   Section        4  send.o(.data)
    mscnt                                    0x2000115c   Data           4  send.o(.data)
    .data                                    0x20001160   Section       20  stm32f10x_rcc.o(.data)
    APBAHBPrescTable                         0x20001160   Data          16  stm32f10x_rcc.o(.data)
    ADCPrescTable                            0x20001170   Data           4  stm32f10x_rcc.o(.data)
    .data                                    0x20001174   Section       12  cmos.o(.data)
    .data                                    0x20001180   Section     4152  audio.o(.data)
    voice                                    0x20001180   Data        2076  audio.o(.data)
    bgm                                      0x2000199c   Data        2076  audio.o(.data)
    .data                                    0x200021b8   Section       24  pcm.o(.data)
    testdata                                 0x200021b8   Data           2  pcm.o(.data)
    pcm_buf1                                 0x200021bc   Data           4  pcm.o(.data)
    pcm_buf2                                 0x200021c0   Data           4  pcm.o(.data)
    pcm_bufp                                 0x200021c4   Data           4  pcm.o(.data)
    pcm_index                                0x200021c8   Data           2  pcm.o(.data)
    pcm_isopen                               0x200021cc   Data           4  pcm.o(.data)
    .data                                    0x200021d0   Section      420  adpcm.o(.data)
    indexTable                               0x200021d0   Data          64  adpcm.o(.data)
    stepsizeTable                            0x20002210   Data         356  adpcm.o(.data)
    .bss                                     0x20002374   Section     8192  xiaomu.o(.bss)
    .bss                                     0x20004374   Section    33152  display.o(.bss)
    g_graphs                                 0x20004374   Data         384  display.o(.bss)
    R_DisplayBuffer                          0x200044f4   Data       32768  display.o(.bss)
    .bss                                     0x2000c4f4   Section       56  file.o(.bss)
    str_data_base                            0x2000c4f4   Data          28  file.o(.bss)
    str_game_base                            0x2000c510   Data          28  file.o(.bss)
    .bss                                     0x2000c52c   Section      480  nrf.o(.bss)
    .bss                                     0x2000c70c   Section       28  config.o(.bss)
    conf                                     0x2000c70c   Data          28  config.o(.bss)
    .bss                                     0x2000c728   Section      400  hdr.o(.bss)
    players                                  0x2000c728   Data         400  hdr.o(.bss)
    .bss                                     0x2000c8b8   Section       90  mma7660fc.o(.bss)
    _x_buf                                   0x2000c8b8   Data          30  mma7660fc.o(.bss)
    _y_buf                                   0x2000c8d6   Data          30  mma7660fc.o(.bss)
    _z_buf                                   0x2000c8f4   Data          30  mma7660fc.o(.bss)
    .bss                                     0x2000c914   Section       72  sentence.o(.bss)
    st_voiceidBuf                            0x2000c914   Data          16  sentence.o(.bss)
    st_varBuf                                0x2000c924   Data          16  sentence.o(.bss)
    st_listBuf                               0x2000c934   Data          16  sentence.o(.bss)
    st_sentenceBuf                           0x2000c944   Data          24  sentence.o(.bss)
    .bss                                     0x2000c95c   Section       60  singlewireslave.o(.bss)
    _recv                                    0x2000c95c   Data          20  singlewireslave.o(.bss)
    _send                                    0x2000c970   Data          20  singlewireslave.o(.bss)
    _recv_buf                                0x2000c984   Data          20  singlewireslave.o(.bss)
    .bss                                     0x2000c998   Section       28  send.o(.bss)
    nearsensor                               0x2000c998   Data          28  send.o(.bss)
    .bss                                     0x2000c9b4   Section     8196  audio.o(.bss)
    mixer                                    0x2000c9b4   Data        8196  audio.o(.bss)
    STACK                                    0x2000e9b8   Section     3072  startup_stm32f10x_hd.o(STACK)

    Global Symbols

    Symbol Name                              Value     Ov Type        Size  Object(Section)

    BuildAttributes$$THM_ISAv4$P$D$K$B$S$PE$A:L22UL41UL21$X:L11$S22US41US21$IEEE1$IW$USESV6$~STKCKD$USESV7$~SHL$OTIME$ROPI$EBA8$MICROLIB$REQ8$PRES8$EABIv2 0x00000000   Number         0  anon$$obj.o ABSOLUTE
    __ARM_use_no_argv                        0x00000000   Number         0  main.o ABSOLUTE
    __cpp_initialize__aeabi_                  - Undefined Weak Reference
    __cxa_finalize                            - Undefined Weak Reference
    _clock_init                               - Undefined Weak Reference
    _microlib_exit                            - Undefined Weak Reference
    __Vectors_Size                           0x00000130   Number         0  startup_stm32f10x_hd.o ABSOLUTE
    __Vectors                                0x08004000   Data           4  startup_stm32f10x_hd.o(RESET)
    __Vectors_End                            0x08004130   Data           0  startup_stm32f10x_hd.o(RESET)
    __main                                   0x08004131   Thumb Code     0  entry.o(.ARM.Collect$$$$00000000)
    _main_stk                                0x08004131   Thumb Code     0  entry2.o(.ARM.Collect$$$$00000001)
    _main_scatterload                        0x08004135   Thumb Code     0  entry5.o(.ARM.Collect$$$$00000004)
    __main_after_scatterload                 0x08004139   Thumb Code     0  entry5.o(.ARM.Collect$$$$00000004)
    _main_clock                              0x08004139   Thumb Code     0  entry7b.o(.ARM.Collect$$$$00000008)
    _main_cpp_init                           0x08004139   Thumb Code     0  entry8b.o(.ARM.Collect$$$$0000000A)
    _main_init                               0x08004139   Thumb Code     0  entry9a.o(.ARM.Collect$$$$0000000B)
    __rt_final_cpp                           0x08004141   Thumb Code     0  entry10a.o(.ARM.Collect$$$$0000000D)
    __rt_final_exit                          0x08004141   Thumb Code     0  entry11a.o(.ARM.Collect$$$$0000000F)
    Reset_Handler                            0x08004145   Thumb Code     8  startup_stm32f10x_hd.o(.text)
    NMI_Handler                              0x0800414d   Thumb Code     2  startup_stm32f10x_hd.o(.text)
    HardFault_Handler                        0x0800414f   Thumb Code     2  startup_stm32f10x_hd.o(.text)
    MemManage_Handler                        0x08004151   Thumb Code     2  startup_stm32f10x_hd.o(.text)
    BusFault_Handler                         0x08004153   Thumb Code     2  startup_stm32f10x_hd.o(.text)
    UsageFault_Handler                       0x08004155   Thumb Code     2  startup_stm32f10x_hd.o(.text)
    SVC_Handler                              0x08004157   Thumb Code     2  startup_stm32f10x_hd.o(.text)
    DebugMon_Handler                         0x08004159   Thumb Code     2  startup_stm32f10x_hd.o(.text)
    PendSV_Handler                           0x0800415b   Thumb Code     2  startup_stm32f10x_hd.o(.text)
    SysTick_Handler                          0x0800415d   Thumb Code     2  startup_stm32f10x_hd.o(.text)
    ADC1_2_IRQHandler                        0x0800415f   Thumb Code     0  startup_stm32f10x_hd.o(.text)
    ADC3_IRQHandler                          0x0800415f   Thumb Code     0  startup_stm32f10x_hd.o(.text)
    CAN1_RX1_IRQHandler                      0x0800415f   Thumb Code     0  startup_stm32f10x_hd.o(.text)
    CAN1_SCE_IRQHandler                      0x0800415f   Thumb Code     0  startup_stm32f10x_hd.o(.text)
    DMA1_Channel1_IRQHandler                 0x0800415f   Thumb Code     0  startup_stm32f10x_hd.o(.text)
    DMA1_Channel2_IRQHandler                 0x0800415f   Thumb Code     0  startup_stm32f10x_hd.o(.text)
    DMA1_Channel3_IRQHandler                 0x0800415f   Thumb Code     0  startup_stm32f10x_hd.o(.text)
    DMA1_Channel4_IRQHandler                 0x0800415f   Thumb Code     0  startup_stm32f10x_hd.o(.text)
    DMA1_Channel5_IRQHandler                 0x0800415f   Thumb Code     0  startup_stm32f10x_hd.o(.text)
    DMA1_Channel6_IRQHandler                 0x0800415f   Thumb Code     0  startup_stm32f10x_hd.o(.text)
    DMA1_Channel7_IRQHandler                 0x0800415f   Thumb Code     0  startup_stm32f10x_hd.o(.text)
    DMA2_Channel1_IRQHandler                 0x0800415f   Thumb Code     0  startup_stm32f10x_hd.o(.text)
    DMA2_Channel2_IRQHandler                 0x0800415f   Thumb Code     0  startup_stm32f10x_hd.o(.text)
    DMA2_Channel3_IRQHandler                 0x0800415f   Thumb Code     0  startup_stm32f10x_hd.o(.text)
    DMA2_Channel4_5_IRQHandler               0x0800415f   Thumb Code     0  startup_stm32f10x_hd.o(.text)
    EXTI1_IRQHandler                         0x0800415f   Thumb Code     0  startup_stm32f10x_hd.o(.text)
    EXTI2_IRQHandler                         0x0800415f   Thumb Code     0  startup_stm32f10x_hd.o(.text)
    EXTI3_IRQHandler                         0x0800415f   Thumb Code     0  startup_stm32f10x_hd.o(.text)
    EXTI4_IRQHandler                         0x0800415f   Thumb Code     0  startup_stm32f10x_hd.o(.text)
    FLASH_IRQHandler                         0x0800415f   Thumb Code     0  startup_stm32f10x_hd.o(.text)
    FSMC_IRQHandler                          0x0800415f   Thumb Code     0  startup_stm32f10x_hd.o(.text)
    I2C1_ER_IRQHandler                       0x0800415f   Thumb Code     0  startup_stm32f10x_hd.o(.text)
    I2C1_EV_IRQHandler                       0x0800415f   Thumb Code     0  startup_stm32f10x_hd.o(.text)
    I2C2_ER_IRQHandler                       0x0800415f   Thumb Code     0  startup_stm32f10x_hd.o(.text)
    I2C2_EV_IRQHandler                       0x0800415f   Thumb Code     0  startup_stm32f10x_hd.o(.text)
    PVD_IRQHandler                           0x0800415f   Thumb Code     0  startup_stm32f10x_hd.o(.text)
    RCC_IRQHandler                           0x0800415f   Thumb Code     0  startup_stm32f10x_hd.o(.text)
    RTCAlarm_IRQHandler                      0x0800415f   Thumb Code     0  startup_stm32f10x_hd.o(.text)
    RTC_IRQHandler                           0x0800415f   Thumb Code     0  startup_stm32f10x_hd.o(.text)
    SDIO_IRQHandler                          0x0800415f   Thumb Code     0  startup_stm32f10x_hd.o(.text)
    SPI1_IRQHandler                          0x0800415f   Thumb Code     0  startup_stm32f10x_hd.o(.text)
    SPI2_IRQHandler                          0x0800415f   Thumb Code     0  startup_stm32f10x_hd.o(.text)
    SPI3_IRQHandler                          0x0800415f   Thumb Code     0  startup_stm32f10x_hd.o(.text)
    TAMPER_IRQHandler                        0x0800415f   Thumb Code     0  startup_stm32f10x_hd.o(.text)
    TIM1_BRK_IRQHandler                      0x0800415f   Thumb Code     0  startup_stm32f10x_hd.o(.text)
    TIM1_CC_IRQHandler                       0x0800415f   Thumb Code     0  startup_stm32f10x_hd.o(.text)
    TIM1_TRG_COM_IRQHandler                  0x0800415f   Thumb Code     0  startup_stm32f10x_hd.o(.text)
    TIM1_UP_IRQHandler                       0x0800415f   Thumb Code     0  startup_stm32f10x_hd.o(.text)
    TIM4_IRQHandler                          0x0800415f   Thumb Code     0  startup_stm32f10x_hd.o(.text)
    TIM5_IRQHandler                          0x0800415f   Thumb Code     0  startup_stm32f10x_hd.o(.text)
    TIM6_IRQHandler                          0x0800415f   Thumb Code     0  startup_stm32f10x_hd.o(.text)
    TIM7_IRQHandler                          0x0800415f   Thumb Code     0  startup_stm32f10x_hd.o(.text)
    TIM8_BRK_IRQHandler                      0x0800415f   Thumb Code     0  startup_stm32f10x_hd.o(.text)
    TIM8_CC_IRQHandler                       0x0800415f   Thumb Code     0  startup_stm32f10x_hd.o(.text)
    TIM8_TRG_COM_IRQHandler                  0x0800415f   Thumb Code     0  startup_stm32f10x_hd.o(.text)
    TIM8_UP_IRQHandler                       0x0800415f   Thumb Code     0  startup_stm32f10x_hd.o(.text)
    UART4_IRQHandler                         0x0800415f   Thumb Code     0  startup_stm32f10x_hd.o(.text)
    UART5_IRQHandler                         0x0800415f   Thumb Code     0  startup_stm32f10x_hd.o(.text)
    USART1_IRQHandler                        0x0800415f   Thumb Code     0  startup_stm32f10x_hd.o(.text)
    USART2_IRQHandler                        0x0800415f   Thumb Code     0  startup_stm32f10x_hd.o(.text)
    USART3_IRQHandler                        0x0800415f   Thumb Code     0  startup_stm32f10x_hd.o(.text)
    USBWakeUp_IRQHandler                     0x0800415f   Thumb Code     0  startup_stm32f10x_hd.o(.text)
    USB_HP_CAN1_TX_IRQHandler                0x0800415f   Thumb Code     0  startup_stm32f10x_hd.o(.text)
    USB_LP_CAN1_RX0_IRQHandler               0x0800415f   Thumb Code     0  startup_stm32f10x_hd.o(.text)
    WWDG_IRQHandler                          0x0800415f   Thumb Code     0  startup_stm32f10x_hd.o(.text)
    SystemReset                              0x08004161   Thumb Code    16  startup_stm32f10x_hd.o(.text)
    __aeabi_memcpy                           0x08004181   Thumb Code    36  memcpya.o(.text)
    __aeabi_memcpy4                          0x08004181   Thumb Code     0  memcpya.o(.text)
    __aeabi_memcpy8                          0x08004181   Thumb Code     0  memcpya.o(.text)
    __aeabi_memset                           0x080041a5   Thumb Code    14  memseta.o(.text)
    __aeabi_memset4                          0x080041a5   Thumb Code     0  memseta.o(.text)
    __aeabi_memset8                          0x080041a5   Thumb Code     0  memseta.o(.text)
    __aeabi_memclr                           0x080041b3   Thumb Code     4  memseta.o(.text)
    __aeabi_memclr4                          0x080041b3   Thumb Code     0  memseta.o(.text)
    __aeabi_memclr8                          0x080041b3   Thumb Code     0  memseta.o(.text)
    _memset$wrapper                          0x080041b7   Thumb Code    18  memseta.o(.text)
    __aeabi_dmul                             0x080041c9   Thumb Code   228  dmul.o(.text)
    __aeabi_i2d                              0x080042ad   Thumb Code    34  dflti.o(.text)
    __aeabi_d2uiz                            0x080042cf   Thumb Code    50  dfixui.o(.text)
    __aeabi_llsl                             0x08004301   Thumb Code    30  llshl.o(.text)
    _ll_shift_l                              0x08004301   Thumb Code     0  llshl.o(.text)
    __aeabi_llsr                             0x0800431f   Thumb Code    32  llushr.o(.text)
    _ll_ushift_r                             0x0800431f   Thumb Code     0  llushr.o(.text)
    __I$use$fp                               0x0800433f   Thumb Code     0  iusefp.o(.text)
    _double_round                            0x0800433f   Thumb Code    26  depilogue.o(.text)
    _double_epilogue                         0x08004359   Thumb Code   164  depilogue.o(.text)
    __scatterload                            0x080043fd   Thumb Code    28  init.o(.text)
    __scatterload_rt2                        0x080043fd   Thumb Code     0  init.o(.text)
    __decompress                             0x08004421   Thumb Code     0  __dczerorl2.o(.text)
    __decompress1                            0x08004421   Thumb Code    92  __dczerorl2.o(.text)
    ADC_Cmd                                  0x0800447d   Thumb Code    22  stm32f10x_adc.o(i.ADC_Cmd)
    ADC_GetCalibrationStatus                 0x08004493   Thumb Code    20  stm32f10x_adc.o(i.ADC_GetCalibrationStatus)
    ADC_GetConversionValue                   0x080044a7   Thumb Code     8  stm32f10x_adc.o(i.ADC_GetConversionValue)
    ADC_GetResetCalibrationStatus            0x080044af   Thumb Code    20  stm32f10x_adc.o(i.ADC_GetResetCalibrationStatus)
    ADC_Init                                 0x080044c5   Thumb Code    70  stm32f10x_adc.o(i.ADC_Init)
    ADC_RegularChannelConfig                 0x08004515   Thumb Code   184  stm32f10x_adc.o(i.ADC_RegularChannelConfig)
    ADC_ResetCalibration                     0x080045cd   Thumb Code    10  stm32f10x_adc.o(i.ADC_ResetCalibration)
    ADC_SoftwareStartConvCmd                 0x080045d7   Thumb Code    22  stm32f10x_adc.o(i.ADC_SoftwareStartConvCmd)
    ADC_StartCalibration                     0x080045ed   Thumb Code    10  stm32f10x_adc.o(i.ADC_StartCalibration)
    AddGraph                                 0x080045f9   Thumb Code    78  display.o(i.AddGraph)
    Bat_GetAD                                0x0800464d   Thumb Code    10  battery.o(i.Bat_GetAD)
    Bat_GetChargeState                       0x0800465d   Thumb Code    20  battery.o(i.Bat_GetChargeState)
    Bat_GetStandbyState                      0x08004675   Thumb Code    20  battery.o(i.Bat_GetStandbyState)
    Bat_Init                                 0x0800468d   Thumb Code   206  battery.o(i.Bat_Init)
    Bat_IsChargForSlave                      0x08004769   Thumb Code    46  battery.o(i.Bat_IsChargForSlave)
    Bat_IsCharging                           0x080047a1   Thumb Code    28  battery.o(i.Bat_IsCharging)
    CMOS_GetTimer                            0x080047bd   Thumb Code     6  cmos.o(i.CMOS_GetTimer)
    CMOS_GetTimerCount                       0x080047c9   Thumb Code    10  cmos.o(i.CMOS_GetTimerCount)
    CMOS_Initialization                      0x080047e5   Thumb Code    26  cmos.o(i.CMOS_Initialization)
    CMOS_TimerProcess                        0x080048d1   Thumb Code    12  cmos.o(i.CMOS_TimerProcess)
    CRC_CalcBlockCRC                         0x080048e1   Thumb Code    32  stm32f10x_crc.o(i.CRC_CalcBlockCRC)
    CRC_GetCRC                               0x08004905   Thumb Code     6  stm32f10x_crc.o(i.CRC_GetCRC)
    CRC_MCU                                  0x08004911   Thumb Code    30  hardware.o(i.CRC_MCU)
    CRC_ResetDR                              0x08004931   Thumb Code     8  stm32f10x_crc.o(i.CRC_ResetDR)
    CRC_SPI                                  0x0800493d   Thumb Code    62  hardware.o(i.CRC_SPI)
    CheckAutoPowerOff                        0x0800497d   Thumb Code    42  cmos.o(i.CheckAutoPowerOff)
    ClearGraphLayer                          0x080049b1   Thumb Code    36  display.o(i.ClearGraphLayer)
    ClearScreen                              0x080049d9   Thumb Code    12  display.o(i.ClearScreen)
    ClrAutoPowerOff                          0x080049e5   Thumb Code    16  cmos.o(i.ClrAutoPowerOff)
    Console_Open                             0x08004a01   Thumb Code    48  display.o(i.Console_Open)
    DBGMCU_Config                            0x08004a35   Thumb Code    26  stm32f10x_dbgmcu.o(i.DBGMCU_Config)
    Display_CheckUpdate                      0x08004a79   Thumb Code    34  display.o(i.Display_CheckUpdate)
    Display_Initialization                   0x08004aa1   Thumb Code    70  display.o(i.Display_Initialization)
    EXTI0_IRQHandler                         0x08004af5   Thumb Code   310  mma7660fc.o(i.EXTI0_IRQHandler)
    EXTI15_10_IRQHandler                     0x08004c51   Thumb Code   292  singlewireslave.o(i.EXTI15_10_IRQHandler)
    EXTI9_5_IRQHandler                       0x08004d99   Thumb Code    84  nrf24l01.o(i.EXTI9_5_IRQHandler)
    EXTI_ClearITPendingBit                   0x08004df9   Thumb Code     6  stm32f10x_exti.o(i.EXTI_ClearITPendingBit)
    EXTI_GetITStatus                         0x08004e05   Thumb Code    34  stm32f10x_exti.o(i.EXTI_GetITStatus)
    EXTI_Init                                0x08004e2d   Thumb Code   142  stm32f10x_exti.o(i.EXTI_Init)
    FIFO_GetPopIndex                         0x08004ec1   Thumb Code    64  cmlib.o(i.FIFO_GetPopIndex)
    FIFO_GetPushIndex                        0x08004f01   Thumb Code    40  cmlib.o(i.FIFO_GetPushIndex)
    FIFO_Init                                0x08004f29   Thumb Code    16  cmlib.o(i.FIFO_Init)
    FIFO_Reset                               0x08004f39   Thumb Code     8  cmlib.o(i.FIFO_Reset)
    FLASH_PrefetchBufferCmd                  0x08004f41   Thumb Code    22  stm32f10x_flash.o(i.FLASH_PrefetchBufferCmd)
    FLASH_SetLatency                         0x08004f5d   Thumb Code    18  stm32f10x_flash.o(i.FLASH_SetLatency)
    File_GetGraphInfo                        0x08005299   Thumb Code   180  file.o(i.File_GetGraphInfo)
    File_GetGraphSum                         0x0800534d   Thumb Code    16  file.o(i.File_GetGraphSum)
    File_Read                                0x0800535d   Thumb Code    20  file.o(i.File_Read)
    File_SetBaseAddr                         0x08005371   Thumb Code    76  file.o(i.File_SetBaseAddr)
    Flash_4K_Erase                           0x080053c5   Thumb Code    50  flash.o(i.Flash_4K_Erase)
    Flash_4K_Erase_Start                     0x080053f7   Thumb Code    46  flash.o(i.Flash_4K_Erase_Start)
    Flash_Init                               0x08005425   Thumb Code   102  flash.o(i.Flash_Init)
    Flash_Read                               0x08005499   Thumb Code   108  flash.o(i.Flash_Read)
    Flash_Read_Status_Reg                    0x08005509   Thumb Code    60  flash.o(i.Flash_Read_Status_Reg)
    Flash_Write                              0x08005593   Thumb Code   134  flash.o(i.Flash_Write)
    Flash_Write_Page                         0x0800562b   Thumb Code    78  flash.o(i.Flash_Write_Page)
    Flash_Write_Status_Reg                   0x08005679   Thumb Code    60  flash.o(i.Flash_Write_Status_Reg)
    FrushDspBuffer                           0x080056b5   Thumb Code    60  display.o(i.FrushDspBuffer)
    FrushRectangle                           0x080056f5   Thumb Code    52  display.o(i.FrushRectangle)
    GD62429_GPIO_Init                        0x0800572d   Thumb Code    80  gd62429.o(i.GD62429_GPIO_Init)
    GD_I2C_W                                 0x08005781   Thumb Code   114  gd62429.o(i.GD_I2C_W)
    GEA_AddAnimation                         0x080057f9   Thumb Code   180  hdr.o(i.GEA_AddAnimation)
    GEA_ClePutRef                            0x080058b1   Thumb Code    76  slaverapis2.o(i.GEA_ClePutRef)
    GEA_ClearAnimationFifo                   0x080058fd   Thumb Code    72  hdr.o(i.GEA_ClearAnimationFifo)
    GEA_ClearLayer                           0x08005945   Thumb Code    34  slaverapis2.o(i.GEA_ClearLayer)
    GEA_DeleteAnimation                      0x08005967   Thumb Code    72  hdr.o(i.GEA_DeleteAnimation)
    GEA_GetGName                             0x080059af   Thumb Code    16  config.o(i.GEA_GetGName)
    GEA_GetJoyStickStatus                    0x080059c1   Thumb Code   186  slaverapis2.o(i.GEA_GetJoyStickStatus)
    GEA_GetNearStatus                        0x08005a81   Thumb Code    28  send.o(i.GEA_GetNearStatus)
    GEA_GetSpeechStatus                      0x08005aa1   Thumb Code    54  sentence.o(i.GEA_GetSpeechStatus)
    GEA_LoopSpeech                           0x08005add   Thumb Code    30  sentence.o(i.GEA_LoopSpeech)
    GEA_MotorCtrl                            0x08005afd   Thumb Code    56  motor.o(i.GEA_MotorCtrl)
    GEA_PlayAnimation                        0x08005b39   Thumb Code    28  hdr.o(i.GEA_PlayAnimation)
    GEA_PlaySpeech                           0x08005b55   Thumb Code    76  sentence.o(i.GEA_PlaySpeech)
    GEA_PowerOff                             0x08005bad   Thumb Code    10  xiaomu.o(i.GEA_PowerOff)
    GEA_PutGraph                             0x08005bb7   Thumb Code    68  slaverapis2.o(i.GEA_PutGraph)
    GEA_SetGName                             0x08005bfb   Thumb Code    14  config.o(i.GEA_SetGName)
    GEA_SetMode                              0x08005c09   Thumb Code   106  slaverapis2.o(i.GEA_SetMode)
    GEA_SetSpeechList                        0x08005c79   Thumb Code    90  sentence.o(i.GEA_SetSpeechList)
    GEA_SetTimCnt                            0x08005cdd   Thumb Code    20  cmos.o(i.GEA_SetTimCnt)
    GEA_SlaverState                          0x08005cf5   Thumb Code    34  slaverapis2.o(i.GEA_SlaverState)
    GEA_StopAnimation                        0x08005d1d   Thumb Code    72  hdr.o(i.GEA_StopAnimation)
    GEA_StopSpeech                           0x08005d65   Thumb Code    38  sentence.o(i.GEA_StopSpeech)
    GEA_Transport                            0x08005da1   Thumb Code    10  xiaomu.o(i.GEA_Transport)
    GPIO_EXTILineConfig                      0x08005dad   Thumb Code    60  stm32f10x_gpio.o(i.GPIO_EXTILineConfig)
    GPIO_Init                                0x08005ded   Thumb Code   274  stm32f10x_gpio.o(i.GPIO_Init)
    GPIO_PinRemapConfig                      0x08005f01   Thumb Code   138  stm32f10x_gpio.o(i.GPIO_PinRemapConfig)
    GPIO_ReadInputDataBit                    0x08005f91   Thumb Code    18  stm32f10x_gpio.o(i.GPIO_ReadInputDataBit)
    GPIO_ResetBits                           0x08005fa3   Thumb Code     4  stm32f10x_gpio.o(i.GPIO_ResetBits)
    GPIO_SetBits                             0x08005fa7   Thumb Code     4  stm32f10x_gpio.o(i.GPIO_SetBits)
    GPIO_WriteBit                            0x08005fab   Thumb Code    10  stm32f10x_gpio.o(i.GPIO_WriteBit)
    G_CallFuntion                            0x08005fb5   Thumb Code    44  xiaomu.o(i.G_CallFuntion)
    GetResourceAddr                          0x08005fe5   Thumb Code    84  file.o(i.GetResourceAddr)
    GetResourceData                          0x08006041   Thumb Code    22  file.o(i.GetResourceData)
    GetResourceDataP                         0x08006057   Thumb Code    34  file.o(i.GetResourceDataP)
    GetResourceItemAddr                      0x08006079   Thumb Code    42  file.o(i.GetResourceItemAddr)
    GetResourceItemNum                       0x080060a3   Thumb Code    30  file.o(i.GetResourceItemNum)
    Get_Box_XYZ                              0x080061b3   Thumb Code   560  g-sensor.o(i.Get_Box_XYZ)
    IWDG_Enable                              0x08006545   Thumb Code    10  stm32f10x_iwdg.o(i.IWDG_Enable)
    IWDG_ReloadCounter                       0x08006555   Thumb Code    10  stm32f10x_iwdg.o(i.IWDG_ReloadCounter)
    IWDG_SetPrescaler                        0x08006565   Thumb Code     6  stm32f10x_iwdg.o(i.IWDG_SetPrescaler)
    IWDG_SetReload                           0x08006571   Thumb Code     6  stm32f10x_iwdg.o(i.IWDG_SetReload)
    IWDG_WriteAccessCmd                      0x0800657d   Thumb Code     6  stm32f10x_iwdg.o(i.IWDG_WriteAccessCmd)
    InitConfig                               0x08006589   Thumb Code   108  config.o(i.InitConfig)
    IsVoiceBusy                              0x080065f9   Thumb Code    10  audio.o(i.IsVoiceBusy)
    Lcd_Init                                 0x08006655   Thumb Code    36  lcd.o(i.Lcd_Init)
    Lcd_Off                                  0x08006679   Thumb Code    26  lcd.o(i.Lcd_Off)
    Lcd_On                                   0x0800669d   Thumb Code    38  lcd.o(i.Lcd_On)
    Lcd_RefreshScreen                        0x080066c9   Thumb Code    30  lcd.o(i.Lcd_RefreshScreen)
    Lcd_Set_Window                           0x08006709   Thumb Code    84  lcd.o(i.Lcd_Set_Window)
    Lcd_Write_Buf                            0x0800675d   Thumb Code    98  lcd.o(i.Lcd_Write_Buf)
    Lcd_Write_Cmd                            0x080067c5   Thumb Code    40  lcd.o(i.Lcd_Write_Cmd)
    Lcd_Write_Param                          0x080067f1   Thumb Code    40  lcd.o(i.Lcd_Write_Param)
    Lcd_initOn                               0x0800681d   Thumb Code    22  lcd.o(i.Lcd_initOn)
    MMA7660FC_GetShakeState                  0x080068a5   Thumb Code   114  mma7660fc.o(i.MMA7660FC_GetShakeState)
    MMA7660FC_Init                           0x0800696d   Thumb Code   164  mma7660fc.o(i.MMA7660FC_Init)
    MMA7660FC_Standby                        0x08006a25   Thumb Code    26  mma7660fc.o(i.MMA7660FC_Standby)
    MMA7660FC_To_Angle                       0x08006a41   Thumb Code    24  mma7660fc.o(i.MMA7660FC_To_Angle)
    MMA7660FC_XYZ                            0x08006a5d   Thumb Code    66  mma7660fc.o(i.MMA7660FC_XYZ)
    Motor_Check                              0x08006ab1   Thumb Code    26  motor.o(i.Motor_Check)
    Motor_Init                               0x08006ad1   Thumb Code    44  motor.o(i.Motor_Init)
    Motor_Off                                0x08006b01   Thumb Code    16  motor.o(i.Motor_Off)
    Motor_On                                 0x08006b19   Thumb Code    14  motor.o(i.Motor_On)
    NVIC_Init                                0x08006b31   Thumb Code   102  misc.o(i.NVIC_Init)
    NVIC_PriorityGroupConfig                 0x08006ba5   Thumb Code    10  misc.o(i.NVIC_PriorityGroupConfig)
    ONELINE_Init                             0x08006bf5   Thumb Code    94  oneline.o(i.ONELINE_Init)
    PlayVoice                                0x08006c61   Thumb Code   112  audio.o(i.PlayVoice)
    PutChar                                  0x08006cd5   Thumb Code    20  display.o(i.PutChar)
    PutGraph                                 0x08006d75   Thumb Code   576  display.o(i.PutGraph)
    PutHex                                   0x08006fb9   Thumb Code    70  display.o(i.PutHex)
    PutHexBlock                              0x08006fff   Thumb Code    68  display.o(i.PutHexBlock)
    PutString                                0x08007043   Thumb Code    44  display.o(i.PutString)
    RCC_ADCCLKConfig                         0x08007071   Thumb Code    18  stm32f10x_rcc.o(i.RCC_ADCCLKConfig)
    RCC_APB1PeriphClockCmd                   0x08007089   Thumb Code    26  stm32f10x_rcc.o(i.RCC_APB1PeriphClockCmd)
    RCC_APB1PeriphResetCmd                   0x080070a9   Thumb Code    26  stm32f10x_rcc.o(i.RCC_APB1PeriphResetCmd)
    RCC_APB2PeriphClockCmd                   0x080070c9   Thumb Code    26  stm32f10x_rcc.o(i.RCC_APB2PeriphClockCmd)
    RCC_APB2PeriphResetCmd                   0x080070e9   Thumb Code    26  stm32f10x_rcc.o(i.RCC_APB2PeriphResetCmd)
    RCC_DeInit                               0x08007109   Thumb Code    64  stm32f10x_rcc.o(i.RCC_DeInit)
    RCC_GetClocksFreq                        0x08007155   Thumb Code   192  stm32f10x_rcc.o(i.RCC_GetClocksFreq)
    RCC_GetFlagStatus                        0x08007229   Thumb Code    56  stm32f10x_rcc.o(i.RCC_GetFlagStatus)
    RCC_GetSYSCLKSource                      0x08007265   Thumb Code    10  stm32f10x_rcc.o(i.RCC_GetSYSCLKSource)
    RCC_HCLKConfig                           0x08007275   Thumb Code    18  stm32f10x_rcc.o(i.RCC_HCLKConfig)
    RCC_HSEConfig                            0x0800728d   Thumb Code    70  stm32f10x_rcc.o(i.RCC_HSEConfig)
    RCC_PCLK1Config                          0x080072d9   Thumb Code    18  stm32f10x_rcc.o(i.RCC_PCLK1Config)
    RCC_PCLK2Config                          0x080072f1   Thumb Code    20  stm32f10x_rcc.o(i.RCC_PCLK2Config)
    RCC_PLLCmd                               0x08007309   Thumb Code     6  stm32f10x_rcc.o(i.RCC_PLLCmd)
    RCC_PLLConfig                            0x08007315   Thumb Code    24  stm32f10x_rcc.o(i.RCC_PLLConfig)
    RCC_SYSCLKConfig                         0x08007331   Thumb Code    18  stm32f10x_rcc.o(i.RCC_SYSCLKConfig)
    RCC_WaitForHSEStartUp                    0x08007349   Thumb Code    56  stm32f10x_rcc.o(i.RCC_WaitForHSEStartUp)
    RGB2Y                                    0x08007381   Thumb Code    84  display.o(i.RGB2Y)
    RGBtosixteen                             0x080073d9   Thumb Code    52  display.o(i.RGBtosixteen)
    RS_Init                                  0x080074d1   Thumb Code    16  usart.o(i.RS_Init)
    RefreshGraphs                            0x08007559   Thumb Code    86  display.o(i.RefreshGraphs)
    RefreshScreen                            0x080075b5   Thumb Code    30  display.o(i.RefreshScreen)
    ResetRecieveMode                         0x080075dd   Thumb Code    18  nrf24l01.o(i.ResetRecieveMode)
    Resetproisok                             0x080075ef   Thumb Code    12  config.o(i.Resetproisok)
    SPI_Cmd                                  0x0800763d   Thumb Code    24  stm32f10x_spi.o(i.SPI_Cmd)
    SPI_I2S_ClearFlag                        0x08007655   Thumb Code     6  stm32f10x_spi.o(i.SPI_I2S_ClearFlag)
    SPI_I2S_GetFlagStatus                    0x0800765b   Thumb Code    18  stm32f10x_spi.o(i.SPI_I2S_GetFlagStatus)
    SPI_I2S_ReceiveData                      0x0800766d   Thumb Code     6  stm32f10x_spi.o(i.SPI_I2S_ReceiveData)
    SPI_I2S_SendData                         0x08007673   Thumb Code     4  stm32f10x_spi.o(i.SPI_I2S_SendData)
    SPI_Init                                 0x08007677   Thumb Code    60  stm32f10x_spi.o(i.SPI_Init)
    SPI_NRF_Init                             0x080076b5   Thumb Code   218  nrf24l01.o(i.SPI_NRF_Init)
    SWS_BytesToRead                          0x080077a1   Thumb Code     6  singlewireslave.o(i.SWS_BytesToRead)
    SWS_Init                                 0x080077ad   Thumb Code   160  singlewireslave.o(i.SWS_Init)
    SWS_ReadBytes                            0x08007871   Thumb Code    18  singlewireslave.o(i.SWS_ReadBytes)
    SWS_SendBytes                            0x08007889   Thumb Code    58  singlewireslave.o(i.SWS_SendBytes)
    SWS_getBytes                             0x080078cd   Thumb Code    52  singlewireslave.o(i.SWS_getBytes)
    SendMessage                              0x08007ae5   Thumb Code    52  nrf24l01.o(i.SendMessage)
    SetDisplayUpdate                         0x08007b1d   Thumb Code    14  display.o(i.SetDisplayUpdate)
    StopBGM                                  0x08007c15   Thumb Code     8  audio.o(i.StopBGM)
    StopVoice                                0x08007c21   Thumb Code     8  audio.o(i.StopVoice)
    SystemInit                               0x08007c2d   Thumb Code    78  system_stm32f10x.o(i.SystemInit)
    TIM2_IRQHandler                          0x08007c8d   Thumb Code    52  stm32f10x_it.o(i.TIM2_IRQHandler)
    TIM3_IRQHandler                          0x08007cc5   Thumb Code   236  pcm.o(i.TIM3_IRQHandler)
    TIM_ClearFlag                            0x08007dd5   Thumb Code     6  stm32f10x_tim.o(i.TIM_ClearFlag)
    TIM_ClearITPendingBit                    0x08007ddb   Thumb Code     6  stm32f10x_tim.o(i.TIM_ClearITPendingBit)
    TIM_Cmd                                  0x08007de1   Thumb Code    24  stm32f10x_tim.o(i.TIM_Cmd)
    TIM_DeInit                               0x08007df9   Thumb Code   424  stm32f10x_tim.o(i.TIM_DeInit)
    TIM_GetITStatus                          0x08007fe1   Thumb Code    34  stm32f10x_tim.o(i.TIM_GetITStatus)
    TIM_ITConfig                             0x08008003   Thumb Code    18  stm32f10x_tim.o(i.TIM_ITConfig)
    TIM_TimeBaseInit                         0x08008015   Thumb Code   122  stm32f10x_tim.o(i.TIM_TimeBaseInit)
    USART_Cmd                                0x080080b9   Thumb Code    24  stm32f10x_usart.o(i.USART_Cmd)
    USART_ITConfig                           0x080080d1   Thumb Code    74  stm32f10x_usart.o(i.USART_ITConfig)
    USART_Init                               0x0800811d   Thumb Code   210  stm32f10x_usart.o(i.USART_Init)
    WriteSlaverID                            0x080081f5   Thumb Code    14  config.o(i.WriteSlaverID)
    _PlayBGM                                 0x0800822d   Thumb Code   114  audio.o(i._PlayBGM)
    __scatterload_copy                       0x080082a5   Thumb Code    14  handlers.o(i.__scatterload_copy)
    __scatterload_null                       0x080082b3   Thumb Code     2  handlers.o(i.__scatterload_null)
    __scatterload_zeroinit                   0x080082b5   Thumb Code    14  handlers.o(i.__scatterload_zeroinit)
    adpcm_decoder                            0x080082c5   Thumb Code   202  adpcm.o(i.adpcm_decoder)
    audio_Init                               0x0800839d   Thumb Code    18  audio.o(i.audio_Init)
    audio_checkmsg                           0x080083b9   Thumb Code   120  audio.o(i.audio_checkmsg)
    ccopy                                    0x08008441   Thumb Code    60  cmlib.o(i.ccopy)
    chanel_fillbuf                           0x0800847d   Thumb Code   274  chanel.o(i.chanel_fillbuf)
    checkpower                               0x08008591   Thumb Code   408  xiaomu.o(i.checkpower)
    decode                                   0x08008761   Thumb Code    32  decode.o(i.decode)
    gSensor_Box_X_Angle                      0x08008831   Thumb Code    14  g-sensor.o(i.gSensor_Box_X_Angle)
    gSensor_Box_Y_Angle                      0x08008845   Thumb Code    14  g-sensor.o(i.gSensor_Box_Y_Angle)
    gSensor_Box_Z_Angle                      0x08008859   Thumb Code    14  g-sensor.o(i.gSensor_Box_Z_Angle)
    gSensor_Init                             0x0800886d   Thumb Code     8  g-sensor.o(i.gSensor_Init)
    gSensor_TopSurface                       0x08008875   Thumb Code   166  g-sensor.o(i.gSensor_TopSurface)
    gSensor_Update                           0x08008929   Thumb Code    60  g-sensor.o(i.gSensor_Update)
    gSensor_WaveRank                         0x08008981   Thumb Code    44  g-sensor.o(i.gSensor_WaveRank)
    getConfig                                0x080089b5   Thumb Code     4  config.o(i.getConfig)
    getMotorFlag                             0x080089bd   Thumb Code     6  motor.o(i.getMotorFlag)
    getgname                                 0x080089c9   Thumb Code   130  config.o(i.getgname)
    hardware_main                            0x08008a4d   Thumb Code   548  hardware.o(i.hardware_main)
    hdr_Init                                 0x08008c91   Thumb Code    16  hdr.o(i.hdr_Init)
    hdr_check                                0x08008ca1   Thumb Code   324  hdr.o(i.hdr_check)
    hdr_open                                 0x08008de5   Thumb Code    38  hdr.o(i.hdr_open)
    hdraction                                0x08008e0d   Thumb Code   168  hdr.o(i.hdraction)
    initionNRF                               0x08008ec9   Thumb Code    34  xiaomu.o(i.initionNRF)
    mDelay                                   0x08008f11   Thumb Code    18  cmos.o(i.mDelay)
    main                                     0x08008f29   Thumb Code    16  main.o(i.main)
    mixchanel                                0x08008f41   Thumb Code   166  mix.o(i.mixchanel)
    nRF_Check                                0x08008fed   Thumb Code    74  nrf24l01.o(i.nRF_Check)
    nRF_ClearStatusRegister                  0x08009041   Thumb Code    12  nrf24l01.o(i.nRF_ClearStatusRegister)
    nRF_EXTIcfg                              0x0800904d   Thumb Code    76  nrf24l01.o(i.nRF_EXTIcfg)
    nRF_FlushRxBuffer                        0x08009099   Thumb Code    18  nrf24l01.o(i.nRF_FlushRxBuffer)
    nRF_FlushTxBuffer                        0x080090ab   Thumb Code    18  nrf24l01.o(i.nRF_FlushTxBuffer)
    nRF_GetMessage                           0x080090bd   Thumb Code    46  nrf.o(i.nRF_GetMessage)
    nRF_GetStatusRegister                    0x080090f5   Thumb Code    22  nrf24l01.o(i.nRF_GetStatusRegister)
    nRF_IRQHandler                           0x0800910d   Thumb Code   136  xiaomu.o(i.nRF_IRQHandler)
    nRF_Init                                 0x080091a9   Thumb Code    42  nrf24l01.o(i.nRF_Init)
    nRF_InitReg                              0x080091e1   Thumb Code    82  nrf24l01.o(i.nRF_InitReg)
    nRF_Initialization                       0x08009245   Thumb Code    40  nrf.o(i.nRF_Initialization)
    nRF_PowerDown                            0x08009281   Thumb Code    38  nrf24l01.o(i.nRF_PowerDown)
    nRF_ReadRxBuffer                         0x080092ad   Thumb Code    42  nrf24l01.o(i.nRF_ReadRxBuffer)
    nRF_ReceiveDataHandler                   0x080092d9   Thumb Code   262  xiaomu.o(i.nRF_ReceiveDataHandler)
    nRF_RecieveMode                          0x080093f5   Thumb Code    30  nrf24l01.o(i.nRF_RecieveMode)
    nRF_RegisterWriteByte                    0x08009481   Thumb Code    34  nrf24l01.o(i.nRF_RegisterWriteByte)
    nRF_SetAddress                           0x08009505   Thumb Code    22  nrf.o(i.nRF_SetAddress)
    nRF_StandbyMode                          0x08009521   Thumb Code     8  nrf24l01.o(i.nRF_StandbyMode)
    nRF_TxSendData                           0x0800952d   Thumb Code    30  nrf24l01.o(i.nRF_TxSendData)
    nRF_TxSetRP1P2                           0x08009551   Thumb Code    78  nrf24l01.o(i.nRF_TxSetRP1P2)
    nRF_TxSetTXRP0                           0x080095ad   Thumb Code    36  nrf24l01.o(i.nRF_TxSetTXRP0)
    nRF_WriteTxBuffer                        0x080095d5   Thumb Code    40  nrf24l01.o(i.nRF_WriteTxBuffer)
    nRF_getAddr                              0x080095fd   Thumb Code    72  config.o(i.nRF_getAddr)
    nRF_setAddr                              0x08009649   Thumb Code    80  config.o(i.nRF_setAddr)
    nRF_updateAddr                           0x0800969d   Thumb Code    78  config.o(i.nRF_updateAddr)
    pcm_Init                                 0x08009701   Thumb Code   218  pcm.o(i.pcm_Init)
    pcm_checkbuf                             0x08009835   Thumb Code    20  pcm.o(i.pcm_checkbuf)
    pcm_close                                0x08009851   Thumb Code    40  pcm.o(i.pcm_close)
    pcm_fillbuf                              0x08009889   Thumb Code    40  pcm.o(i.pcm_fillbuf)
    pcm_open                                 0x080098bd   Thumb Code    82  pcm.o(i.pcm_open)
    play_check                               0x08009925   Thumb Code   136  hdr.o(i.play_check)
    play_status                              0x080099b1   Thumb Code    56  hdr.o(i.play_status)
    playbgm                                  0x080099ed   Thumb Code    80  audio.o(i.playbgm)
    poweroff                                 0x08009a3d   Thumb Code    10  mma7660fc.o(i.poweroff)
    poweron                                  0x08009a4d   Thumb Code    48  mma7660fc.o(i.poweron)
    readSlaverID                             0x08009a81   Thumb Code     6  config.o(i.readSlaverID)
    resetupdate                              0x08009a8d   Thumb Code    46  xiaomu.o(i.resetupdate)
    send_Init                                0x08009ad9   Thumb Code    42  send.o(i.send_Init)
    sendservice                              0x08009b09   Thumb Code   196  send.o(i.sendservice)
    setLine                                  0x08009bf9   Thumb Code    18  oneline.o(i.setLine)
    setgname                                 0x08009c41   Thumb Code   152  config.o(i.setgname)
    shutdown                                 0x08009cd9   Thumb Code    36  xiaomu.o(i.shutdown)
    slaver_main                              0x08009cfd   Thumb Code   490  xiaomu.o(i.slaver_main)
    slaverpowerOff                           0x08009f11   Thumb Code   126  xiaomu.o(i.slaverpowerOff)
    sndInit                                  0x08009f91   Thumb Code   118  sentence.o(i.sndInit)
    stCheck                                  0x0800a02d   Thumb Code   338  sentence.o(i.stCheck)
    uDelay                                   0x0800a279   Thumb Code    26  cmos.o(i.uDelay)
    updateend                                0x0800a295   Thumb Code    38  xiaomu.o(i.updateend)
    updategame                               0x0800a2c5   Thumb Code   100  xiaomu.o(i.updategame)
    writeconfig                              0x0800a34d   Thumb Code    42  config.o(i.writeconfig)
    TB_GE_MsgApiInfo                         0x0800a3b4   Data         176  genginecfg.o(.constdata)
    Region$$Table$$Base                      0x0800a464   Number         0  anon$$obj.o(Region$$Table)
    Region$$Table$$Limit                     0x0800a484   Number         0  anon$$obj.o(Region$$Table)
    powerisfull                              0x20000004   Data           1  xiaomu.o(.data)
    isBatCharging                            0x20000005   Data           1  xiaomu.o(.data)
    readIndex                                0x20000010   Data           4  xiaomu.o(.data)
    writeIndex                               0x20000014   Data           4  xiaomu.o(.data)
    dataIndex                                0x20000018   Data           4  xiaomu.o(.data)
    downloadgamedataAddr                     0x2000001c   Data           4  xiaomu.o(.data)
    Eraseed                                  0x20000020   Data           4  xiaomu.o(.data)
    statusreg                                0x20000028   Data           4  xiaomu.o(.data)
    powersum                                 0x2000002c   Data           4  xiaomu.o(.data)
    powervalue                               0x20000030   Data           4  xiaomu.o(.data)
    powerLevel                               0x20000034   Data           1  xiaomu.o(.data)
    TB_ASCII8X16                             0x2000003c   Data        4097  display.o(.data)
    R_nRF_IrqCheck                           0x2000104c   Data           1  nrf.o(.data)
    R_nRF_Fifo                               0x2000104e   Data           6  nrf.o(.data)
    R_nRF_Addr                               0x20001068   Data           5  nrf24l01.o(.data)
    R_EN_AA                                  0x2000106d   Data           1  nrf24l01.o(.data)
    R_EN_RXADDR                              0x2000106e   Data           1  nrf24l01.o(.data)
    rockcnt                                  0x20001128   Data           4  mma7660fc.o(.data)
    _send_buf                                0x20001138   Data          20  singlewireslave.o(.data)
    r_OS_TimerCount                          0x20001174   Data           4  cmos.o(.data)
    AutoPowerOffCnt                          0x20001178   Data           4  cmos.o(.data)
    BkAutoPowerOff                           0x2000117c   Data           4  cmos.o(.data)
    dataRbuf                                 0x20002374   Data        8192  xiaomu.o(.bss)
    R_nRF_Buffer                             0x2000c52c   Data         480  nrf.o(.bss)
    __initial_sp                             0x2000f5b8   Data           0  startup_stm32f10x_hd.o(STACK)



==============================================================================

Memory Map of the image

  Image Entry point : 0x08004131

  Load Region LR_IROM1 (Base: 0x08004000, Size: 0x000087f8, Max: 0x0001c000, ABSOLUTE, COMPRESSED[0x00006998])

    Execution Region ER_IROM1 (Base: 0x08004000, Size: 0x00006484, Max: 0x0001c000, ABSOLUTE)

    Base Addr    Size         Type   Attr      Idx    E Section Name        Object

    0x08004000   0x00000130   Data   RO            3    RESET               startup_stm32f10x_hd.o
    0x08004130   0x00000000   Code   RO         4674  * .ARM.Collect$$$$00000000  mc_w.l(entry.o)
    0x08004130   0x00000004   Code   RO         4711    .ARM.Collect$$$$00000001  mc_w.l(entry2.o)
    0x08004134   0x00000004   Code   RO         4714    .ARM.Collect$$$$00000004  mc_w.l(entry5.o)
    0x08004138   0x00000000   Code   RO         4716    .ARM.Collect$$$$00000008  mc_w.l(entry7b.o)
    0x08004138   0x00000000   Code   RO         4718    .ARM.Collect$$$$0000000A  mc_w.l(entry8b.o)
    0x08004138   0x00000008   Code   RO         4719    .ARM.Collect$$$$0000000B  mc_w.l(entry9a.o)
    0x08004140   0x00000000   Code   RO         4721    .ARM.Collect$$$$0000000D  mc_w.l(entry10a.o)
    0x08004140   0x00000000   Code   RO         4723    .ARM.Collect$$$$0000000F  mc_w.l(entry11a.o)
    0x08004140   0x00000004   Code   RO         4712    .ARM.Collect$$$$00002712  mc_w.l(entry2.o)
    0x08004144   0x0000003c   Code   RO            4    .text               startup_stm32f10x_hd.o
    0x08004180   0x00000024   Code   RO         4677    .text               mc_w.l(memcpya.o)
    0x080041a4   0x00000024   Code   RO         4679    .text               mc_w.l(memseta.o)
    0x080041c8   0x000000e4   Code   RO         4689    .text               mf_w.l(dmul.o)
    0x080042ac   0x00000022   Code   RO         4697    .text               mf_w.l(dflti.o)
    0x080042ce   0x00000032   Code   RO         4701    .text               mf_w.l(dfixui.o)
    0x08004300   0x0000001e   Code   RO         4725    .text               mc_w.l(llshl.o)
    0x0800431e   0x00000020   Code   RO         4727    .text               mc_w.l(llushr.o)
    0x0800433e   0x00000000   Code   RO         4731    .text               mc_w.l(iusefp.o)
    0x0800433e   0x000000be   Code   RO         4734    .text               mf_w.l(depilogue.o)
    0x080043fc   0x00000024   Code   RO         4736    .text               mc_w.l(init.o)
    0x08004420   0x0000005c   Code   RO         4746    .text               mc_w.l(__dczerorl2.o)
    0x0800447c   0x00000016   Code   RO         3748    i.ADC_Cmd           stm32f10x_adc.o
    0x08004492   0x00000014   Code   RO         3756    i.ADC_GetCalibrationStatus  stm32f10x_adc.o
    0x080044a6   0x00000008   Code   RO         3757    i.ADC_GetConversionValue  stm32f10x_adc.o
    0x080044ae   0x00000014   Code   RO         3762    i.ADC_GetResetCalibrationStatus  stm32f10x_adc.o
    0x080044c2   0x00000002   PAD
    0x080044c4   0x00000050   Code   RO         3766    i.ADC_Init          stm32f10x_adc.o
    0x08004514   0x000000b8   Code   RO         3770    i.ADC_RegularChannelConfig  stm32f10x_adc.o
    0x080045cc   0x0000000a   Code   RO         3771    i.ADC_ResetCalibration  stm32f10x_adc.o
    0x080045d6   0x00000016   Code   RO         3773    i.ADC_SoftwareStartConvCmd  stm32f10x_adc.o
    0x080045ec   0x0000000a   Code   RO         3775    i.ADC_StartCalibration  stm32f10x_adc.o
    0x080045f6   0x00000002   PAD
    0x080045f8   0x00000054   Code   RO          482    i.AddGraph          display.o
    0x0800464c   0x00000010   Code   RO         1985    i.Bat_GetAD         battery.o
    0x0800465c   0x00000018   Code   RO         1986    i.Bat_GetChargeState  battery.o
    0x08004674   0x00000018   Code   RO         1988    i.Bat_GetStandbyState  battery.o
    0x0800468c   0x000000dc   Code   RO         1991    i.Bat_Init          battery.o
    0x08004768   0x00000038   Code   RO         1992    i.Bat_IsChargForSlave  battery.o
    0x080047a0   0x0000001c   Code   RO         1994    i.Bat_IsCharging    battery.o
    0x080047bc   0x0000000c   Code   RO         4386    i.CMOS_GetTimer     cmos.o
    0x080047c8   0x00000010   Code   RO         4387    i.CMOS_GetTimerCount  cmos.o
    0x080047d8   0x0000000c   Code   RO         4388    i.CMOS_InitReg      cmos.o
    0x080047e4   0x0000001a   Code   RO         4389    i.CMOS_Initialization  cmos.o
    0x080047fe   0x0000006a   Code   RO         4390    i.CMOS_SetSystemClock  cmos.o
    0x08004868   0x00000066   Code   RO         4391    i.CMOS_Timer2Config  cmos.o
    0x080048ce   0x00000002   PAD
    0x080048d0   0x00000010   Code   RO         4392    i.CMOS_TimerProcess  cmos.o
    0x080048e0   0x00000024   Code   RO         4222    i.CRC_CalcBlockCRC  stm32f10x_crc.o
    0x08004904   0x0000000c   Code   RO         4224    i.CRC_GetCRC        stm32f10x_crc.o
    0x08004910   0x0000001e   Code   RO          357    i.CRC_MCU           hardware.o
    0x0800492e   0x00000002   PAD
    0x08004930   0x0000000c   Code   RO         4226    i.CRC_ResetDR       stm32f10x_crc.o
    0x0800493c   0x0000003e   Code   RO          358    i.CRC_SPI           hardware.o
    0x0800497a   0x00000002   PAD
    0x0800497c   0x00000034   Code   RO         4393    i.CheckAutoPowerOff  cmos.o
    0x080049b0   0x00000028   Code   RO          483    i.ClearGraphLayer   display.o
    0x080049d8   0x0000000c   Code   RO          484    i.ClearScreen       display.o
    0x080049e4   0x0000001c   Code   RO         4394    i.ClrAutoPowerOff   cmos.o
    0x08004a00   0x00000034   Code   RO          489    i.Console_Open      display.o
    0x08004a34   0x00000020   Code   RO         4084    i.DBGMCU_Config     stm32f10x_dbgmcu.o
    0x08004a54   0x00000014   Code   RO         1437    i.DB_Write          lcd.o
    0x08004a68   0x00000010   Code   RO         1758    i.Delay             mma7660fc.o
    0x08004a78   0x00000028   Code   RO          490    i.Display_CheckUpdate  display.o
    0x08004aa0   0x00000054   Code   RO          491    i.Display_Initialization  display.o
    0x08004af4   0x0000015c   Code   RO         1759    i.EXTI0_IRQHandler  mma7660fc.o
    0x08004c50   0x00000148   Code   RO         2060    i.EXTI15_10_IRQHandler  singlewireslave.o
    0x08004d98   0x00000060   Code   RO         1250    i.EXTI9_5_IRQHandler  nrf24l01.o
    0x08004df8   0x0000000c   Code   RO         4109    i.EXTI_ClearITPendingBit  stm32f10x_exti.o
    0x08004e04   0x00000028   Code   RO         4113    i.EXTI_GetITStatus  stm32f10x_exti.o
    0x08004e2c   0x00000094   Code   RO         4114    i.EXTI_Init         stm32f10x_exti.o
    0x08004ec0   0x00000040   Code   RO         4310    i.FIFO_GetPopIndex  cmlib.o
    0x08004f00   0x00000028   Code   RO         4311    i.FIFO_GetPushIndex  cmlib.o
    0x08004f28   0x00000010   Code   RO         4312    i.FIFO_Init         cmlib.o
    0x08004f38   0x00000008   Code   RO         4314    i.FIFO_Reset        cmlib.o
    0x08004f40   0x0000001c   Code   RO         3321    i.FLASH_PrefetchBufferCmd  stm32f10x_flash.o
    0x08004f5c   0x00000018   Code   RO         3326    i.FLASH_SetLatency  stm32f10x_flash.o
    0x08004f74   0x00000024   Code   RO         1550    i.F_DB_In           flash.o
    0x08004f98   0x00000024   Code   RO         1551    i.F_DB_Out          flash.o
    0x08004fbc   0x0000006e   Code   RO         1552    i.F_Enter_QPI_Mode  flash.o
    0x0800502a   0x00000002   PAD
    0x0800502c   0x00000058   Code   RO         1553    i.F_GPIO_QPI_Mode   flash.o
    0x08005084   0x00000080   Code   RO         1554    i.F_GPIO_SPI_Mode   flash.o
    0x08005104   0x00000040   Code   RO         1555    i.F_QPI_Check_JEDEC_ID  flash.o
    0x08005144   0x0000003c   Code   RO         1556    i.F_QPI_R           flash.o
    0x08005180   0x00000044   Code   RO         1557    i.F_QPI_W           flash.o
    0x080051c4   0x00000038   Code   RO         1558    i.F_SPI_Check_JEDEC_ID  flash.o
    0x080051fc   0x00000038   Code   RO         1559    i.F_SPI_R           flash.o
    0x08005234   0x0000003c   Code   RO         1560    i.F_SPI_W           flash.o
    0x08005270   0x00000014   Code   RO         1561    i.F_WR_Start        flash.o
    0x08005284   0x00000014   Code   RO         1562    i.F_WR_Stop         flash.o
    0x08005298   0x000000b4   Code   RO          662    i.File_GetGraphInfo  file.o
    0x0800534c   0x00000010   Code   RO          663    i.File_GetGraphSum  file.o
    0x0800535c   0x00000014   Code   RO          664    i.File_Read         file.o
    0x08005370   0x00000054   Code   RO          665    i.File_SetBaseAddr  file.o
    0x080053c4   0x00000032   Code   RO         1564    i.Flash_4K_Erase    flash.o
    0x080053f6   0x0000002e   Code   RO         1565    i.Flash_4K_Erase_Start  flash.o
    0x08005424   0x00000074   Code   RO         1568    i.Flash_Init        flash.o
    0x08005498   0x00000070   Code   RO         1570    i.Flash_Read        flash.o
    0x08005508   0x0000003c   Code   RO         1571    i.Flash_Read_Status_Reg  flash.o
    0x08005544   0x00000028   Code   RO         1572    i.Flash_Set_Read_Param  flash.o
    0x0800556c   0x00000026   Code   RO         1573    i.Flash_Wait_Done   flash.o
    0x08005592   0x00000086   Code   RO         1574    i.Flash_Write       flash.o
    0x08005618   0x00000012   Code   RO         1575    i.Flash_Write_Enable  flash.o
    0x0800562a   0x0000004e   Code   RO         1576    i.Flash_Write_Page  flash.o
    0x08005678   0x0000003c   Code   RO         1577    i.Flash_Write_Status_Reg  flash.o
    0x080056b4   0x00000040   Code   RO          492    i.FrushDspBuffer    display.o
    0x080056f4   0x00000038   Code   RO          493    i.FrushRectangle    display.o
    0x0800572c   0x00000054   Code   RO         2233    i.GD62429_GPIO_Init  gd62429.o
    0x08005780   0x00000078   Code   RO         2234    i.GD_I2C_W          gd62429.o
    0x080057f8   0x000000b8   Code   RO         1132    i.GEA_AddAnimation  hdr.o
    0x080058b0   0x0000004c   Code   RO          916    i.GEA_ClePutRef     slaverapis2.o
    0x080058fc   0x00000048   Code   RO         1133    i.GEA_ClearAnimationFifo  hdr.o
    0x08005944   0x00000022   Code   RO          917    i.GEA_ClearLayer    slaverapis2.o
    0x08005966   0x00000048   Code   RO         1134    i.GEA_DeleteAnimation  hdr.o
    0x080059ae   0x00000010   Code   RO          978    i.GEA_GetGName      config.o
    0x080059be   0x00000002   PAD
    0x080059c0   0x000000c0   Code   RO          918    i.GEA_GetJoyStickStatus  slaverapis2.o
    0x08005a80   0x00000020   Code   RO         2201    i.GEA_GetNearStatus  send.o
    0x08005aa0   0x0000003c   Code   RO         1916    i.GEA_GetSpeechStatus  sentence.o
    0x08005adc   0x0000001e   Code   RO         1917    i.GEA_LoopSpeech    sentence.o
    0x08005afa   0x00000002   PAD
    0x08005afc   0x0000003c   Code   RO         1708    i.GEA_MotorCtrl     motor.o
    0x08005b38   0x0000001c   Code   RO         1135    i.GEA_PlayAnimation  hdr.o
    0x08005b54   0x00000058   Code   RO         1918    i.GEA_PlaySpeech    sentence.o
    0x08005bac   0x0000000a   Code   RO          139    i.GEA_PowerOff      xiaomu.o
    0x08005bb6   0x00000044   Code   RO          919    i.GEA_PutGraph      slaverapis2.o
    0x08005bfa   0x0000000e   Code   RO          979    i.GEA_SetGName      config.o
    0x08005c08   0x00000070   Code   RO          920    i.GEA_SetMode       slaverapis2.o
    0x08005c78   0x00000064   Code   RO         1919    i.GEA_SetSpeechList  sentence.o
    0x08005cdc   0x00000018   Code   RO         4395    i.GEA_SetTimCnt     cmos.o
    0x08005cf4   0x00000028   Code   RO          921    i.GEA_SlaverState   slaverapis2.o
    0x08005d1c   0x00000048   Code   RO         1136    i.GEA_StopAnimation  hdr.o
    0x08005d64   0x0000003c   Code   RO         1920    i.GEA_StopSpeech    sentence.o
    0x08005da0   0x0000000a   Code   RO          140    i.GEA_Transport     xiaomu.o
    0x08005daa   0x00000002   PAD
    0x08005dac   0x00000040   Code   RO         2265    i.GPIO_EXTILineConfig  stm32f10x_gpio.o
    0x08005dec   0x00000112   Code   RO         2268    i.GPIO_Init         stm32f10x_gpio.o
    0x08005efe   0x00000002   PAD
    0x08005f00   0x00000090   Code   RO         2270    i.GPIO_PinRemapConfig  stm32f10x_gpio.o
    0x08005f90   0x00000012   Code   RO         2272    i.GPIO_ReadInputDataBit  stm32f10x_gpio.o
    0x08005fa2   0x00000004   Code   RO         2275    i.GPIO_ResetBits    stm32f10x_gpio.o
    0x08005fa6   0x00000004   Code   RO         2276    i.GPIO_SetBits      stm32f10x_gpio.o
    0x08005faa   0x0000000a   Code   RO         2279    i.GPIO_WriteBit     stm32f10x_gpio.o
    0x08005fb4   0x00000030   Code   RO          141    i.G_CallFuntion     xiaomu.o
    0x08005fe4   0x0000005c   Code   RO          666    i.GetResourceAddr   file.o
    0x08006040   0x00000016   Code   RO          667    i.GetResourceData   file.o
    0x08006056   0x00000022   Code   RO          668    i.GetResourceDataP  file.o
    0x08006078   0x0000002a   Code   RO          669    i.GetResourceItemAddr  file.o
    0x080060a2   0x0000001e   Code   RO          670    i.GetResourceItemNum  file.o
    0x080060c0   0x00000046   Code   RO         1760    i.GetShakeRate      mma7660fc.o
    0x08006106   0x000000ac   Code   RO          494    i.GetVisibleRegion  display.o
    0x080061b2   0x00000230   Code   RO          761    i.Get_Box_XYZ       g-sensor.o
    0x080063e2   0x00000002   PAD
    0x080063e4   0x00000088   Code   RO         1761    i.I2C_R             mma7660fc.o
    0x0800646c   0x0000002c   Code   RO         1762    i.I2C_Start         mma7660fc.o
    0x08006498   0x00000020   Code   RO         1763    i.I2C_Stop          mma7660fc.o
    0x080064b8   0x0000008c   Code   RO         1764    i.I2C_W             mma7660fc.o
    0x08006544   0x00000010   Code   RO         4042    i.IWDG_Enable       stm32f10x_iwdg.o
    0x08006554   0x00000010   Code   RO         4044    i.IWDG_ReloadCounter  stm32f10x_iwdg.o
    0x08006564   0x0000000c   Code   RO         4045    i.IWDG_SetPrescaler  stm32f10x_iwdg.o
    0x08006570   0x0000000c   Code   RO         4046    i.IWDG_SetReload    stm32f10x_iwdg.o
    0x0800657c   0x0000000c   Code   RO         4047    i.IWDG_WriteAccessCmd  stm32f10x_iwdg.o
    0x08006588   0x00000070   Code   RO          980    i.InitConfig        config.o
    0x080065f8   0x00000010   Code   RO         4470    i.IsVoiceBusy       audio.o
    0x08006608   0x0000004c   Code   RO         1438    i.Lcd_GPIOInit      lcd.o
    0x08006654   0x00000024   Code   RO         1439    i.Lcd_Init          lcd.o
    0x08006678   0x00000024   Code   RO         1440    i.Lcd_Off           lcd.o
    0x0800669c   0x0000002c   Code   RO         1441    i.Lcd_On            lcd.o
    0x080066c8   0x0000001e   Code   RO         1443    i.Lcd_RefreshScreen  lcd.o
    0x080066e6   0x00000002   PAD
    0x080066e8   0x00000020   Code   RO         1444    i.Lcd_Reset         lcd.o
    0x08006708   0x00000054   Code   RO         1447    i.Lcd_Set_Window    lcd.o
    0x0800675c   0x00000068   Code   RO         1448    i.Lcd_Write_Buf     lcd.o
    0x080067c4   0x0000002c   Code   RO         1449    i.Lcd_Write_Cmd     lcd.o
    0x080067f0   0x0000002c   Code   RO         1450    i.Lcd_Write_Param   lcd.o
    0x0800681c   0x0000001c   Code   RO         1452    i.Lcd_initOn        lcd.o
    0x08006838   0x0000006c   Code   RO         1766    i.MMA7660FC_GPIO_Init  mma7660fc.o
    0x080068a4   0x00000080   Code   RO         1767    i.MMA7660FC_GetShakeState  mma7660fc.o
    0x08006924   0x00000046   Code   RO         1768    i.MMA7660FC_INT_Init  mma7660fc.o
    0x0800696a   0x00000002   PAD
    0x0800696c   0x000000b8   Code   RO         1769    i.MMA7660FC_Init    mma7660fc.o
    0x08006a24   0x0000001a   Code   RO         1772    i.MMA7660FC_Standby  mma7660fc.o
    0x08006a3e   0x00000002   PAD
    0x08006a40   0x0000001c   Code   RO         1775    i.MMA7660FC_To_Angle  mma7660fc.o
    0x08006a5c   0x00000054   Code   RO         1776    i.MMA7660FC_XYZ     mma7660fc.o
    0x08006ab0   0x00000020   Code   RO         1710    i.Motor_Check       motor.o
    0x08006ad0   0x00000030   Code   RO         1711    i.Motor_Init        motor.o
    0x08006b00   0x00000018   Code   RO         1712    i.Motor_Off         motor.o
    0x08006b18   0x00000018   Code   RO         1713    i.Motor_On          motor.o
    0x08006b30   0x00000074   Code   RO         2720    i.NVIC_Init         misc.o
    0x08006ba4   0x00000014   Code   RO         2721    i.NVIC_PriorityGroupConfig  misc.o
    0x08006bb8   0x0000003c   Code   RO         2202    i.NearSensorInit    send.o
    0x08006bf4   0x0000006c   Code   RO         2174    i.ONELINE_Init      oneline.o
    0x08006c60   0x00000074   Code   RO         4471    i.PlayVoice         audio.o
    0x08006cd4   0x00000014   Code   RO          496    i.PutChar           display.o
    0x08006ce8   0x0000008c   Code   RO          497    i.PutChar8x16       display.o
    0x08006d74   0x00000244   Code   RO          498    i.PutGraph          display.o
    0x08006fb8   0x00000046   Code   RO          500    i.PutHex            display.o
    0x08006ffe   0x00000044   Code   RO          501    i.PutHexBlock       display.o
    0x08007042   0x0000002c   Code   RO          503    i.PutString         display.o
    0x0800706e   0x00000002   PAD
    0x08007070   0x00000018   Code   RO         2520    i.RCC_ADCCLKConfig  stm32f10x_rcc.o
    0x08007088   0x00000020   Code   RO         2522    i.RCC_APB1PeriphClockCmd  stm32f10x_rcc.o
    0x080070a8   0x00000020   Code   RO         2523    i.RCC_APB1PeriphResetCmd  stm32f10x_rcc.o
    0x080070c8   0x00000020   Code   RO         2524    i.RCC_APB2PeriphClockCmd  stm32f10x_rcc.o
    0x080070e8   0x00000020   Code   RO         2525    i.RCC_APB2PeriphResetCmd  stm32f10x_rcc.o
    0x08007108   0x0000004c   Code   RO         2531    i.RCC_DeInit        stm32f10x_rcc.o
    0x08007154   0x000000d4   Code   RO         2532    i.RCC_GetClocksFreq  stm32f10x_rcc.o
    0x08007228   0x0000003c   Code   RO         2533    i.RCC_GetFlagStatus  stm32f10x_rcc.o
    0x08007264   0x00000010   Code   RO         2535    i.RCC_GetSYSCLKSource  stm32f10x_rcc.o
    0x08007274   0x00000018   Code   RO         2536    i.RCC_HCLKConfig    stm32f10x_rcc.o
    0x0800728c   0x0000004c   Code   RO         2537    i.RCC_HSEConfig     stm32f10x_rcc.o
    0x080072d8   0x00000018   Code   RO         2543    i.RCC_PCLK1Config   stm32f10x_rcc.o
    0x080072f0   0x00000018   Code   RO         2544    i.RCC_PCLK2Config   stm32f10x_rcc.o
    0x08007308   0x0000000c   Code   RO         2545    i.RCC_PLLCmd        stm32f10x_rcc.o
    0x08007314   0x0000001c   Code   RO         2546    i.RCC_PLLConfig     stm32f10x_rcc.o
    0x08007330   0x00000018   Code   RO         2549    i.RCC_SYSCLKConfig  stm32f10x_rcc.o
    0x08007348   0x00000038   Code   RO         2551    i.RCC_WaitForHSEStartUp  stm32f10x_rcc.o
    0x08007380   0x00000058   Code   RO          504    i.RGB2Y             display.o
    0x080073d8   0x00000034   Code   RO          505    i.RGBtosixteen      display.o
    0x0800740c   0x000000b4   Code   RO          412    i.RS_ConfigHW       usart.o
    0x080074c0   0x00000010   Code   RO          413    i.RS_ConfigReg      usart.o
    0x080074d0   0x00000010   Code   RO          415    i.RS_Init           usart.o
    0x080074e0   0x0000002e   Code   RO         1777    i.Read_Reg          mma7660fc.o
    0x0800750e   0x00000048   Code   RO         1778    i.Read_Reg_Queue    mma7660fc.o
    0x08007556   0x00000002   PAD
    0x08007558   0x0000005c   Code   RO          506    i.RefreshGraphs     display.o
    0x080075b4   0x00000028   Code   RO          507    i.RefreshScreen     display.o
    0x080075dc   0x00000012   Code   RO         1251    i.ResetRecieveMode  nrf24l01.o
    0x080075ee   0x0000000c   Code   RO          981    i.Resetproisok      config.o
    0x080075fa   0x00000002   PAD
    0x080075fc   0x00000020   Code   RO         1779    i.SDA_In            mma7660fc.o
    0x0800761c   0x00000020   Code   RO         1780    i.SDA_Out           mma7660fc.o
    0x0800763c   0x00000018   Code   RO         2381    i.SPI_Cmd           stm32f10x_spi.o
    0x08007654   0x00000006   Code   RO         2385    i.SPI_I2S_ClearFlag  stm32f10x_spi.o
    0x0800765a   0x00000012   Code   RO         2389    i.SPI_I2S_GetFlagStatus  stm32f10x_spi.o
    0x0800766c   0x00000006   Code   RO         2392    i.SPI_I2S_ReceiveData  stm32f10x_spi.o
    0x08007672   0x00000004   Code   RO         2393    i.SPI_I2S_SendData  stm32f10x_spi.o
    0x08007676   0x0000003c   Code   RO         2394    i.SPI_Init          stm32f10x_spi.o
    0x080076b2   0x00000002   PAD
    0x080076b4   0x000000ec   Code   RO         1252    i.SPI_NRF_Init      nrf24l01.o
    0x080077a0   0x0000000c   Code   RO         2061    i.SWS_BytesToRead   singlewireslave.o
    0x080077ac   0x000000c4   Code   RO         2063    i.SWS_Init          singlewireslave.o
    0x08007870   0x00000018   Code   RO         2064    i.SWS_ReadBytes     singlewireslave.o
    0x08007888   0x00000044   Code   RO         2067    i.SWS_SendBytes     singlewireslave.o
    0x080078cc   0x00000038   Code   RO         2070    i.SWS_getBytes      singlewireslave.o
    0x08007904   0x000001e0   Code   RO          142    i.SW_Check          xiaomu.o
    0x08007ae4   0x00000038   Code   RO         1253    i.SendMessage       nrf24l01.o
    0x08007b1c   0x00000014   Code   RO          508    i.SetDisplayUpdate  display.o
    0x08007b30   0x00000008   Code   RO         4274    i.SetSysClock       system_stm32f10x.o
    0x08007b38   0x000000dc   Code   RO         4275    i.SetSysClockTo72   system_stm32f10x.o
    0x08007c14   0x0000000c   Code   RO         4472    i.StopBGM           audio.o
    0x08007c20   0x0000000c   Code   RO         4473    i.StopVoice         audio.o
    0x08007c2c   0x00000060   Code   RO         4277    i.SystemInit        system_stm32f10x.o
    0x08007c8c   0x00000038   Code   RO          116    i.TIM2_IRQHandler   stm32f10x_it.o
    0x08007cc4   0x00000110   Code   RO         4595    i.TIM3_IRQHandler   pcm.o
    0x08007dd4   0x00000006   Code   RO         2766    i.TIM_ClearFlag     stm32f10x_tim.o
    0x08007dda   0x00000006   Code   RO         2767    i.TIM_ClearITPendingBit  stm32f10x_tim.o
    0x08007de0   0x00000018   Code   RO         2772    i.TIM_Cmd           stm32f10x_tim.o
    0x08007df8   0x000001e8   Code   RO         2777    i.TIM_DeInit        stm32f10x_tim.o
    0x08007fe0   0x00000022   Code   RO         2793    i.TIM_GetITStatus   stm32f10x_tim.o
    0x08008002   0x00000012   Code   RO         2797    i.TIM_ITConfig      stm32f10x_tim.o
    0x08008014   0x000000a4   Code   RO         2843    i.TIM_TimeBaseInit  stm32f10x_tim.o
    0x080080b8   0x00000018   Code   RO         3563    i.USART_Cmd         stm32f10x_usart.o
    0x080080d0   0x0000004a   Code   RO         3569    i.USART_ITConfig    stm32f10x_usart.o
    0x0800811a   0x00000002   PAD
    0x0800811c   0x000000d8   Code   RO         3570    i.USART_Init        stm32f10x_usart.o
    0x080081f4   0x00000014   Code   RO          982    i.WriteSlaverID     config.o
    0x08008208   0x00000022   Code   RO         1781    i.Write_Reg         mma7660fc.o
    0x0800822a   0x00000002   PAD
    0x0800822c   0x00000078   Code   RO         4474    i._PlayBGM          audio.o
    0x080082a4   0x0000000e   Code   RO         4740    i.__scatterload_copy  mc_w.l(handlers.o)
    0x080082b2   0x00000002   Code   RO         4741    i.__scatterload_null  mc_w.l(handlers.o)
    0x080082b4   0x0000000e   Code   RO         4742    i.__scatterload_zeroinit  mc_w.l(handlers.o)
    0x080082c2   0x00000002   PAD
    0x080082c4   0x000000d8   Code   RO         4651    i.adpcm_decoder     adpcm.o
    0x0800839c   0x0000001c   Code   RO         4475    i.audio_Init        audio.o
    0x080083b8   0x00000088   Code   RO         4476    i.audio_checkmsg    audio.o
    0x08008440   0x0000003c   Code   RO         4318    i.ccopy             cmlib.o
    0x0800847c   0x00000112   Code   RO         4542    i.chanel_fillbuf    chanel.o
    0x0800858e   0x00000002   PAD
    0x08008590   0x000001b4   Code   RO          143    i.checkpower        xiaomu.o
    0x08008744   0x0000001c   Code   RO          983    i.configchecksum    config.o
    0x08008760   0x00000020   Code   RO         4557    i.decode            decode.o
    0x08008780   0x00000028   Code   RO         2071    i.fifo_read_buf     singlewireslave.o
    0x080087a8   0x0000002c   Code   RO         2072    i.fifo_read_byte    singlewireslave.o
    0x080087d4   0x0000000a   Code   RO         2073    i.fifo_reset        singlewireslave.o
    0x080087de   0x00000006   Code   RO         2074    i.fifo_set_buf      singlewireslave.o
    0x080087e4   0x00000020   Code   RO         2075    i.fifo_write_buf    singlewireslave.o
    0x08008804   0x0000002c   Code   RO         2076    i.fifo_write_byte   singlewireslave.o
    0x08008830   0x00000014   Code   RO          764    i.gSensor_Box_X_Angle  g-sensor.o
    0x08008844   0x00000014   Code   RO          767    i.gSensor_Box_Y_Angle  g-sensor.o
    0x08008858   0x00000014   Code   RO          770    i.gSensor_Box_Z_Angle  g-sensor.o
    0x0800886c   0x00000008   Code   RO          771    i.gSensor_Init      g-sensor.o
    0x08008874   0x000000b4   Code   RO          773    i.gSensor_TopSurface  g-sensor.o
    0x08008928   0x00000058   Code   RO          774    i.gSensor_Update    g-sensor.o
    0x08008980   0x00000034   Code   RO          775    i.gSensor_WaveRank  g-sensor.o
    0x080089b4   0x00000008   Code   RO          984    i.getConfig         config.o
    0x080089bc   0x0000000c   Code   RO         1714    i.getMotorFlag      motor.o
    0x080089c8   0x00000082   Code   RO          985    i.getgname          config.o
    0x08008a4a   0x00000002   PAD
    0x08008a4c   0x00000244   Code   RO          360    i.hardware_main     hardware.o
    0x08008c90   0x00000010   Code   RO         1137    i.hdr_Init          hdr.o
    0x08008ca0   0x00000144   Code   RO         1138    i.hdr_check         hdr.o
    0x08008de4   0x00000026   Code   RO         1139    i.hdr_open          hdr.o
    0x08008e0a   0x00000002   PAD
    0x08008e0c   0x000000ac   Code   RO         1140    i.hdraction         hdr.o
    0x08008eb8   0x00000010   Code   RO         2236    i.i2c_Delay         gd62429.o
    0x08008ec8   0x00000022   Code   RO          144    i.initionNRF        xiaomu.o
    0x08008eea   0x00000026   Code   RO         1141    i.layer2index       hdr.o
    0x08008f10   0x00000018   Code   RO         4396    i.mDelay            cmos.o
    0x08008f28   0x00000018   Code   RO           10    i.main              main.o
    0x08008f40   0x000000ac   Code   RO         4578    i.mixchanel         mix.o
    0x08008fec   0x00000054   Code   RO         1254    i.nRF_Check         nrf24l01.o
    0x08009040   0x0000000c   Code   RO         1255    i.nRF_ClearStatusRegister  nrf24l01.o
    0x0800904c   0x0000004c   Code   RO         1256    i.nRF_EXTIcfg       nrf24l01.o
    0x08009098   0x00000012   Code   RO         1257    i.nRF_FlushRxBuffer  nrf24l01.o
    0x080090aa   0x00000012   Code   RO         1258    i.nRF_FlushTxBuffer  nrf24l01.o
    0x080090bc   0x00000038   Code   RO          729    i.nRF_GetMessage    nrf.o
    0x080090f4   0x00000016   Code   RO         1260    i.nRF_GetStatusRegister  nrf24l01.o
    0x0800910a   0x00000002   PAD
    0x0800910c   0x0000009c   Code   RO          145    i.nRF_IRQHandler    xiaomu.o
    0x080091a8   0x00000038   Code   RO         1261    i.nRF_Init          nrf24l01.o
    0x080091e0   0x00000064   Code   RO         1262    i.nRF_InitReg       nrf24l01.o
    0x08009244   0x0000003c   Code   RO          730    i.nRF_Initialization  nrf.o
    0x08009280   0x0000002c   Code   RO         1263    i.nRF_PowerDown     nrf24l01.o
    0x080092ac   0x0000002a   Code   RO         1264    i.nRF_ReadRxBuffer  nrf24l01.o
    0x080092d6   0x00000002   PAD
    0x080092d8   0x0000011c   Code   RO          146    i.nRF_ReceiveDataHandler  xiaomu.o
    0x080093f4   0x00000024   Code   RO         1265    i.nRF_RecieveMode   nrf24l01.o
    0x08009418   0x00000034   Code   RO         1266    i.nRF_RegisterReadBuffer  nrf24l01.o
    0x0800944c   0x00000034   Code   RO         1268    i.nRF_RegisterWriteBuffer  nrf24l01.o
    0x08009480   0x00000022   Code   RO         1269    i.nRF_RegisterWriteByte  nrf24l01.o
    0x080094a2   0x00000002   PAD
    0x080094a4   0x00000038   Code   RO         1271    i.nRF_SPIRW         nrf24l01.o
    0x080094dc   0x00000018   Code   RO         1272    i.nRF_SPIStart      nrf24l01.o
    0x080094f4   0x00000010   Code   RO         1273    i.nRF_SPIStop       nrf24l01.o
    0x08009504   0x0000001c   Code   RO          731    i.nRF_SetAddress    nrf.o
    0x08009520   0x0000000c   Code   RO         1274    i.nRF_StandbyMode   nrf24l01.o
    0x0800952c   0x00000024   Code   RO         1275    i.nRF_TxSendData    nrf24l01.o
    0x08009550   0x0000005c   Code   RO         1276    i.nRF_TxSetRP1P2    nrf24l01.o
    0x080095ac   0x00000028   Code   RO         1277    i.nRF_TxSetTXRP0    nrf24l01.o
    0x080095d4   0x00000028   Code   RO         1278    i.nRF_WriteTxBuffer  nrf24l01.o
    0x080095fc   0x0000004c   Code   RO          986    i.nRF_getAddr       config.o
    0x08009648   0x00000054   Code   RO          987    i.nRF_setAddr       config.o
    0x0800969c   0x00000064   Code   RO          988    i.nRF_updateAddr    config.o
    0x08009700   0x000000fc   Code   RO         4596    i.pcm_Init          pcm.o
    0x080097fc   0x00000038   Code   RO         4597    i.pcm_Init_Shutdown_Pin  pcm.o
    0x08009834   0x0000001c   Code   RO         4598    i.pcm_checkbuf      pcm.o
    0x08009850   0x00000038   Code   RO         4599    i.pcm_close         pcm.o
    0x08009888   0x00000034   Code   RO         4600    i.pcm_fillbuf       pcm.o
    0x080098bc   0x00000068   Code   RO         4602    i.pcm_open          pcm.o
    0x08009924   0x0000008c   Code   RO         1142    i.play_check        hdr.o
    0x080099b0   0x0000003c   Code   RO         1143    i.play_status       hdr.o
    0x080099ec   0x00000050   Code   RO         4477    i.playbgm           audio.o
    0x08009a3c   0x00000010   Code   RO         1783    i.poweroff          mma7660fc.o
    0x08009a4c   0x00000034   Code   RO         1784    i.poweron           mma7660fc.o
    0x08009a80   0x0000000c   Code   RO          989    i.readSlaverID      config.o
    0x08009a8c   0x0000004c   Code   RO          147    i.resetupdate       xiaomu.o
    0x08009ad8   0x00000030   Code   RO         2203    i.send_Init         send.o
    0x08009b08   0x000000cc   Code   RO         2204    i.sendservice       send.o
    0x08009bd4   0x00000024   Code   RO         1921    i.sentencePlay      sentence.o
    0x08009bf8   0x00000018   Code   RO         2176    i.setLine           oneline.o
    0x08009c10   0x00000030   Code   RO         2077    i.set_mode          singlewireslave.o
    0x08009c40   0x00000098   Code   RO          990    i.setgname          config.o
    0x08009cd8   0x00000024   Code   RO          148    i.shutdown          xiaomu.o
    0x08009cfc   0x00000214   Code   RO          149    i.slaver_main       xiaomu.o
    0x08009f10   0x0000007e   Code   RO          150    i.slaverpowerOff    xiaomu.o
    0x08009f8e   0x00000002   PAD
    0x08009f90   0x0000009c   Code   RO         1922    i.sndInit           sentence.o
    0x0800a02c   0x00000178   Code   RO         1923    i.stCheck           sentence.o
    0x0800a1a4   0x00000060   Code   RO         1924    i.stFillBuf         sentence.o
    0x0800a204   0x00000074   Code   RO         1925    i.stOpenSentence    sentence.o
    0x0800a278   0x0000001a   Code   RO         4397    i.uDelay            cmos.o
    0x0800a292   0x00000002   PAD
    0x0800a294   0x00000030   Code   RO          151    i.updateend         xiaomu.o
    0x0800a2c4   0x00000074   Code   RO          152    i.updategame        xiaomu.o
    0x0800a338   0x00000014   Code   RO          991    i.witeproisok       config.o
    0x0800a34c   0x0000002a   Code   RO          992    i.writeconfig       config.o
    0x0800a376   0x00000002   PAD
    0x0800a378   0x0000003c   Data   RO          361    .constdata          hardware.o
    0x0800a3b4   0x000000b0   Data   RO          966    .constdata          genginecfg.o
    0x0800a464   0x00000020   Data   RO         4738    Region$$Table       anon$$obj.o


    Execution Region RW_IRAM1 (Base: 0x20000000, Size: 0x0000f5b8, Max: 0x00010000, ABSOLUTE, COMPRESSED[0x00000514])

    Base Addr    Size         Type   Attr      Idx    E Section Name        Object

    0x20000000   0x00000001   Data   RW          117    .data               stm32f10x_it.o
    0x20000001   0x00000003   PAD
    0x20000004   0x00000031   Data   RW          154    .data               xiaomu.o
    0x20000035   0x00000001   PAD
    0x20000036   0x00000006   Data   RW          422    .data               usart.o
    0x2000003c   0x00001010   Data   RW          510    .data               display.o
    0x2000104c   0x00000008   Data   RW          733    .data               nrf.o
    0x20001054   0x00000014   Data   RW          785    .data               g-sensor.o
    0x20001068   0x00000007   Data   RW         1279    .data               nrf24l01.o
    0x2000106f   0x00000001   Data   RW         1453    .data               lcd.o
    0x20001070   0x00000005   Data   RW         1715    .data               motor.o
    0x20001075   0x00000003   PAD
    0x20001078   0x000000b4   Data   RW         1786    .data               mma7660fc.o
    0x2000112c   0x00000008   Data   RW         1927    .data               sentence.o
    0x20001134   0x00000004   Data   RW         1995    .data               battery.o
    0x20001138   0x00000022   Data   RW         2079    .data               singlewireslave.o
    0x2000115a   0x00000002   PAD
    0x2000115c   0x00000004   Data   RW         2206    .data               send.o
    0x20001160   0x00000014   Data   RW         2552    .data               stm32f10x_rcc.o
    0x20001174   0x0000000c   Data   RW         4398    .data               cmos.o
    0x20001180   0x00001038   Data   RW         4479    .data               audio.o
    0x200021b8   0x00000018   Data   RW         4603    .data               pcm.o
    0x200021d0   0x000001a4   Data   RW         4652    .data               adpcm.o
    0x20002374   0x00002000   Zero   RW          153    .bss                xiaomu.o
    0x20004374   0x00008180   Zero   RW          509    .bss                display.o
    0x2000c4f4   0x00000038   Zero   RW          671    .bss                file.o
    0x2000c52c   0x000001e0   Zero   RW          732    .bss                nrf.o
    0x2000c70c   0x0000001c   Zero   RW          993    .bss                config.o
    0x2000c728   0x00000190   Zero   RW         1144    .bss                hdr.o
    0x2000c8b8   0x0000005a   Zero   RW         1785    .bss                mma7660fc.o
    0x2000c912   0x00000002   PAD
    0x2000c914   0x00000048   Zero   RW         1926    .bss                sentence.o
    0x2000c95c   0x0000003c   Zero   RW         2078    .bss                singlewireslave.o
    0x2000c998   0x0000001c   Zero   RW         2205    .bss                send.o
    0x2000c9b4   0x00002004   Zero   RW         4478    .bss                audio.o
    0x2000e9b8   0x00000c00   Zero   RW            1    STACK               startup_stm32f10x_hd.o


==============================================================================

Image component sizes


      Code (inc. data)   RO Data    RW Data    ZI Data      Debug   Object Name

       216         14          0        420          0       1448   adpcm.o
       520         50          0       4152       8196       6227   audio.o
       368         38          0          4          0      11877   battery.o
       274          0          0          0          0       1173   chanel.o
       188          0          0          0          0       2784   cmlib.o
       444         52          0         12          0      25696   cmos.o
       826         56          0          0         28       7962   config.o
         0          0          0          0          0      16952   dac.o
        32          0          0          0          0       1785   decode.o
      1818         82          0       4112      33152      12946   display.o
       520         16          0          0         56       5648   file.o
      1554         92          0          0          0      11924   flash.o
       948         74          0         20          0       5036   g-sensor.o
       220         10          0          0          0       1347   gd62429.o
         0          0        176          0          0       1367   genginecfg.o
       672         32         60          0          0       2780   hardware.o
      1216         26          0          0        400       7115   hdr.o
       578         52          0          1          0       6130   lcd.o
        24          8          0          0          0     216535   main.o
       136         24          0          0          0       1283   misc.o
       172          6          0          0          0       1136   mix.o
      1698        144          0        180         90      12518   mma7660fc.o
       200         38          0          5          0       2529   motor.o
       144         36          0          8        480       2013   nrf.o
      1368        138          0          7          0      21810   nrf24l01.o
       132         20          0          0          0        917   oneline.o
       820        134          0         24          0       4145   pcm.o
       344         50          0          4         28       1910   send.o
      1118        166          0          8         72       6313   sentence.o
       908        108          0         34         60       7675   singlewireslave.o
       522         18          0          0          0       3416   slaverapis2.o
        60         16        304          0       3072        824   startup_stm32f10x_hd.o
       376         10          0          0          0      15493   stm32f10x_adc.o
        60         14          0          0          0       1578   stm32f10x_crc.o
        32          6          0          0          0        476   stm32f10x_dbgmcu.o
       200         18          0          0          0       1756   stm32f10x_exti.o
        52         12          0          0          0        921   stm32f10x_flash.o
       518         10          0          0          0       4988   stm32f10x_gpio.o
        56          4          0          1          0      20806   stm32f10x_it.o
        68         30          0          0          0       2062   stm32f10x_iwdg.o
       784        110          0         20          0      10583   stm32f10x_rcc.o
       118          0          0          0          0       3774   stm32f10x_spi.o
       740        106          0          0          0       4195   stm32f10x_tim.o
       314          6          0          0          0       9286   stm32f10x_usart.o
       324         26          0          0          0       1629   system_stm32f10x.o
       212         16          0          6          0       9830   usart.o
      2392        184          0         49       8192     228215   xiaomu.o

    ----------------------------------------------------------------------
     24344       2052        572       9076      53828     728813   Object Totals
         0          0         32          0          0          0   (incl. Generated)
        58          0          0          9          2          0   (incl. Padding)

    ----------------------------------------------------------------------

      Code (inc. data)   RO Data    RW Data    ZI Data      Debug   Library Member Name

        92          0          0          0          0          0   __dczerorl2.o
         0          0          0          0          0          0   entry.o
         0          0          0          0          0          0   entry10a.o
         0          0          0          0          0          0   entry11a.o
         8          4          0          0          0          0   entry2.o
         4          0          0          0          0          0   entry5.o
         0          0          0          0          0          0   entry7b.o
         0          0          0          0          0          0   entry8b.o
         8          4          0          0          0          0   entry9a.o
        30          0          0          0          0          0   handlers.o
        36          8          0          0          0         68   init.o
         0          0          0          0          0          0   iusefp.o
        30          0          0          0          0         68   llshl.o
        32          0          0          0          0         68   llushr.o
        36          0          0          0          0         68   memcpya.o
        36          0          0          0          0        108   memseta.o
       190          0          0          0          0        176   depilogue.o
        50          0          0          0          0         76   dfixui.o
        34          0          0          0          0         76   dflti.o
       228          0          0          0          0         96   dmul.o

    ----------------------------------------------------------------------
       816         16          0          0          0        804   Library Totals
         2          0          0          0          0          0   (incl. Padding)

    ----------------------------------------------------------------------

      Code (inc. data)   RO Data    RW Data    ZI Data      Debug   Library Name

       312         16          0          0          0        380   mc_w.l
       502          0          0          0          0        424   mf_w.l

    ----------------------------------------------------------------------
       816         16          0          0          0        804   Library Totals

    ----------------------------------------------------------------------

==============================================================================


      Code (inc. data)   RO Data    RW Data    ZI Data      Debug   

     25160       2068        572       9076      53828     712457   Grand Totals
     25160       2068        572       1300      53828     712457   ELF Image Totals (compressed)
     25160       2068        572       1300          0          0   ROM Totals

==============================================================================

    Total RO  Size (Code + RO Data)                25732 (  25.13kB)
    Total RW  Size (RW Data + ZI Data)             62904 (  61.43kB)
    Total ROM Size (Code + RO Data + RW Data)      27032 (  26.40kB)

==============================================================================

