Component: ARM Compiler 5.06 update 3 (build 300) Tool: armlink [4d35c9]

==============================================================================

Section Cross References

    startup_stm32f10x_hd.o(RESET) refers to startup_stm32f10x_hd.o(STACK) for __initial_sp
    startup_stm32f10x_hd.o(RESET) refers to startup_stm32f10x_hd.o(.text) for Reset_Handler
    startup_stm32f10x_hd.o(RESET) refers to mma7660fc.o(i.EXTI0_IRQHandler) for EXTI0_IRQHandler
    startup_stm32f10x_hd.o(RESET) refers to recev.o(i.DMA1_Channel1_IRQHandler) for DMA1_Channel1_IRQHandler
    startup_stm32f10x_hd.o(RESET) refers to nrf24l01.o(i.EXTI9_5_IRQHandler) for EXTI9_5_IRQHandler
    startup_stm32f10x_hd.o(RESET) refers to stm32f10x_it.o(i.TIM2_IRQHandler) for TIM2_IRQHandler
    startup_stm32f10x_hd.o(RESET) refers to pcm.o(i.TIM3_IRQHandler) for TIM3_IRQHandler
    startup_stm32f10x_hd.o(RESET) refers to singlewireslave.o(i.EXTI15_10_IRQHandler) for EXTI15_10_IRQHandler
    startup_stm32f10x_hd.o(.text) refers to system_stm32f10x.o(i.SystemInit) for SystemInit
    startup_stm32f10x_hd.o(.text) refers to entry.o(.ARM.Collect$$$$00000000) for __main
    main.o(i.main) refers to xiaomu.o(i.slaver_main) for slaver_main
    stm32f10x_it.o(i.TIM2_IRQHandler) refers to stm32f10x_tim.o(i.TIM_GetITStatus) for TIM_GetITStatus
    stm32f10x_it.o(i.TIM2_IRQHandler) refers to stm32f10x_tim.o(i.TIM_ClearITPendingBit) for TIM_ClearITPendingBit
    stm32f10x_it.o(i.TIM2_IRQHandler) refers to cmos.o(i.CMOS_TimerProcess) for CMOS_TimerProcess
    stm32f10x_it.o(i.TIM2_IRQHandler) refers to motor.o(i.Motor_Check) for Motor_Check
    xiaomu.o(i.GEA_PowerOff) refers to xiaomu.o(i.slaverpowerOff) for slaverpowerOff
    xiaomu.o(i.GEA_Transport) refers to xiaomu.o(i.slaverpowerOff) for slaverpowerOff
    xiaomu.o(i.G_CallFuntion) refers to genginecfg.o(.constdata) for TB_GE_MsgApiInfo
    xiaomu.o(i.SW_Check) refers to memseta.o(.text) for __aeabi_memclr4
    xiaomu.o(i.SW_Check) refers to singlewireslave.o(i.SWS_BytesToRead) for SWS_BytesToRead
    xiaomu.o(i.SW_Check) refers to singlewireslave.o(i.SWS_getBytes) for SWS_getBytes
    xiaomu.o(i.SW_Check) refers to singlewireslave.o(i.SWS_ReadBytes) for SWS_ReadBytes
    xiaomu.o(i.SW_Check) refers to config.o(i.nRF_getAddr) for nRF_getAddr
    xiaomu.o(i.SW_Check) refers to singlewireslave.o(i.SWS_SendBytes) for SWS_SendBytes
    xiaomu.o(i.SW_Check) refers to config.o(i.nRF_setAddr) for nRF_setAddr
    xiaomu.o(i.SW_Check) refers to config.o(i.readSlaverID) for readSlaverID
    xiaomu.o(i.SW_Check) refers to config.o(i.WriteSlaverID) for WriteSlaverID
    xiaomu.o(i.SW_Check) refers to cmos.o(i.mDelay) for mDelay
    xiaomu.o(i.SW_Check) refers to config.o(i.Resetproisok) for Resetproisok
    xiaomu.o(i.SW_Check) refers to startup_stm32f10x_hd.o(.text) for SystemReset
    xiaomu.o(i.SW_Check) refers to cmos.o(i.CMOS_GetTimer) for CMOS_GetTimer
    xiaomu.o(i.SW_Check) refers to oneline.o(i.ONELINE_Init) for ONELINE_Init
    xiaomu.o(i.SW_Check) refers to nrf24l01.o(i.nRF_TxSetRP1P2) for nRF_TxSetRP1P2
    xiaomu.o(i.SW_Check) refers to singlewireslave.o(.data) for _send_buf
    xiaomu.o(i.checkpower) refers to battery.o(i.Bat_GetAD) for Bat_GetAD
    xiaomu.o(i.checkpower) refers to display.o(i.Display_Initialization) for Display_Initialization
    xiaomu.o(i.checkpower) refers to display.o(i.Console_Open) for Console_Open
    xiaomu.o(i.checkpower) refers to stm32f10x_iwdg.o(i.IWDG_ReloadCounter) for IWDG_ReloadCounter
    xiaomu.o(i.checkpower) refers to cmos.o(i.mDelay) for mDelay
    xiaomu.o(i.checkpower) refers to cmos.o(i.CMOS_GetTimer) for CMOS_GetTimer
    xiaomu.o(i.checkpower) refers to battery.o(i.Bat_IsChargForSlave) for Bat_IsChargForSlave
    xiaomu.o(i.checkpower) refers to cmos.o(i.CMOS_GetTimerCount) for CMOS_GetTimerCount
    xiaomu.o(i.checkpower) refers to xiaomu.o(i.shutdown) for shutdown
    xiaomu.o(i.checkpower) refers to xiaomu.o(.data) for powersum
    xiaomu.o(i.initionNRF) refers to nrf.o(i.nRF_Initialization) for nRF_Initialization
    xiaomu.o(i.initionNRF) refers to config.o(i.nRF_updateAddr) for nRF_updateAddr
    xiaomu.o(i.initionNRF) refers to hardware.o(i.hardware_main) for hardware_main
    xiaomu.o(i.initionNRF) refers to nrf24l01.o(i.nRF_InitReg) for nRF_InitReg
    xiaomu.o(i.initionNRF) refers to nrf24l01.o(i.nRF_EXTIcfg) for nRF_EXTIcfg
    xiaomu.o(i.initionNRF) refers to nrf24l01.o(i.nRF_RecieveMode) for nRF_RecieveMode
    xiaomu.o(i.nRF_IRQHandler) refers to cmos.o(i.ClrAutoPowerOff) for ClrAutoPowerOff
    xiaomu.o(i.nRF_IRQHandler) refers to nrf24l01.o(i.nRF_ReadRxBuffer) for nRF_ReadRxBuffer
    xiaomu.o(i.nRF_IRQHandler) refers to cmlib.o(i.FIFO_GetPushIndex) for FIFO_GetPushIndex
    xiaomu.o(i.nRF_IRQHandler) refers to nrf24l01.o(i.SendMessage) for SendMessage
    xiaomu.o(i.nRF_IRQHandler) refers to genginecfg.o(.constdata) for TB_GE_MsgApiInfo
    xiaomu.o(i.nRF_IRQHandler) refers to xiaomu.o(.data) for ppid
[...]
    i.sndInit                                0x0800a1f4   Section        0  sentence.o(i.sndInit)
    i.sort                                   0x0800a290   Section        0  recev.o(i.sort)
    sort                                     0x0800a291   Thumb Code    56  recev.o(i.sort)
    i.stCheck                                0x0800a2c8   Section        0  sentence.o(i.stCheck)
    i.stFillBuf                              0x0800a440   Section        0  sentence.o(i.stFillBuf)
    stFillBuf                                0x0800a441   Thumb Code    76  sentence.o(i.stFillBuf)
    i.stOpenSentence                         0x0800a4a0   Section        0  sentence.o(i.stOpenSentence)
    stOpenSentence                           0x0800a4a1   Thumb Code   104  sentence.o(i.stOpenSentence)
    i.uDelay                                 0x0800a514   Section        0  cmos.o(i.uDelay)
    i.updateend                              0x0800a530   Section        0  xiaomu.o(i.updateend)
    i.updategame                             0x0800a560   Section        0  xiaomu.o(i.updategame)
    i.witeproisok                            0x0800a5d4   Section        0  config.o(i.witeproisok)
    witeproisok                              0x0800a5d5   Thumb Code    14  config.o(i.witeproisok)
    i.writeconfig                            0x0800a5e8   Section        0  config.o(i.writeconfig)
    .constdata                               0x0800a614   Section       60  hardware.o(.constdata)
    .constdata                               0x0800a650   Section      176  genginecfg.o(.constdata)
    .data                                    0x20000000   Section       45  xiaomu.o(.data)
    forcnt                                   0x20000010   Data           4  xiaomu.o(.data)
    ppid                                     0x20000014   Data           1  xiaomu.o(.data)
    data_pid                                 0x2000002c   Data           1  xiaomu.o(.data)
    .data                                    0x20000030   Section     4112  display.o(.data)
    displayisinit                            0x20001031   Data           1  display.o(.data)
    DisplayFLAG                              0x20001034   Data           4  display.o(.data)
    R_ConsoleReg                             0x20001038   Data           8  display.o(.data)
    .data                                    0x20001040   Section        8  nrf.o(.data)
    .data                                    0x20001048   Section       20  g-sensor.o(.data)
    g_x                                      0x20001048   Data           1  g-sensor.o(.data)
    g_y                                      0x20001049   Data           1  g-sensor.o(.data)
    g_z                                      0x2000104a   Data           1  g-sensor.o(.data)
    g_box_x                                  0x2000104b   Data           1  g-sensor.o(.data)
    g_box_y                                  0x2000104c   Data           1  g-sensor.o(.data)
    g_box_z                                  0x2000104d   Data           1  g-sensor.o(.data)
    g_ss                                     0x20001050   Data           8  g-sensor.o(.data)
    last_shake_time                          0x20001058   Data           4  g-sensor.o(.data)
    .data                                    0x2000105c   Section        7  nrf24l01.o(.data)
    .data                                    0x20001063   Section        1  lcd.o(.data)
    lcdstatu                                 0x20001063   Data           1  lcd.o(.data)
    .data                                    0x20001064   Section        8  motor.o(.data)
    MotorFlag                                0x20001064   Data           1  motor.o(.data)
    motor_timer                              0x20001068   Data           4  motor.o(.data)
    .data                                    0x2000106c   Section      180  mma7660fc.o(.data)
    _x                                       0x2000106c   Data           1  mma7660fc.o(.data)
    _y                                       0x2000106d   Data           1  mma7660fc.o(.data)
    _z                                       0x2000106e   Data           1  mma7660fc.o(.data)
    _xyz_state                               0x2000106f   Data           1  mma7660fc.o(.data)
    _index                                   0x20001070   Data           4  mma7660fc.o(.data)
    _g_value                                 0x20001074   Data         132  mma7660fc.o(.data)
    _angle                                   0x200010f8   Data          33  mma7660fc.o(.data)
    .data                                    0x20001120   Section        8  sentence.o(.data)
    st_voiceIndex                            0x20001120   Data           1  sentence.o(.data)
    st_varIndex                              0x20001121   Data           1  sentence.o(.data)
    st_listIndex                             0x20001122   Data           1  sentence.o(.data)
    st_SentenceIndex                         0x20001123   Data           1  sentence.o(.data)
    st_stStatus                              0x20001124   Data           2  sentence.o(.data)
    playplindex                              0x20001126   Data           2  sentence.o(.data)
    .data                                    0x20001128   Section       34  singlewireslave.o(.data)
    _send_byte                               0x2000113c   Data           1  singlewireslave.o(.data)
    _recv_byte                               0x2000113d   Data           1  singlewireslave.o(.data)
    _last_time                               0x20001140   Data           4  singlewireslave.o(.data)
    _tmp                                     0x20001144   Data           4  singlewireslave.o(.data)
    _count_of_rising_edge                    0x20001148   Data           1  singlewireslave.o(.data)
    _count_of_recv_bit                       0x20001149   Data           1  singlewireslave.o(.data)
    .data                                    0x2000114c   Section       12  cmos.o(.data)
    .data                                    0x20001158   Section     4152  audio.o(.data)
    voice                                    0x20001158   Data        2076  audio.o(.data)
    bgm                                      0x20001974   Data        2076  audio.o(.data)
    .data                                    0x20002190   Section       22  pcm.o(.data)
    pcm_buf1                                 0x20002190   Data           4  pcm.o(.data)
    pcm_buf2                                 0x20002194   Data           4  pcm.o(.data)
    pcm_bufp                                 0x20002198   Data           4  pcm.o(.data)
    pcm_index                                0x2000219c   Data           2  pcm.o(.data)
    pcm_isopen                               0x200021a0   Data           4  pcm.o(.data)
    testdata                                 0x200021a4   Data           2  pcm.o(.data)
    .data                                    0x200021a8   Section      420  adpcm.o(.data)
    indexTable                               0x200021a8   Data          64  adpcm.o(.data)
    stepsizeTable                            0x200021e8   Data         356  adpcm.o(.data)
    .bss                                     0x2000234c   Section     8192  xiaomu.o(.bss)
    .bss                                     0x2000434c   Section    33152  display.o(.bss)
    g_graphs                                 0x2000434c   Data         384  display.o(.bss)
    R_DisplayBuffer                          0x200044cc   Data       32768  display.o(.bss)
    .bss                                     0x2000c4cc   Section       56  file.o(.bss)
    str_data_base                            0x2000c4cc   Data          28  file.o(.bss)
    str_game_base                            0x2000c4e8   Data          28  file.o(.bss)
    .bss                                     0x2000c504   Section      480  nrf.o(.bss)
    .bss                                     0x2000c6e4   Section       28  config.o(.bss)
    conf                                     0x2000c6e4   Data          28  config.o(.bss)
    .bss                                     0x2000c700   Section      400  hdr.o(.bss)
    players                                  0x2000c700   Data         400  hdr.o(.bss)
    .bss                                     0x2000c890   Section       90  mma7660fc.o(.bss)
    _x_buf                                   0x2000c890   Data          30  mma7660fc.o(.bss)
    _y_buf                                   0x2000c8ae   Data          30  mma7660fc.o(.bss)
    _z_buf                                   0x2000c8cc   Data          30  mma7660fc.o(.bss)
    .bss                                     0x2000c8ec   Section       72  sentence.o(.bss)
    st_voiceidBuf                            0x2000c8ec   Data          16  sentence.o(.bss)
    st_varBuf                                0x2000c8fc   Data          16  sentence.o(.bss)
    st_listBuf                               0x2000c90c   Data          16  sentence.o(.bss)
    st_sentenceBuf                           0x2000c91c   Data          24  sentence.o(.bss)
    .bss                                     0x2000c934   Section       60  singlewireslave.o(.bss)
    _recv                                    0x2000c934   Data          20  singlewireslave.o(.bss)
    _send                                    0x2000c948   Data          20  singlewireslave.o(.bss)
    _recv_buf                                0x2000c95c   Data          20  singlewireslave.o(.bss)
    .bss                                     0x2000c970   Section     2424  recev.o(.bss)
    myrecev                                  0x2000c970   Data        2394  recev.o(.bss)
    nearsensor                               0x2000d2cc   Data          28  recev.o(.bss)
    .bss                                     0x2000d2e8   Section     8196  audio.o(.bss)
    mixer                                    0x2000d2e8   Data        8196  audio.o(.bss)
    STACK                                    0x2000f2f0   Section     3072  startup_stm32f10x_hd.o(STACK)

    Global Symbols

    Symbol Name                              Value     Ov Type        Size  Object(Section)

    BuildAttributes$$THM_ISAv4$P$D$K$B$S$PE$A:L22UL41UL21$X:L11$S22US41US21$IEEE1$IW$USESV6$~STKCKD$USESV7$~SHL$OTIME$ROPI$EBA8$MICROLIB$REQ8$PRES8$EABIv2 0x00000000   Number         0  anon$$obj.o ABSOLUTE
    __ARM_use_no_argv                        0x00000000   Number         0  main.o ABSOLUTE
    __cpp_initialize__aeabi_                  - Undefined Weak Reference
    __cxa_finalize                            - Undefined Weak Reference
    _clock_init                               - Undefined Weak Reference
    _microlib_exit                            - Undefined Weak Reference
    __Vectors_Size                           0x00000130   Number         0  startup_stm32f10x_hd.o ABSOLUTE
    __Vectors                                0x08004000   Data           4  startup_stm32f10x_hd.o(RESET)
    __Vectors_End                            0x08004130   Data           0  startup_stm32f10x_hd.o(RESET)
    __main                                   0x08004131   Thumb Code     0  entry.o(.ARM.Collect$$$$00000000)
    _main_stk                                0x08004131   Thumb Code     0  entry2.o(.ARM.Collect$$$$00000001)
    _main_scatterload                        0x08004135   Thumb Code     0  entry5.o(.ARM.Collect$$$$00000004)
    __main_after_scatterload                 0x08004139   Thumb Code     0  entry5.o(.ARM.Collect$$$$00000004)
    _main_clock                              0x08004139   Thumb Code     0  entry7b.o(.ARM.Collect$$$$00000008)
    _main_cpp_init                           0x08004139   Thumb Code     0  entry8b.o(.ARM.Collect$$$$0000000A)
    _main_init                               0x08004139   Thumb Code     0  entry9a.o(.ARM.Collect$$$$0000000B)
    __rt_final_cpp                           0x08004141   Thumb Code     0  entry10a.o(.ARM.Collect$$$$0000000D)
    __rt_final_exit                          0x08004141   Thumb Code     0  entry11a.o(.ARM.Collect$$$$0000000F)
    Reset_Handler                            0x08004145   Thumb Code     8  startup_stm32f10x_hd.o(.text)
    NMI_Handler                              0x0800414d   Thumb Code     2  startup_stm32f10x_hd.o(.text)
    HardFault_Handler                        0x0800414f   Thumb Code     2  startup_stm32f10x_hd.o(.text)
    MemManage_Handler                        0x08004151   Thumb Code     2  startup_stm32f10x_hd.o(.text)
    BusFault_Handler                         0x08004153   Thumb Code     2  startup_stm32f10x_hd.o(.text)
    UsageFault_Handler                       0x08004155   Thumb Code     2  startup_stm32f10x_hd.o(.text)
    SVC_Handler                              0x08004157   Thumb Code     2  startup_stm32f10x_hd.o(.text)
    DebugMon_Handler                         0x08004159   Thumb Code     2  startup_stm32f10x_hd.o(.text)
    PendSV_Handler                           0x0800415b   Thumb Code     2  startup_stm32f10x_hd.o(.text)
    SysTick_Handler                          0x0800415d   Thumb Code     2  startup_stm32f10x_hd.o(.text)
    ADC1_2_IRQHandler                        0x0800415f   Thumb Code     0  startup_stm32f10x_hd.o(.text)
    ADC3_IRQHandler                          0x0800415f   Thumb Code     0  startup_stm32f10x_hd.o(.text)
    CAN1_RX1_IRQHandler                      0x0800415f   Thumb Code     0  startup_stm32f10x_hd.o(.text)
    CAN1_SCE_IRQHandler                      0x0800415f   Thumb Code     0  startup_stm32f10x_hd.o(.text)
    DMA1_Channel2_IRQHandler                 0x0800415f   Thumb Code     0  startup_stm32f10x_hd.o(.text)
    DMA1_Channel3_IRQHandler                 0x0800415f   Thumb Code     0  startup_stm32f10x_hd.o(.text)
    DMA1_Channel4_IRQHandler                 0x0800415f   Thumb Code     0  startup_stm32f10x_hd.o(.text)
    DMA1_Channel5_IRQHandler                 0x0800415f   Thumb Code     0  startup_stm32f10x_hd.o(.text)
    DMA1_Channel6_IRQHandler                 0x0800415f   Thumb Code     0  startup_stm32f10x_hd.o(.text)
    DMA1_Channel7_IRQHandler                 0x0800415f   Thumb Code     0  startup_stm32f10x_hd.o(.text)
    DMA2_Channel1_IRQHandler                 0x0800415f   Thumb Code     0  startup_stm32f10x_hd.o(.text)
    DMA2_Channel2_IRQHandler                 0x0800415f   Thumb Code     0  startup_stm32f10x_hd.o(.text)
    DMA2_Channel3_IRQHandler                 0x0800415f   Thumb Code     0  startup_stm32f10x_hd.o(.text)
    DMA2_Channel4_5_IRQHandler               0x0800415f   Thumb Code     0  startup_stm32f10x_hd.o(.text)
    EXTI1_IRQHandler                         0x0800415f   Thumb Code     0  startup_stm32f10x_hd.o(.text)
    EXTI2_IRQHandler                         0x0800415f   Thumb Code     0  startup_stm32f10x_hd.o(.text)
    EXTI3_IRQHandler                         0x0800415f   Thumb Code     0  startup_stm32f10x_hd.o(.text)
    EXTI4_IRQHandler                         0x0800415f   Thumb Code     0  startup_stm32f10x_hd.o(.text)
    FLASH_IRQHandler                         0x0800415f   Thumb Code     0  startup_stm32f10x_hd.o(.text)
    FSMC_IRQHandler                          0x0800415f   Thumb Code     0  startup_stm32f10x_hd.o(.text)
    I2C1_ER_IRQHandler                       0x0800415f   Thumb Code     0  startup_stm32f10x_hd.o(.text)
    I2C1_EV_IRQHandler                       0x0800415f   Thumb Code     0  startup_stm32f10x_hd.o(.text)
    I2C2_ER_IRQHandler                       0x0800415f   Thumb Code     0  startup_stm32f10x_hd.o(.text)
    I2C2_EV_IRQHandler                       0x0800415f   Thumb Code     0  startup_stm32f10x_hd.o(.text)
    PVD_IRQHandler                           0x0800415f   Thumb Code     0  startup_stm32f10x_hd.o(.text)
    RCC_IRQHandler                           0x0800415f   Thumb Code     0  startup_stm32f10x_hd.o(.text)
    RTCAlarm_IRQHandler                      0x0800415f   Thumb Code     0  startup_stm32f10x_hd.o(.text)
    RTC_IRQHandler                           0x0800415f   Thumb Code     0  startup_stm32f10x_hd.o(.text)
    SDIO_IRQHandler                          0x0800415f   Thumb Code     0  startup_stm32f10x_hd.o(.text)
    SPI1_IRQHandler                          0x0800415f   Thumb Code     0  startup_stm32f10x_hd.o(.text)
    SPI2_IRQHandler                          0x0800415f   Thumb Code     0  startup_stm32f10x_hd.o(.text)
    SPI3_IRQHandler                          0x0800415f   Thumb Code     0  startup_stm32f10x_hd.o(.text)
    TAMPER_IRQHandler                        0x0800415f   Thumb Code     0  startup_stm32f10x_hd.o(.text)
    TIM1_BRK_IRQHandler                      0x0800415f   Thumb Code     0  startup_stm32f10x_hd.o(.text)
    TIM1_CC_IRQHandler                       0x0800415f   Thumb Code     0  startup_stm32f10x_hd.o(.text)
    TIM1_TRG_COM_IRQHandler                  0x0800415f   Thumb Code     0  startup_stm32f10x_hd.o(.text)
    TIM1_UP_IRQHandler                       0x0800415f   Thumb Code     0  startup_stm32f10x_hd.o(.text)
    TIM4_IRQHandler                          0x0800415f   Thumb Code     0  startup_stm32f10x_hd.o(.text)
    TIM5_IRQHandler                          0x0800415f   Thumb Code     0  startup_stm32f10x_hd.o(.text)
    TIM6_IRQHandler                          0x0800415f   Thumb Code     0  startup_stm32f10x_hd.o(.text)
    TIM7_IRQHandler                          0x0800415f   Thumb Code     0  startup_stm32f10x_hd.o(.text)
    TIM8_BRK_IRQHandler                      0x0800415f   Thumb Code     0  startup_stm32f10x_hd.o(.text)
    TIM8_CC_IRQHandler                       0x0800415f   Thumb Code     0  startup_stm32f10x_hd.o(.text)
    TIM8_TRG_COM_IRQHandler                  0x0800415f   Thumb Code     0  startup_stm32f10x_hd.o(.text)
    TIM8_UP_IRQHandler                       0x0800415f   Thumb Code     0  startup_stm32f10x_hd.o(.text)
    UART4_IRQHandler                         0x0800415f   Thumb Code     0  startup_stm32f10x_hd.o(.text)
    UART5_IRQHandler                         0x0800415f   Thumb Code     0  startup_stm32f10x_hd.o(.text)
    USART1_IRQHandler                        0x0800415f   Thumb Code     0  startup_stm32f10x_hd.o(.text)
    USART2_IRQHandler                        0x0800415f   Thumb Code     0  startup_stm32f10x_hd.o(.text)
    USART3_IRQHandler                        0x0800415f   Thumb Code     0  startup_stm32f10x_hd.o(.text)
    USBWakeUp_IRQHandler                     0x0800415f   Thumb Code     0  startup_stm32f10x_hd.o(.text)
    USB_HP_CAN1_TX_IRQHandler                0x0800415f   Thumb Code     0  startup_stm32f10x_hd.o(.text)
    USB_LP_CAN1_RX0_IRQHandler               0x0800415f   Thumb Code     0  startup_stm32f10x_hd.o(.text)
    WWDG_IRQHandler                          0x0800415f   Thumb Code     0  startup_stm32f10x_hd.o(.text)
    SystemReset                              0x08004161   Thumb Code    16  startup_stm32f10x_hd.o(.text)
    __aeabi_memcpy                           0x08004181   Thumb Code    36  memcpya.o(.text)
    __aeabi_memcpy4                          0x08004181   Thumb Code     0  memcpya.o(.text)
    __aeabi_memcpy8                          0x08004181   Thumb Code     0  memcpya.o(.text)
    __aeabi_memset                           0x080041a5   Thumb Code    14  memseta.o(.text)
    __aeabi_memset4                          0x080041a5   Thumb Code     0  memseta.o(.text)
    __aeabi_memset8                          0x080041a5   Thumb Code     0  memseta.o(.text)
    __aeabi_memclr                           0x080041b3   Thumb Code     4  memseta.o(.text)
    __aeabi_memclr4                          0x080041b3   Thumb Code     0  memseta.o(.text)
    __aeabi_memclr8                          0x080041b3   Thumb Code     0  memseta.o(.text)
    _memset$wrapper                          0x080041b7   Thumb Code    18  memseta.o(.text)
    __aeabi_dmul                             0x080041c9   Thumb Code   228  dmul.o(.text)
    __aeabi_i2d                              0x080042ad   Thumb Code    34  dflti.o(.text)
    __aeabi_d2uiz                            0x080042cf   Thumb Code    50  dfixui.o(.text)
    __aeabi_llsl                             0x08004301   Thumb Code    30  llshl.o(.text)
    _ll_shift_l                              0x08004301   Thumb Code     0  llshl.o(.text)
    __aeabi_llsr                             0x0800431f   Thumb Code    32  llushr.o(.text)
    _ll_ushift_r                             0x0800431f   Thumb Code     0  llushr.o(.text)
    __I$use$fp                               0x0800433f   Thumb Code     0  iusefp.o(.text)
    _double_round                            0x0800433f   Thumb Code    30  depilogue.o(.text)
    _double_epilogue                         0x0800435d   Thumb Code   156  depilogue.o(.text)
    __scatterload                            0x080043f9   Thumb Code    28  init.o(.text)
    __scatterload_rt2                        0x080043f9   Thumb Code     0  init.o(.text)
    __decompress                             0x0800441d   Thumb Code     0  __dczerorl2.o(.text)
    __decompress1                            0x0800441d   Thumb Code    86  __dczerorl2.o(.text)
    ADC_Cmd                                  0x08004521   Thumb Code    22  stm32f10x_adc.o(i.ADC_Cmd)
    ADC_DMACmd                               0x08004537   Thumb Code    22  stm32f10x_adc.o(i.ADC_DMACmd)
    ADC_DeInit                               0x0800454d   Thumb Code    78  stm32f10x_adc.o(i.ADC_DeInit)
    ADC_GetCalibrationStatus                 0x080045a9   Thumb Code    20  stm32f10x_adc.o(i.ADC_GetCalibrationStatus)
    ADC_GetConversionValue                   0x080045bd   Thumb Code     8  stm32f10x_adc.o(i.ADC_GetConversionValue)
    ADC_GetResetCalibrationStatus            0x080045c5   Thumb Code    20  stm32f10x_adc.o(i.ADC_GetResetCalibrationStatus)
    ADC_Init                                 0x080045d9   Thumb Code    70  stm32f10x_adc.o(i.ADC_Init)
    ADC_RegularChannelConfig                 0x08004629   Thumb Code   184  stm32f10x_adc.o(i.ADC_RegularChannelConfig)
    ADC_ResetCalibration                     0x080046e1   Thumb Code    10  stm32f10x_adc.o(i.ADC_ResetCalibration)
    ADC_SoftwareStartConvCmd                 0x080046eb   Thumb Code    22  stm32f10x_adc.o(i.ADC_SoftwareStartConvCmd)
    ADC_StartCalibration                     0x08004701   Thumb Code    10  stm32f10x_adc.o(i.ADC_StartCalibration)
    AddGraph                                 0x0800470d   Thumb Code    78  display.o(i.AddGraph)
    Bat_GetAD                                0x08004761   Thumb Code    10  battery.o(i.Bat_GetAD)
    Bat_GetChargeState                       0x08004771   Thumb Code    20  battery.o(i.Bat_GetChargeState)
    Bat_GetStandbyState                      0x08004789   Thumb Code    20  battery.o(i.Bat_GetStandbyState)
    Bat_Init                                 0x080047a1   Thumb Code   206  battery.o(i.Bat_Init)
    Bat_IsChargForSlave                      0x0800487d   Thumb Code    20  battery.o(i.Bat_IsChargForSlave)
    Bat_IsCharging                           0x08004895   Thumb Code    28  battery.o(i.Bat_IsCharging)
    CMOS_GetTimer                            0x080048b1   Thumb Code     6  cmos.o(i.CMOS_GetTimer)
    CMOS_GetTimerCount                       0x080048bd   Thumb Code    10  cmos.o(i.CMOS_GetTimerCount)
    CMOS_Initialization                      0x080048d9   Thumb Code    26  cmos.o(i.CMOS_Initialization)
    CMOS_TimerProcess                        0x080049c5   Thumb Code    12  cmos.o(i.CMOS_TimerProcess)
    CRC_CalcBlockCRC                         0x080049d5   Thumb Code    32  stm32f10x_crc.o(i.CRC_CalcBlockCRC)
    CRC_GetCRC                               0x080049f9   Thumb Code     6  stm32f10x_crc.o(i.CRC_GetCRC)
    CRC_MCU                                  0x08004a05   Thumb Code    30  hardware.o(i.CRC_MCU)
    CRC_ResetDR                              0x08004a25   Thumb Code     8  stm32f10x_crc.o(i.CRC_ResetDR)
    CRC_SPI                                  0x08004a31   Thumb Code    62  hardware.o(i.CRC_SPI)
    CheckAutoPowerOff                        0x08004a71   Thumb Code    42  cmos.o(i.CheckAutoPowerOff)
    ClearGraphLayer                          0x08004aa5   Thumb Code    36  display.o(i.ClearGraphLayer)
    ClearScreen                              0x08004acd   Thumb Code    12  display.o(i.ClearScreen)
    ClrAutoPowerOff                          0x08004ad9   Thumb Code    16  cmos.o(i.ClrAutoPowerOff)
    Console_Open                             0x08004af5   Thumb Code    48  display.o(i.Console_Open)
    DBGMCU_Config                            0x08004b29   Thumb Code    26  stm32f10x_dbgmcu.o(i.DBGMCU_Config)
    DMA1_Channel1_IRQHandler                 0x08004b5d   Thumb Code    50  recev.o(i.DMA1_Channel1_IRQHandler)
    DMA_ClearITPendingBit                    0x08004b99   Thumb Code    18  stm32f10x_dma.o(i.DMA_ClearITPendingBit)
    DMA_Cmd                                  0x08004bb5   Thumb Code    24  stm32f10x_dma.o(i.DMA_Cmd)
    DMA_DeInit                               0x08004c4d   Thumb Code   324  stm32f10x_dma.o(i.DMA_DeInit)
    DMA_GetITStatus                          0x08004d99   Thumb Code    36  stm32f10x_dma.o(i.DMA_GetITStatus)
    DMA_ITConfig                             0x08004dc5   Thumb Code    18  stm32f10x_dma.o(i.DMA_ITConfig)
    DMA_Init                                 0x08004dd7   Thumb Code    60  stm32f10x_dma.o(i.DMA_Init)
    Display_CheckUpdate                      0x08004e25   Thumb Code    34  display.o(i.Display_CheckUpdate)
    Display_Initialization                   0x08004e4d   Thumb Code    70  display.o(i.Display_Initialization)
    EXTI0_IRQHandler                         0x08004ea1   Thumb Code   310  mma7660fc.o(i.EXTI0_IRQHandler)
    EXTI15_10_IRQHandler                     0x08004ffd   Thumb Code   292  singlewireslave.o(i.EXTI15_10_IRQHandler)
    EXTI9_5_IRQHandler                       0x08005145   Thumb Code    84  nrf24l01.o(i.EXTI9_5_IRQHandler)
    EXTI_ClearITPendingBit                   0x080051a5   Thumb Code     6  stm32f10x_exti.o(i.EXTI_ClearITPendingBit)
    EXTI_GetITStatus                         0x080051b1   Thumb Code    34  stm32f10x_exti.o(i.EXTI_GetITStatus)
    EXTI_Init                                0x080051d9   Thumb Code   142  stm32f10x_exti.o(i.EXTI_Init)
    FIFO_GetPopIndex                         0x0800526d   Thumb Code    64  cmlib.o(i.FIFO_GetPopIndex)
    FIFO_GetPushIndex                        0x080052ad   Thumb Code    40  cmlib.o(i.FIFO_GetPushIndex)
    FIFO_Init                                0x080052d5   Thumb Code    16  cmlib.o(i.FIFO_Init)
    FIFO_Reset                               0x080052e5   Thumb Code     8  cmlib.o(i.FIFO_Reset)
    FLASH_PrefetchBufferCmd                  0x080052ed   Thumb Code    22  stm32f10x_flash.o(i.FLASH_PrefetchBufferCmd)
    FLASH_SetLatency                         0x08005309   Thumb Code    18  stm32f10x_flash.o(i.FLASH_SetLatency)
    File_GetGraphInfo                        0x08005645   Thumb Code    86  file.o(i.File_GetGraphInfo)
    File_GetGraphSum                         0x0800569b   Thumb Code    16  file.o(i.File_GetGraphSum)
    File_Read                                0x080056ab   Thumb Code    20  file.o(i.File_Read)
    File_SetBaseAddr                         0x080056c1   Thumb Code    76  file.o(i.File_SetBaseAddr)
    Flash_4K_Erase                           0x08005715   Thumb Code    50  flash.o(i.Flash_4K_Erase)
    Flash_4K_Erase_Start                     0x08005747   Thumb Code    46  flash.o(i.Flash_4K_Erase_Start)
    Flash_Init                               0x08005775   Thumb Code   102  flash.o(i.Flash_Init)
    Flash_Read                               0x080057e9   Thumb Code   108  flash.o(i.Flash_Read)
    Flash_Read_Status_Reg                    0x08005859   Thumb Code    60  flash.o(i.Flash_Read_Status_Reg)
    Flash_Write                              0x080058e5   Thumb Code   134  flash.o(i.Flash_Write)
    Flash_Write_Page                         0x0800597d   Thumb Code    78  flash.o(i.Flash_Write_Page)
    Flash_Write_Status_Reg                   0x080059cb   Thumb Code    60  flash.o(i.Flash_Write_Status_Reg)
    FrushDspBuffer                           0x08005a09   Thumb Code    60  display.o(i.FrushDspBuffer)
    FrushRectangle                           0x08005a49   Thumb Code    52  display.o(i.FrushRectangle)
    GEA_AddAnimation                         0x08005a81   Thumb Code   180  hdr.o(i.GEA_AddAnimation)
    GEA_ClePutRef                            0x08005b39   Thumb Code    76  slaverapis2.o(i.GEA_ClePutRef)
    GEA_ClearAnimationFifo                   0x08005b85   Thumb Code    72  hdr.o(i.GEA_ClearAnimationFifo)
    GEA_ClearLayer                           0x08005bcd   Thumb Code    34  slaverapis2.o(i.GEA_ClearLayer)
    GEA_DeleteAnimation                      0x08005bef   Thumb Code    72  hdr.o(i.GEA_DeleteAnimation)
    GEA_GetGName                             0x08005c37   Thumb Code    16  config.o(i.GEA_GetGName)
    GEA_GetJoyStickStatus                    0x08005c49   Thumb Code   186  slaverapis2.o(i.GEA_GetJoyStickStatus)
    GEA_GetNearStatus                        0x08005d09   Thumb Code    28  recev.o(i.GEA_GetNearStatus)
    GEA_GetSpeechStatus                      0x08005d29   Thumb Code    54  sentence.o(i.GEA_GetSpeechStatus)
    GEA_LoopSpeech                           0x08005d65   Thumb Code    30  sentence.o(i.GEA_LoopSpeech)
    GEA_MotorCtrl                            0x08005d85   Thumb Code    56  motor.o(i.GEA_MotorCtrl)
    GEA_PlayAnimation                        0x08005dc1   Thumb Code    28  hdr.o(i.GEA_PlayAnimation)
    GEA_PlaySpeech                           0x08005ddd   Thumb Code    76  sentence.o(i.GEA_PlaySpeech)
    GEA_PowerOff                             0x08005e35   Thumb Code    10  xiaomu.o(i.GEA_PowerOff)
    GEA_PutGraph                             0x08005e3f   Thumb Code    68  slaverapis2.o(i.GEA_PutGraph)
    GEA_SetGName                             0x08005e83   Thumb Code    14  config.o(i.GEA_SetGName)
    GEA_SetMode                              0x08005e91   Thumb Code   114  slaverapis2.o(i.GEA_SetMode)
    GEA_SetSpeechList                        0x08005f09   Thumb Code    90  sentence.o(i.GEA_SetSpeechList)
    GEA_SetTimCnt                            0x08005f6d   Thumb Code    20  cmos.o(i.GEA_SetTimCnt)
    GEA_SlaverState                          0x08005f85   Thumb Code    34  slaverapis2.o(i.GEA_SlaverState)
    GEA_StopAnimation                        0x08005fad   Thumb Code    72  hdr.o(i.GEA_StopAnimation)
    GEA_StopSpeech                           0x08005ff5   Thumb Code    38  sentence.o(i.GEA_StopSpeech)
    GEA_Transport                            0x08006031   Thumb Code    10  xiaomu.o(i.GEA_Transport)
    GPIO_EXTILineConfig                      0x08006069   Thumb Code    60  stm32f10x_gpio.o(i.GPIO_EXTILineConfig)
    GPIO_Init                                0x080060a9   Thumb Code   278  stm32f10x_gpio.o(i.GPIO_Init)
    GPIO_PinRemapConfig                      0x080061c1   Thumb Code   138  stm32f10x_gpio.o(i.GPIO_PinRemapConfig)
    GPIO_ReadInputDataBit                    0x08006251   Thumb Code    18  stm32f10x_gpio.o(i.GPIO_ReadInputDataBit)
    GPIO_ResetBits                           0x08006263   Thumb Code     4  stm32f10x_gpio.o(i.GPIO_ResetBits)
    GPIO_SetBits                             0x08006267   Thumb Code     4  stm32f10x_gpio.o(i.GPIO_SetBits)
    GPIO_WriteBit                            0x0800626b   Thumb Code    10  stm32f10x_gpio.o(i.GPIO_WriteBit)
    G_CallFuntion                            0x08006275   Thumb Code    44  xiaomu.o(i.G_CallFuntion)
    GetResourceAddr                          0x080062a5   Thumb Code    84  file.o(i.GetResourceAddr)
    GetResourceData                          0x08006301   Thumb Code    22  file.o(i.GetResourceData)
    GetResourceDataP                         0x08006317   Thumb Code    34  file.o(i.GetResourceDataP)
    GetResourceItemAddr                      0x08006339   Thumb Code    42  file.o(i.GetResourceItemAddr)
    GetResourceItemNum                       0x08006363   Thumb Code    30  file.o(i.GetResourceItemNum)
    Get_Box_XYZ                              0x08006473   Thumb Code   724  g-sensor.o(i.Get_Box_XYZ)
    IWDG_Enable                              0x080068a9   Thumb Code    10  stm32f10x_iwdg.o(i.IWDG_Enable)
    IWDG_ReloadCounter                       0x080068b9   Thumb Code    10  stm32f10x_iwdg.o(i.IWDG_ReloadCounter)
    IWDG_SetPrescaler                        0x080068c9   Thumb Code     6  stm32f10x_iwdg.o(i.IWDG_SetPrescaler)
    IWDG_SetReload                           0x080068d5   Thumb Code     6  stm32f10x_iwdg.o(i.IWDG_SetReload)
    IWDG_WriteAccessCmd                      0x080068e1   Thumb Code     6  stm32f10x_iwdg.o(i.IWDG_WriteAccessCmd)
    InitConfig                               0x080068ed   Thumb Code   106  config.o(i.InitConfig)
    IsVoiceBusy                              0x0800695d   Thumb Code    10  audio.o(i.IsVoiceBusy)
    Lcd_Init                                 0x080069b9   Thumb Code    36  lcd.o(i.Lcd_Init)
    Lcd_Off                                  0x080069dd   Thumb Code    26  lcd.o(i.Lcd_Off)
    Lcd_On                                   0x08006a01   Thumb Code    38  lcd.o(i.Lcd_On)
    Lcd_RefreshScreen                        0x08006a2d   Thumb Code    30  lcd.o(i.Lcd_RefreshScreen)
    Lcd_Set_Window                           0x08006a6d   Thumb Code    84  lcd.o(i.Lcd_Set_Window)
    Lcd_Write_Buf                            0x08006ac1   Thumb Code    98  lcd.o(i.Lcd_Write_Buf)
    Lcd_Write_Cmd                            0x08006b29   Thumb Code    40  lcd.o(i.Lcd_Write_Cmd)
    Lcd_Write_Param                          0x08006b55   Thumb Code    40  lcd.o(i.Lcd_Write_Param)
    Lcd_initOn                               0x08006b81   Thumb Code    22  lcd.o(i.Lcd_initOn)
    MMA7660FC_GetShakeState                  0x08006c09   Thumb Code   114  mma7660fc.o(i.MMA7660FC_GetShakeState)
    MMA7660FC_Init                           0x08006cd1   Thumb Code   164  mma7660fc.o(i.MMA7660FC_Init)
    MMA7660FC_Standby                        0x08006d89   Thumb Code    26  mma7660fc.o(i.MMA7660FC_Standby)
    MMA7660FC_To_Angle                       0x08006da5   Thumb Code    24  mma7660fc.o(i.MMA7660FC_To_Angle)
    MMA7660FC_XYZ                            0x08006dc1   Thumb Code    66  mma7660fc.o(i.MMA7660FC_XYZ)
    Motor_Check                              0x08006e15   Thumb Code    26  motor.o(i.Motor_Check)
    Motor_Init                               0x08006e35   Thumb Code    44  motor.o(i.Motor_Init)
    Motor_Off                                0x08006e65   Thumb Code    16  motor.o(i.Motor_Off)
    Motor_On                                 0x08006e7d   Thumb Code    14  motor.o(i.Motor_On)
    NVIC_Init                                0x08006e95   Thumb Code   100  misc.o(i.NVIC_Init)
    NVIC_PriorityGroupConfig                 0x08006f05   Thumb Code    10  misc.o(i.NVIC_PriorityGroupConfig)
    ONELINE_Init                             0x08006f19   Thumb Code    94  oneline.o(i.ONELINE_Init)
    PlayVoice                                0x08006f85   Thumb Code   112  audio.o(i.PlayVoice)
    PutChar                                  0x08006ff9   Thumb Code    20  display.o(i.PutChar)
    PutGraph                                 0x08007099   Thumb Code   260  display.o(i.PutGraph)
    PutHex                                   0x080071a1   Thumb Code    70  display.o(i.PutHex)
    PutHexBlock                              0x080071e7   Thumb Code    68  display.o(i.PutHexBlock)
    PutString                                0x0800722b   Thumb Code    44  display.o(i.PutString)
    RCC_ADCCLKConfig                         0x08007259   Thumb Code    18  stm32f10x_rcc.o(i.RCC_ADCCLKConfig)
    RCC_AHBPeriphClockCmd                    0x08007271   Thumb Code    26  stm32f10x_rcc.o(i.RCC_AHBPeriphClockCmd)
    RCC_APB1PeriphClockCmd                   0x08007291   Thumb Code    26  stm32f10x_rcc.o(i.RCC_APB1PeriphClockCmd)
    RCC_APB1PeriphResetCmd                   0x080072b1   Thumb Code    26  stm32f10x_rcc.o(i.RCC_APB1PeriphResetCmd)
    RCC_APB2PeriphClockCmd                   0x080072d1   Thumb Code    26  stm32f10x_rcc.o(i.RCC_APB2PeriphClockCmd)
    RCC_APB2PeriphResetCmd                   0x080072f1   Thumb Code    26  stm32f10x_rcc.o(i.RCC_APB2PeriphResetCmd)
    RCC_DeInit                               0x08007311   Thumb Code    64  stm32f10x_rcc.o(i.RCC_DeInit)
    RCC_GetFlagStatus                        0x0800735d   Thumb Code    56  stm32f10x_rcc.o(i.RCC_GetFlagStatus)
    RCC_GetSYSCLKSource                      0x08007399   Thumb Code    10  stm32f10x_rcc.o(i.RCC_GetSYSCLKSource)
    RCC_HCLKConfig                           0x080073a9   Thumb Code    18  stm32f10x_rcc.o(i.RCC_HCLKConfig)
    RCC_HSEConfig                            0x080073c1   Thumb Code    70  stm32f10x_rcc.o(i.RCC_HSEConfig)
    RCC_PCLK1Config                          0x0800740d   Thumb Code    18  stm32f10x_rcc.o(i.RCC_PCLK1Config)
    RCC_PCLK2Config                          0x08007425   Thumb Code    20  stm32f10x_rcc.o(i.RCC_PCLK2Config)
    RCC_PLLCmd                               0x0800743d   Thumb Code     6  stm32f10x_rcc.o(i.RCC_PLLCmd)
    RCC_PLLConfig                            0x08007449   Thumb Code    24  stm32f10x_rcc.o(i.RCC_PLLConfig)
    RCC_SYSCLKConfig                         0x08007465   Thumb Code    18  stm32f10x_rcc.o(i.RCC_SYSCLKConfig)
    RCC_WaitForHSEStartUp                    0x0800747d   Thumb Code    56  stm32f10x_rcc.o(i.RCC_WaitForHSEStartUp)
    RGB2Y                                    0x080074b5   Thumb Code    84  display.o(i.RGB2Y)
    RefreshGraphs                            0x08007585   Thumb Code    86  display.o(i.RefreshGraphs)
    RefreshScreen                            0x080075e1   Thumb Code    30  display.o(i.RefreshScreen)
    ResetRecieveMode                         0x08007609   Thumb Code    18  nrf24l01.o(i.ResetRecieveMode)
    Resetproisok                             0x0800761b   Thumb Code    12  config.o(i.Resetproisok)
    SPI_Cmd                                  0x08007669   Thumb Code    24  stm32f10x_spi.o(i.SPI_Cmd)
    SPI_I2S_ClearFlag                        0x08007681   Thumb Code     6  stm32f10x_spi.o(i.SPI_I2S_ClearFlag)
    SPI_I2S_GetFlagStatus                    0x08007687   Thumb Code    18  stm32f10x_spi.o(i.SPI_I2S_GetFlagStatus)
    SPI_I2S_ReceiveData                      0x08007699   Thumb Code     6  stm32f10x_spi.o(i.SPI_I2S_ReceiveData)
    SPI_I2S_SendData                         0x0800769f   Thumb Code     4  stm32f10x_spi.o(i.SPI_I2S_SendData)
    SPI_Init                                 0x080076a3   Thumb Code    60  stm32f10x_spi.o(i.SPI_Init)
    SPI_NRF_Init                             0x080076e1   Thumb Code   218  nrf24l01.o(i.SPI_NRF_Init)
    SWS_BytesToRead                          0x080077cd   Thumb Code     6  singlewireslave.o(i.SWS_BytesToRead)
    SWS_Init                                 0x080077d9   Thumb Code   160  singlewireslave.o(i.SWS_Init)
    SWS_ReadBytes                            0x0800789d   Thumb Code    18  singlewireslave.o(i.SWS_ReadBytes)
    SWS_SendBytes                            0x080078b5   Thumb Code    58  singlewireslave.o(i.SWS_SendBytes)
    SWS_getBytes                             0x080078f9   Thumb Code    52  singlewireslave.o(i.SWS_getBytes)
    SendMessage                              0x08007b11   Thumb Code    52  nrf24l01.o(i.SendMessage)
    SetDisplayUpdate                         0x08007b49   Thumb Code    14  display.o(i.SetDisplayUpdate)
    StopBGM                                  0x08007c45   Thumb Code     8  audio.o(i.StopBGM)
    StopVoice                                0x08007c51   Thumb Code     8  audio.o(i.StopVoice)
    SystemInit                               0x08007c5d   Thumb Code    78  system_stm32f10x.o(i.SystemInit)
    TIM2_IRQHandler                          0x08007cbd   Thumb Code    30  stm32f10x_it.o(i.TIM2_IRQHandler)
    TIM3_IRQHandler                          0x08007cdd   Thumb Code   238  pcm.o(i.TIM3_IRQHandler)
    TIM_ClearFlag                            0x08007df1   Thumb Code     6  stm32f10x_tim.o(i.TIM_ClearFlag)
    TIM_ClearITPendingBit                    0x08007df7   Thumb Code     6  stm32f10x_tim.o(i.TIM_ClearITPendingBit)
    TIM_Cmd                                  0x08007dfd   Thumb Code    24  stm32f10x_tim.o(i.TIM_Cmd)
    TIM_DeInit                               0x08007e15   Thumb Code   424  stm32f10x_tim.o(i.TIM_DeInit)
    TIM_GetITStatus                          0x08007ffd   Thumb Code    34  stm32f10x_tim.o(i.TIM_GetITStatus)
    TIM_ITConfig                             0x0800801f   Thumb Code    18  stm32f10x_tim.o(i.TIM_ITConfig)
    TIM_TimeBaseInit                         0x08008031   Thumb Code   122  stm32f10x_tim.o(i.TIM_TimeBaseInit)
    WriteSlaverID                            0x080080d5   Thumb Code    14  config.o(i.WriteSlaverID)
    _PlayBGM                                 0x0800810d   Thumb Code   112  audio.o(i._PlayBGM)
    __scatterload_copy                       0x08008181   Thumb Code    14  handlers.o(i.__scatterload_copy)
    __scatterload_null                       0x0800818f   Thumb Code     2  handlers.o(i.__scatterload_null)
    __scatterload_zeroinit                   0x08008191   Thumb Code    14  handlers.o(i.__scatterload_zeroinit)
    adpcm_decoder                            0x080081a1   Thumb Code   214  adpcm.o(i.adpcm_decoder)
    audio_Init                               0x08008285   Thumb Code    18  audio.o(i.audio_Init)
    audio_checkmsg                           0x080082a1   Thumb Code   122  audio.o(i.audio_checkmsg)
    ccopy                                    0x0800832d   Thumb Code    60  cmlib.o(i.ccopy)
    chanel_fillbuf                           0x08008369   Thumb Code   260  chanel.o(i.chanel_fillbuf)
    checkpower                               0x0800846d   Thumb Code   286  xiaomu.o(i.checkpower)
    decode                                   0x080085c5   Thumb Code    32  decode.o(i.decode)
    gSensor_Box_X_Angle                      0x08008695   Thumb Code    14  g-sensor.o(i.gSensor_Box_X_Angle)
    gSensor_Box_Y_Angle                      0x080086a9   Thumb Code    14  g-sensor.o(i.gSensor_Box_Y_Angle)
    gSensor_Box_Z_Angle                      0x080086bd   Thumb Code    14  g-sensor.o(i.gSensor_Box_Z_Angle)
    gSensor_Init                             0x080086d1   Thumb Code     8  g-sensor.o(i.gSensor_Init)
    gSensor_TopSurface                       0x080086d9   Thumb Code   166  g-sensor.o(i.gSensor_TopSurface)
    gSensor_Update                           0x0800878d   Thumb Code    60  g-sensor.o(i.gSensor_Update)
    gSensor_WaveRank                         0x080087e5   Thumb Code    44  g-sensor.o(i.gSensor_WaveRank)
    getConfig                                0x08008819   Thumb Code     4  config.o(i.getConfig)
    getMotorFlag                             0x08008821   Thumb Code     6  motor.o(i.getMotorFlag)
    getgname                                 0x0800882d   Thumb Code   130  config.o(i.getgname)
    hardware_main                            0x08008911   Thumb Code   498  hardware.o(i.hardware_main)
    hdr_Init                                 0x08008b25   Thumb Code    16  hdr.o(i.hdr_Init)
    hdr_check                                0x08008b35   Thumb Code   324  hdr.o(i.hdr_check)
    hdr_open                                 0x08008c79   Thumb Code    38  hdr.o(i.hdr_open)
    hdraction                                0x08008ca1   Thumb Code   168  hdr.o(i.hdraction)
    initionNRF                               0x08008d4d   Thumb Code    34  xiaomu.o(i.initionNRF)
    mDelay                                   0x08008d95   Thumb Code    18  cmos.o(i.mDelay)
    main                                     0x08008dad   Thumb Code    16  main.o(i.main)
    mixchanel                                0x08008dc5   Thumb Code   166  mix.o(i.mixchanel)
    nRF_Check                                0x08008e71   Thumb Code    74  nrf24l01.o(i.nRF_Check)
    nRF_ClearStatusRegister                  0x08008ec5   Thumb Code    12  nrf24l01.o(i.nRF_ClearStatusRegister)
    nRF_EXTIcfg                              0x08008ed1   Thumb Code    76  nrf24l01.o(i.nRF_EXTIcfg)
    nRF_FlushRxBuffer                        0x08008f1d   Thumb Code    18  nrf24l01.o(i.nRF_FlushRxBuffer)
    nRF_FlushTxBuffer                        0x08008f2f   Thumb Code    18  nrf24l01.o(i.nRF_FlushTxBuffer)
    nRF_GetMessage                           0x08008f41   Thumb Code    46  nrf.o(i.nRF_GetMessage)
    nRF_GetStatusRegister                    0x08008f79   Thumb Code    22  nrf24l01.o(i.nRF_GetStatusRegister)
    nRF_IRQHandler                           0x08008f91   Thumb Code   136  xiaomu.o(i.nRF_IRQHandler)
    nRF_Init                                 0x0800902d   Thumb Code    42  nrf24l01.o(i.nRF_Init)
    nRF_InitReg                              0x08009065   Thumb Code    82  nrf24l01.o(i.nRF_InitReg)
    nRF_Initialization                       0x080090c9   Thumb Code    40  nrf.o(i.nRF_Initialization)
    nRF_PowerDown                            0x08009105   Thumb Code    38  nrf24l01.o(i.nRF_PowerDown)
    nRF_ReadRxBuffer                         0x08009131   Thumb Code    42  nrf24l01.o(i.nRF_ReadRxBuffer)
    nRF_ReceiveDataHandler                   0x0800915d   Thumb Code   262  xiaomu.o(i.nRF_ReceiveDataHandler)
    nRF_RecieveMode                          0x08009279   Thumb Code    30  nrf24l01.o(i.nRF_RecieveMode)
    nRF_RegisterWriteByte                    0x08009305   Thumb Code    34  nrf24l01.o(i.nRF_RegisterWriteByte)
    nRF_SetAddress                           0x08009389   Thumb Code    22  nrf.o(i.nRF_SetAddress)
    nRF_StandbyMode                          0x080093a5   Thumb Code     8  nrf24l01.o(i.nRF_StandbyMode)
    nRF_TxSendData                           0x080093b1   Thumb Code    30  nrf24l01.o(i.nRF_TxSendData)
    nRF_TxSetRP1P2                           0x080093d5   Thumb Code    78  nrf24l01.o(i.nRF_TxSetRP1P2)
    nRF_TxSetTXRP0                           0x08009431   Thumb Code    36  nrf24l01.o(i.nRF_TxSetTXRP0)
    nRF_WriteTxBuffer                        0x08009459   Thumb Code    40  nrf24l01.o(i.nRF_WriteTxBuffer)
    nRF_getAddr                              0x08009481   Thumb Code    72  config.o(i.nRF_getAddr)
    nRF_setAddr                              0x080094cd   Thumb Code    80  config.o(i.nRF_setAddr)
    nRF_updateAddr                           0x08009521   Thumb Code    78  config.o(i.nRF_updateAddr)
    pcm_Init                                 0x08009585   Thumb Code   218  pcm.o(i.pcm_Init)
    pcm_checkbuf                             0x080096b9   Thumb Code    20  pcm.o(i.pcm_checkbuf)
    pcm_close                                0x080096d5   Thumb Code    40  pcm.o(i.pcm_close)
    pcm_fillbuf                              0x0800970d   Thumb Code    40  pcm.o(i.pcm_fillbuf)
    pcm_open                                 0x08009741   Thumb Code    82  pcm.o(i.pcm_open)
    play_check                               0x080097a9   Thumb Code   136  hdr.o(i.play_check)
    play_status                              0x08009835   Thumb Code    56  hdr.o(i.play_status)
    playbgm                                  0x08009871   Thumb Code    80  audio.o(i.playbgm)
    poweroff                                 0x080098c1   Thumb Code    10  mma7660fc.o(i.poweroff)
    poweron                                  0x080098d1   Thumb Code    48  mma7660fc.o(i.poweron)
    readSlaverID                             0x08009905   Thumb Code     6  config.o(i.readSlaverID)
    recev_Init                               0x08009911   Thumb Code    76  recev.o(i.recev_Init)
    recevcheck                               0x08009961   Thumb Code  1182  recev.o(i.recevcheck)
    resetupdate                              0x08009e09   Thumb Code    46  xiaomu.o(i.resetupdate)
    setLine                                  0x08009e79   Thumb Code    18  oneline.o(i.setLine)
    setgname                                 0x08009ec1   Thumb Code   152  config.o(i.setgname)
    shutdown                                 0x08009f59   Thumb Code    36  xiaomu.o(i.shutdown)
    slaver_main                              0x08009f7d   Thumb Code   482  xiaomu.o(i.slaver_main)
    slaverpowerOff                           0x0800a189   Thumb Code   108  xiaomu.o(i.slaverpowerOff)
    sndInit                                  0x0800a1f5   Thumb Code   118  sentence.o(i.sndInit)
    stCheck                                  0x0800a2c9   Thumb Code   338  sentence.o(i.stCheck)
    uDelay                                   0x0800a515   Thumb Code    26  cmos.o(i.uDelay)
    updateend                                0x0800a531   Thumb Code    38  xiaomu.o(i.updateend)
    updategame                               0x0800a561   Thumb Code   100  xiaomu.o(i.updategame)
    writeconfig                              0x0800a5e9   Thumb Code    42  config.o(i.writeconfig)
    TB_GE_MsgApiInfo                         0x0800a650   Data         176  genginecfg.o(.constdata)
    Region$$Table$$Base                      0x0800a700   Number         0  anon$$obj.o(Region$$Table)
    Region$$Table$$Limit                     0x0800a720   Number         0  anon$$obj.o(Region$$Table)
    statusreg                                0x20000000   Data           4  xiaomu.o(.data)
    powersum                                 0x20000004   Data           4  xiaomu.o(.data)
    powervalue                               0x20000008   Data           4  xiaomu.o(.data)
    powerLevel                               0x2000000c   Data           1  xiaomu.o(.data)
    powerisfull                              0x2000000d   Data           1  xiaomu.o(.data)
    isBatCharging                            0x2000000e   Data           1  xiaomu.o(.data)
    readIndex                                0x20000018   Data           4  xiaomu.o(.data)
    writeIndex                               0x2000001c   Data           4  xiaomu.o(.data)
    dataIndex                                0x20000020   Data           4  xiaomu.o(.data)
    downloadgamedataAddr                     0x20000024   Data           4  xiaomu.o(.data)
    Eraseed                                  0x20000028   Data           4  xiaomu.o(.data)
    TB_ASCII8X16                             0x20000030   Data        4097  display.o(.data)
    R_nRF_IrqCheck                           0x20001040   Data           1  nrf.o(.data)
    R_nRF_Fifo                               0x20001042   Data           6  nrf.o(.data)
    R_nRF_Addr                               0x2000105c   Data           5  nrf24l01.o(.data)
    R_EN_AA                                  0x20001061   Data           1  nrf24l01.o(.data)
    R_EN_RXADDR                              0x20001062   Data           1  nrf24l01.o(.data)
    rockcnt                                  0x2000111c   Data           4  mma7660fc.o(.data)
    _send_buf                                0x20001128   Data          20  singlewireslave.o(.data)
    r_OS_TimerCount                          0x2000114c   Data           4  cmos.o(.data)
    AutoPowerOffCnt                          0x20001150   Data           4  cmos.o(.data)
    BkAutoPowerOff                           0x20001154   Data           4  cmos.o(.data)
    dataRbuf                                 0x2000234c   Data        8192  xiaomu.o(.bss)
    R_nRF_Buffer                             0x2000c504   Data         480  nrf.o(.bss)
    __initial_sp                             0x2000fef0   Data           0  startup_stm32f10x_hd.o(STACK)



==============================================================================

Memory Map of the image

  Image Entry point : 0x08004131

  Load Region LR_IROM1 (Base: 0x08004000, Size: 0x00008a6c, Max: 0x0001c000, ABSOLUTE, COMPRESSED[0x00006c24])

    Execution Region ER_IROM1 (Base: 0x08004000, Size: 0x00006720, Max: 0x0001c000, ABSOLUTE)

    Base Addr    Size         Type   Attr      Idx    E Section Name        Object

    0x08004000   0x00000130   Data   RO            3    RESET               startup_stm32f10x_hd.o
    0x08004130   0x00000000   Code   RO         4458  * .ARM.Collect$$$$00000000  mc_w.l(entry.o)
    0x08004130   0x00000004   Code   RO         4495    .ARM.Collect$$$$00000001  mc_w.l(entry2.o)
    0x08004134   0x00000004   Code   RO         4498    .ARM.Collect$$$$00000004  mc_w.l(entry5.o)
    0x08004138   0x00000000   Code   RO         4500    .ARM.Collect$$$$00000008  mc_w.l(entry7b.o)
    0x08004138   0x00000000   Code   RO         4502    .ARM.Collect$$$$0000000A  mc_w.l(entry8b.o)
    0x08004138   0x00000008   Code   RO         4503    .ARM.Collect$$$$0000000B  mc_w.l(entry9a.o)
    0x08004140   0x00000000   Code   RO         4505    .ARM.Collect$$$$0000000D  mc_w.l(entry10a.o)
    0x08004140   0x00000000   Code   RO         4507    .ARM.Collect$$$$0000000F  mc_w.l(entry11a.o)
    0x08004140   0x00000004   Code   RO         4496    .ARM.Collect$$$$00002712  mc_w.l(entry2.o)
    0x08004144   0x0000003c   Code   RO            4    .text               startup_stm32f10x_hd.o
    0x08004180   0x00000024   Code   RO         4461    .text               mc_w.l(memcpya.o)
    0x080041a4   0x00000024   Code   RO         4463    .text               mc_w.l(memseta.o)
    0x080041c8   0x000000e4   Code   RO         4473    .text               mf_w.l(dmul.o)
    0x080042ac   0x00000022   Code   RO         4481    .text               mf_w.l(dflti.o)
    0x080042ce   0x00000032   Code   RO         4485    .text               mf_w.l(dfixui.o)
    0x08004300   0x0000001e   Code   RO         4509    .text               mc_w.l(llshl.o)
    0x0800431e   0x00000020   Code   RO         4511    .text               mc_w.l(llushr.o)
    0x0800433e   0x00000000   Code   RO         4515    .text               mc_w.l(iusefp.o)
    0x0800433e   0x000000ba   Code   RO         4518    .text               mf_w.l(depilogue.o)
    0x080043f8   0x00000024   Code   RO         4520    .text               mc_w.l(init.o)
    0x0800441c   0x00000056   Code   RO         4530    .text               mc_w.l(__dczerorl2.o)
    0x08004472   0x00000002   PAD
    0x08004474   0x000000ac   Code   RO         1997    i.ADC1_Configuration  recev.o
    0x08004520   0x00000016   Code   RO         3544    i.ADC_Cmd           stm32f10x_adc.o
    0x08004536   0x00000016   Code   RO         3545    i.ADC_DMACmd        stm32f10x_adc.o
    0x0800454c   0x0000005c   Code   RO         3546    i.ADC_DeInit        stm32f10x_adc.o
    0x080045a8   0x00000014   Code   RO         3552    i.ADC_GetCalibrationStatus  stm32f10x_adc.o
    0x080045bc   0x00000008   Code   RO         3553    i.ADC_GetConversionValue  stm32f10x_adc.o
    0x080045c4   0x00000014   Code   RO         3558    i.ADC_GetResetCalibrationStatus  stm32f10x_adc.o
    0x080045d8   0x00000050   Code   RO         3562    i.ADC_Init          stm32f10x_adc.o
    0x08004628   0x000000b8   Code   RO         3566    i.ADC_RegularChannelConfig  stm32f10x_adc.o
    0x080046e0   0x0000000a   Code   RO         3567    i.ADC_ResetCalibration  stm32f10x_adc.o
    0x080046ea   0x00000016   Code   RO         3569    i.ADC_SoftwareStartConvCmd  stm32f10x_adc.o
    0x08004700   0x0000000a   Code   RO         3571    i.ADC_StartCalibration  stm32f10x_adc.o
    0x0800470a   0x00000002   PAD
    0x0800470c   0x00000054   Code   RO          311    i.AddGraph          display.o
    0x08004760   0x00000010   Code   RO         1789    i.Bat_GetAD         battery.o
    0x08004770   0x00000018   Code   RO         1790    i.Bat_GetChargeState  battery.o
    0x08004788   0x00000018   Code   RO         1792    i.Bat_GetStandbyState  battery.o
    0x080047a0   0x000000dc   Code   RO         1795    i.Bat_Init          battery.o
    0x0800487c   0x00000018   Code   RO         1796    i.Bat_IsChargForSlave  battery.o
    0x08004894   0x0000001c   Code   RO         1798    i.Bat_IsCharging    battery.o
    0x080048b0   0x0000000c   Code   RO         4176    i.CMOS_GetTimer     cmos.o
    0x080048bc   0x00000010   Code   RO         4177    i.CMOS_GetTimerCount  cmos.o
    0x080048cc   0x0000000c   Code   RO         4178    i.CMOS_InitReg      cmos.o
    0x080048d8   0x0000001a   Code   RO         4179    i.CMOS_Initialization  cmos.o
    0x080048f2   0x0000006a   Code   RO         4180    i.CMOS_SetSystemClock  cmos.o
    0x0800495c   0x00000066   Code   RO         4181    i.CMOS_Timer2Config  cmos.o
    0x080049c2   0x00000002   PAD
    0x080049c4   0x00000010   Code   RO         4182    i.CMOS_TimerProcess  cmos.o
    0x080049d4   0x00000024   Code   RO         4012    i.CRC_CalcBlockCRC  stm32f10x_crc.o
    0x080049f8   0x0000000c   Code   RO         4014    i.CRC_GetCRC        stm32f10x_crc.o
    0x08004a04   0x0000001e   Code   RO          271    i.CRC_MCU           hardware.o
    0x08004a22   0x00000002   PAD
    0x08004a24   0x0000000c   Code   RO         4016    i.CRC_ResetDR       stm32f10x_crc.o
    0x08004a30   0x0000003e   Code   RO          272    i.CRC_SPI           hardware.o
    0x08004a6e   0x00000002   PAD
    0x08004a70   0x00000034   Code   RO         4183    i.CheckAutoPowerOff  cmos.o
    0x08004aa4   0x00000028   Code   RO          312    i.ClearGraphLayer   display.o
    0x08004acc   0x0000000c   Code   RO          313    i.ClearScreen       display.o
    0x08004ad8   0x0000001c   Code   RO         4184    i.ClrAutoPowerOff   cmos.o
    0x08004af4   0x00000034   Code   RO          318    i.Console_Open      display.o
    0x08004b28   0x00000020   Code   RO         3874    i.DBGMCU_Config     stm32f10x_dbgmcu.o
    0x08004b48   0x00000014   Code   RO         1241    i.DB_Write          lcd.o
    0x08004b5c   0x0000003c   Code   RO         1998    i.DMA1_Channel1_IRQHandler  recev.o
    0x08004b98   0x0000001c   Code   RO         3761    i.DMA_ClearITPendingBit  stm32f10x_dma.o
    0x08004bb4   0x00000018   Code   RO         3762    i.DMA_Cmd           stm32f10x_dma.o
    0x08004bcc   0x00000080   Code   RO         1999    i.DMA_Configuration  recev.o
    0x08004c4c   0x0000014c   Code   RO         3763    i.DMA_DeInit        stm32f10x_dma.o
    0x08004d98   0x0000002c   Code   RO         3766    i.DMA_GetITStatus   stm32f10x_dma.o
    0x08004dc4   0x00000012   Code   RO         3767    i.DMA_ITConfig      stm32f10x_dma.o
    0x08004dd6   0x0000003c   Code   RO         3768    i.DMA_Init          stm32f10x_dma.o
    0x08004e12   0x00000010   Code   RO         1562    i.Delay             mma7660fc.o
    0x08004e22   0x00000002   PAD
    0x08004e24   0x00000028   Code   RO          319    i.Display_CheckUpdate  display.o
    0x08004e4c   0x00000054   Code   RO          320    i.Display_Initialization  display.o
    0x08004ea0   0x0000015c   Code   RO         1563    i.EXTI0_IRQHandler  mma7660fc.o
    0x08004ffc   0x00000148   Code   RO         1859    i.EXTI15_10_IRQHandler  singlewireslave.o
    0x08005144   0x00000060   Code   RO         1054    i.EXTI9_5_IRQHandler  nrf24l01.o
    0x080051a4   0x0000000c   Code   RO         3899    i.EXTI_ClearITPendingBit  stm32f10x_exti.o
    0x080051b0   0x00000028   Code   RO         3903    i.EXTI_GetITStatus  stm32f10x_exti.o
    0x080051d8   0x00000094   Code   RO         3904    i.EXTI_Init         stm32f10x_exti.o
    0x0800526c   0x00000040   Code   RO         4100    i.FIFO_GetPopIndex  cmlib.o
    0x080052ac   0x00000028   Code   RO         4101    i.FIFO_GetPushIndex  cmlib.o
    0x080052d4   0x00000010   Code   RO         4102    i.FIFO_Init         cmlib.o
    0x080052e4   0x00000008   Code   RO         4104    i.FIFO_Reset        cmlib.o
    0x080052ec   0x0000001c   Code   RO         3117    i.FLASH_PrefetchBufferCmd  stm32f10x_flash.o
    0x08005308   0x00000018   Code   RO         3122    i.FLASH_SetLatency  stm32f10x_flash.o
    0x08005320   0x00000024   Code   RO         1354    i.F_DB_In           flash.o
    0x08005344   0x00000024   Code   RO         1355    i.F_DB_Out          flash.o
    0x08005368   0x00000070   Code   RO         1356    i.F_Enter_QPI_Mode  flash.o
    0x080053d8   0x00000058   Code   RO         1357    i.F_GPIO_QPI_Mode   flash.o
    0x08005430   0x00000080   Code   RO         1358    i.F_GPIO_SPI_Mode   flash.o
    0x080054b0   0x00000040   Code   RO         1359    i.F_QPI_Check_JEDEC_ID  flash.o
    0x080054f0   0x0000003c   Code   RO         1360    i.F_QPI_R           flash.o
    0x0800552c   0x00000044   Code   RO         1361    i.F_QPI_W           flash.o
    0x08005570   0x00000038   Code   RO         1362    i.F_SPI_Check_JEDEC_ID  flash.o
    0x080055a8   0x00000038   Code   RO         1363    i.F_SPI_R           flash.o
    0x080055e0   0x0000003c   Code   RO         1364    i.F_SPI_W           flash.o
    0x0800561c   0x00000014   Code   RO         1365    i.F_WR_Start        flash.o
    0x08005630   0x00000014   Code   RO         1366    i.F_WR_Stop         flash.o
    0x08005644   0x00000056   Code   RO          485    i.File_GetGraphInfo  file.o
    0x0800569a   0x00000010   Code   RO          486    i.File_GetGraphSum  file.o
    0x080056aa   0x00000014   Code   RO          487    i.File_Read         file.o
    0x080056be   0x00000002   PAD
    0x080056c0   0x00000054   Code   RO          488    i.File_SetBaseAddr  file.o
    0x08005714   0x00000032   Code   RO         1368    i.Flash_4K_Erase    flash.o
    0x08005746   0x0000002e   Code   RO         1369    i.Flash_4K_Erase_Start  flash.o
    0x08005774   0x00000074   Code   RO         1372    i.Flash_Init        flash.o
    0x080057e8   0x00000070   Code   RO         1374    i.Flash_Read        flash.o
    0x08005858   0x0000003c   Code   RO         1375    i.Flash_Read_Status_Reg  flash.o
    0x08005894   0x00000028   Code   RO         1376    i.Flash_Set_Read_Param  flash.o
    0x080058bc   0x00000028   Code   RO         1377    i.Flash_Wait_Done   flash.o
    0x080058e4   0x00000086   Code   RO         1378    i.Flash_Write       flash.o
    0x0800596a   0x00000012   Code   RO         1379    i.Flash_Write_Enable  flash.o
    0x0800597c   0x0000004e   Code   RO         1380    i.Flash_Write_Page  flash.o
    0x080059ca   0x0000003c   Code   RO         1381    i.Flash_Write_Status_Reg  flash.o
    0x08005a06   0x00000002   PAD
    0x08005a08   0x00000040   Code   RO          321    i.FrushDspBuffer    display.o
    0x08005a48   0x00000038   Code   RO          322    i.FrushRectangle    display.o
    0x08005a80   0x000000b8   Code   RO          945    i.GEA_AddAnimation  hdr.o
    0x08005b38   0x0000004c   Code   RO          736    i.GEA_ClePutRef     slaverapis2.o
    0x08005b84   0x00000048   Code   RO          946    i.GEA_ClearAnimationFifo  hdr.o
    0x08005bcc   0x00000022   Code   RO          737    i.GEA_ClearLayer    slaverapis2.o
    0x08005bee   0x00000048   Code   RO          947    i.GEA_DeleteAnimation  hdr.o
    0x08005c36   0x00000010   Code   RO          791    i.GEA_GetGName      config.o
    0x08005c46   0x00000002   PAD
    0x08005c48   0x000000c0   Code   RO          738    i.GEA_GetJoyStickStatus  slaverapis2.o
    0x08005d08   0x00000020   Code   RO         2000    i.GEA_GetNearStatus  recev.o
    0x08005d28   0x0000003c   Code   RO         1720    i.GEA_GetSpeechStatus  sentence.o
    0x08005d64   0x0000001e   Code   RO         1721    i.GEA_LoopSpeech    sentence.o
    0x08005d82   0x00000002   PAD
    0x08005d84   0x0000003c   Code   RO         1512    i.GEA_MotorCtrl     motor.o
    0x08005dc0   0x0000001c   Code   RO          948    i.GEA_PlayAnimation  hdr.o
    0x08005ddc   0x00000058   Code   RO         1722    i.GEA_PlaySpeech    sentence.o
    0x08005e34   0x0000000a   Code   RO          134    i.GEA_PowerOff      xiaomu.o
    0x08005e3e   0x00000044   Code   RO          739    i.GEA_PutGraph      slaverapis2.o
    0x08005e82   0x0000000e   Code   RO          792    i.GEA_SetGName      config.o
    0x08005e90   0x00000078   Code   RO          740    i.GEA_SetMode       slaverapis2.o
    0x08005f08   0x00000064   Code   RO         1723    i.GEA_SetSpeechList  sentence.o
    0x08005f6c   0x00000018   Code   RO         4185    i.GEA_SetTimCnt     cmos.o
    0x08005f84   0x00000028   Code   RO          741    i.GEA_SlaverState   slaverapis2.o
    0x08005fac   0x00000048   Code   RO          949    i.GEA_StopAnimation  hdr.o
    0x08005ff4   0x0000003c   Code   RO         1724    i.GEA_StopSpeech    sentence.o
    0x08006030   0x0000000a   Code   RO          135    i.GEA_Transport     xiaomu.o
    0x0800603a   0x00000002   PAD
    0x0800603c   0x0000002c   Code   RO         2001    i.GPIO_Configuration  recev.o
    0x08006068   0x00000040   Code   RO         2061    i.GPIO_EXTILineConfig  stm32f10x_gpio.o
    0x080060a8   0x00000116   Code   RO         2064    i.GPIO_Init         stm32f10x_gpio.o
    0x080061be   0x00000002   PAD
    0x080061c0   0x00000090   Code   RO         2066    i.GPIO_PinRemapConfig  stm32f10x_gpio.o
    0x08006250   0x00000012   Code   RO         2068    i.GPIO_ReadInputDataBit  stm32f10x_gpio.o
    0x08006262   0x00000004   Code   RO         2071    i.GPIO_ResetBits    stm32f10x_gpio.o
    0x08006266   0x00000004   Code   RO         2072    i.GPIO_SetBits      stm32f10x_gpio.o
    0x0800626a   0x0000000a   Code   RO         2075    i.GPIO_WriteBit     stm32f10x_gpio.o
    0x08006274   0x00000030   Code   RO          136    i.G_CallFuntion     xiaomu.o
    0x080062a4   0x0000005c   Code   RO          489    i.GetResourceAddr   file.o
    0x08006300   0x00000016   Code   RO          490    i.GetResourceData   file.o
    0x08006316   0x00000022   Code   RO          491    i.GetResourceDataP  file.o
    0x08006338   0x0000002a   Code   RO          492    i.GetResourceItemAddr  file.o
    0x08006362   0x0000001e   Code   RO          493    i.GetResourceItemNum  file.o
    0x08006380   0x00000046   Code   RO         1564    i.GetShakeRate      mma7660fc.o
    0x080063c6   0x000000ac   Code   RO          323    i.GetVisibleRegion  display.o
    0x08006472   0x000002d4   Code   RO          584    i.Get_Box_XYZ       g-sensor.o
    0x08006746   0x00000002   PAD
    0x08006748   0x00000088   Code   RO         1565    i.I2C_R             mma7660fc.o
    0x080067d0   0x0000002c   Code   RO         1566    i.I2C_Start         mma7660fc.o
    0x080067fc   0x00000020   Code   RO         1567    i.I2C_Stop          mma7660fc.o
    0x0800681c   0x0000008c   Code   RO         1568    i.I2C_W             mma7660fc.o
    0x080068a8   0x00000010   Code   RO         3832    i.IWDG_Enable       stm32f10x_iwdg.o
    0x080068b8   0x00000010   Code   RO         3834    i.IWDG_ReloadCounter  stm32f10x_iwdg.o
    0x080068c8   0x0000000c   Code   RO         3835    i.IWDG_SetPrescaler  stm32f10x_iwdg.o
    0x080068d4   0x0000000c   Code   RO         3836    i.IWDG_SetReload    stm32f10x_iwdg.o
    0x080068e0   0x0000000c   Code   RO         3837    i.IWDG_WriteAccessCmd  stm32f10x_iwdg.o
    0x080068ec   0x00000070   Code   RO          793    i.InitConfig        config.o
    0x0800695c   0x00000010   Code   RO         4254    i.IsVoiceBusy       audio.o
    0x0800696c   0x0000004c   Code   RO         1242    i.Lcd_GPIOInit      lcd.o
    0x080069b8   0x00000024   Code   RO         1243    i.Lcd_Init          lcd.o
    0x080069dc   0x00000024   Code   RO         1244    i.Lcd_Off           lcd.o
    0x08006a00   0x0000002c   Code   RO         1245    i.Lcd_On            lcd.o
    0x08006a2c   0x0000001e   Code   RO         1247    i.Lcd_RefreshScreen  lcd.o
    0x08006a4a   0x00000002   PAD
    0x08006a4c   0x00000020   Code   RO         1248    i.Lcd_Reset         lcd.o
    0x08006a6c   0x00000054   Code   RO         1251    i.Lcd_Set_Window    lcd.o
    0x08006ac0   0x00000068   Code   RO         1252    i.Lcd_Write_Buf     lcd.o
    0x08006b28   0x0000002c   Code   RO         1253    i.Lcd_Write_Cmd     lcd.o
    0x08006b54   0x0000002c   Code   RO         1254    i.Lcd_Write_Param   lcd.o
    0x08006b80   0x0000001c   Code   RO         1256    i.Lcd_initOn        lcd.o
    0x08006b9c   0x0000006c   Code   RO         1570    i.MMA7660FC_GPIO_Init  mma7660fc.o
    0x08006c08   0x00000080   Code   RO         1571    i.MMA7660FC_GetShakeState  mma7660fc.o
    0x08006c88   0x00000046   Code   RO         1572    i.MMA7660FC_INT_Init  mma7660fc.o
    0x08006cce   0x00000002   PAD
    0x08006cd0   0x000000b8   Code   RO         1573    i.MMA7660FC_Init    mma7660fc.o
    0x08006d88   0x0000001a   Code   RO         1576    i.MMA7660FC_Standby  mma7660fc.o
    0x08006da2   0x00000002   PAD
    0x08006da4   0x0000001c   Code   RO         1579    i.MMA7660FC_To_Angle  mma7660fc.o
    0x08006dc0   0x00000054   Code   RO         1580    i.MMA7660FC_XYZ     mma7660fc.o
    0x08006e14   0x00000020   Code   RO         1514    i.Motor_Check       motor.o
    0x08006e34   0x00000030   Code   RO         1515    i.Motor_Init        motor.o
    0x08006e64   0x00000018   Code   RO         1516    i.Motor_Off         motor.o
    0x08006e7c   0x00000018   Code   RO         1517    i.Motor_On          motor.o
    0x08006e94   0x00000070   Code   RO         2516    i.NVIC_Init         misc.o
    0x08006f04   0x00000014   Code   RO         2517    i.NVIC_PriorityGroupConfig  misc.o
    0x08006f18   0x0000006c   Code   RO         1973    i.ONELINE_Init      oneline.o
    0x08006f84   0x00000074   Code   RO         4255    i.PlayVoice         audio.o
    0x08006ff8   0x00000014   Code   RO          325    i.PutChar           display.o
    0x0800700c   0x0000008c   Code   RO          326    i.PutChar8x16       display.o
    0x08007098   0x00000108   Code   RO          327    i.PutGraph          display.o
    0x080071a0   0x00000046   Code   RO          329    i.PutHex            display.o
    0x080071e6   0x00000044   Code   RO          330    i.PutHexBlock       display.o
    0x0800722a   0x0000002c   Code   RO          332    i.PutString         display.o
    0x08007256   0x00000002   PAD
    0x08007258   0x00000018   Code   RO         2316    i.RCC_ADCCLKConfig  stm32f10x_rcc.o
    0x08007270   0x00000020   Code   RO         2317    i.RCC_AHBPeriphClockCmd  stm32f10x_rcc.o
    0x08007290   0x00000020   Code   RO         2318    i.RCC_APB1PeriphClockCmd  stm32f10x_rcc.o
    0x080072b0   0x00000020   Code   RO         2319    i.RCC_APB1PeriphResetCmd  stm32f10x_rcc.o
    0x080072d0   0x00000020   Code   RO         2320    i.RCC_APB2PeriphClockCmd  stm32f10x_rcc.o
    0x080072f0   0x00000020   Code   RO         2321    i.RCC_APB2PeriphResetCmd  stm32f10x_rcc.o
    0x08007310   0x0000004c   Code   RO         2327    i.RCC_DeInit        stm32f10x_rcc.o
    0x0800735c   0x0000003c   Code   RO         2329    i.RCC_GetFlagStatus  stm32f10x_rcc.o
    0x08007398   0x00000010   Code   RO         2331    i.RCC_GetSYSCLKSource  stm32f10x_rcc.o
    0x080073a8   0x00000018   Code   RO         2332    i.RCC_HCLKConfig    stm32f10x_rcc.o
    0x080073c0   0x0000004c   Code   RO         2333    i.RCC_HSEConfig     stm32f10x_rcc.o
    0x0800740c   0x00000018   Code   RO         2339    i.RCC_PCLK1Config   stm32f10x_rcc.o
    0x08007424   0x00000018   Code   RO         2340    i.RCC_PCLK2Config   stm32f10x_rcc.o
    0x0800743c   0x0000000c   Code   RO         2341    i.RCC_PLLCmd        stm32f10x_rcc.o
    0x08007448   0x0000001c   Code   RO         2342    i.RCC_PLLConfig     stm32f10x_rcc.o
    0x08007464   0x00000018   Code   RO         2345    i.RCC_SYSCLKConfig  stm32f10x_rcc.o
    0x0800747c   0x00000038   Code   RO         2347    i.RCC_WaitForHSEStartUp  stm32f10x_rcc.o
    0x080074b4   0x00000058   Code   RO          333    i.RGB2Y             display.o
    0x0800750c   0x0000002e   Code   RO         1581    i.Read_Reg          mma7660fc.o
    0x0800753a   0x00000048   Code   RO         1582    i.Read_Reg_Queue    mma7660fc.o
    0x08007582   0x00000002   PAD
    0x08007584   0x0000005c   Code   RO          334    i.RefreshGraphs     display.o
    0x080075e0   0x00000028   Code   RO          335    i.RefreshScreen     display.o
    0x08007608   0x00000012   Code   RO         1055    i.ResetRecieveMode  nrf24l01.o
    0x0800761a   0x0000000c   Code   RO          794    i.Resetproisok      config.o
    0x08007626   0x00000002   PAD
    0x08007628   0x00000020   Code   RO         1583    i.SDA_In            mma7660fc.o
    0x08007648   0x00000020   Code   RO         1584    i.SDA_Out           mma7660fc.o
    0x08007668   0x00000018   Code   RO         2177    i.SPI_Cmd           stm32f10x_spi.o
    0x08007680   0x00000006   Code   RO         2181    i.SPI_I2S_ClearFlag  stm32f10x_spi.o
    0x08007686   0x00000012   Code   RO         2185    i.SPI_I2S_GetFlagStatus  stm32f10x_spi.o
    0x08007698   0x00000006   Code   RO         2188    i.SPI_I2S_ReceiveData  stm32f10x_spi.o
    0x0800769e   0x00000004   Code   RO         2189    i.SPI_I2S_SendData  stm32f10x_spi.o
    0x080076a2   0x0000003c   Code   RO         2190    i.SPI_Init          stm32f10x_spi.o
    0x080076de   0x00000002   PAD
    0x080076e0   0x000000ec   Code   RO         1056    i.SPI_NRF_Init      nrf24l01.o
    0x080077cc   0x0000000c   Code   RO         1860    i.SWS_BytesToRead   singlewireslave.o
    0x080077d8   0x000000c4   Code   RO         1862    i.SWS_Init          singlewireslave.o
    0x0800789c   0x00000018   Code   RO         1863    i.SWS_ReadBytes     singlewireslave.o
    0x080078b4   0x00000044   Code   RO         1866    i.SWS_SendBytes     singlewireslave.o
    0x080078f8   0x00000038   Code   RO         1869    i.SWS_getBytes      singlewireslave.o
    0x08007930   0x000001e0   Code   RO          137    i.SW_Check          xiaomu.o
    0x08007b10   0x00000038   Code   RO         1057    i.SendMessage       nrf24l01.o
    0x08007b48   0x00000014   Code   RO          336    i.SetDisplayUpdate  display.o
    0x08007b5c   0x00000008   Code   RO         4064    i.SetSysClock       system_stm32f10x.o
    0x08007b64   0x000000e0   Code   RO         4065    i.SetSysClockTo72   system_stm32f10x.o
    0x08007c44   0x0000000c   Code   RO         4256    i.StopBGM           audio.o
    0x08007c50   0x0000000c   Code   RO         4257    i.StopVoice         audio.o
    0x08007c5c   0x00000060   Code   RO         4067    i.SystemInit        system_stm32f10x.o
    0x08007cbc   0x0000001e   Code   RO          116    i.TIM2_IRQHandler   stm32f10x_it.o
    0x08007cda   0x00000002   PAD
    0x08007cdc   0x00000114   Code   RO         4379    i.TIM3_IRQHandler   pcm.o
    0x08007df0   0x00000006   Code   RO         2562    i.TIM_ClearFlag     stm32f10x_tim.o
    0x08007df6   0x00000006   Code   RO         2563    i.TIM_ClearITPendingBit  stm32f10x_tim.o
    0x08007dfc   0x00000018   Code   RO         2568    i.TIM_Cmd           stm32f10x_tim.o
    0x08007e14   0x000001e8   Code   RO         2573    i.TIM_DeInit        stm32f10x_tim.o
    0x08007ffc   0x00000022   Code   RO         2589    i.TIM_GetITStatus   stm32f10x_tim.o
    0x0800801e   0x00000012   Code   RO         2593    i.TIM_ITConfig      stm32f10x_tim.o
    0x08008030   0x000000a4   Code   RO         2639    i.TIM_TimeBaseInit  stm32f10x_tim.o
    0x080080d4   0x00000014   Code   RO          795    i.WriteSlaverID     config.o
    0x080080e8   0x00000022   Code   RO         1585    i.Write_Reg         mma7660fc.o
    0x0800810a   0x00000002   PAD
    0x0800810c   0x00000074   Code   RO         4258    i._PlayBGM          audio.o
    0x08008180   0x0000000e   Code   RO         4524    i.__scatterload_copy  mc_w.l(handlers.o)
    0x0800818e   0x00000002   Code   RO         4525    i.__scatterload_null  mc_w.l(handlers.o)
    0x08008190   0x0000000e   Code   RO         4526    i.__scatterload_zeroinit  mc_w.l(handlers.o)
    0x0800819e   0x00000002   PAD
    0x080081a0   0x000000e4   Code   RO         4435    i.adpcm_decoder     adpcm.o
    0x08008284   0x0000001c   Code   RO         4259    i.audio_Init        audio.o
    0x080082a0   0x0000008c   Code   RO         4260    i.audio_checkmsg    audio.o
    0x0800832c   0x0000003c   Code   RO         4108    i.ccopy             cmlib.o
    0x08008368   0x00000104   Code   RO         4326    i.chanel_fillbuf    chanel.o
    0x0800846c   0x0000013c   Code   RO          138    i.checkpower        xiaomu.o
    0x080085a8   0x0000001c   Code   RO          796    i.configchecksum    config.o
    0x080085c4   0x00000020   Code   RO         4341    i.decode            decode.o
    0x080085e4   0x00000028   Code   RO         1870    i.fifo_read_buf     singlewireslave.o
    0x0800860c   0x0000002c   Code   RO         1871    i.fifo_read_byte    singlewireslave.o
    0x08008638   0x0000000a   Code   RO         1872    i.fifo_reset        singlewireslave.o
    0x08008642   0x00000006   Code   RO         1873    i.fifo_set_buf      singlewireslave.o
    0x08008648   0x00000020   Code   RO         1874    i.fifo_write_buf    singlewireslave.o
    0x08008668   0x0000002c   Code   RO         1875    i.fifo_write_byte   singlewireslave.o
    0x08008694   0x00000014   Code   RO          587    i.gSensor_Box_X_Angle  g-sensor.o
    0x080086a8   0x00000014   Code   RO          590    i.gSensor_Box_Y_Angle  g-sensor.o
    0x080086bc   0x00000014   Code   RO          593    i.gSensor_Box_Z_Angle  g-sensor.o
    0x080086d0   0x00000008   Code   RO          594    i.gSensor_Init      g-sensor.o
    0x080086d8   0x000000b4   Code   RO          596    i.gSensor_TopSurface  g-sensor.o
    0x0800878c   0x00000058   Code   RO          597    i.gSensor_Update    g-sensor.o
    0x080087e4   0x00000034   Code   RO          598    i.gSensor_WaveRank  g-sensor.o
    0x08008818   0x00000008   Code   RO          797    i.getConfig         config.o
    0x08008820   0x0000000c   Code   RO         1518    i.getMotorFlag      motor.o
    0x0800882c   0x00000082   Code   RO          798    i.getgname          config.o
    0x080088ae   0x00000002   PAD
    0x080088b0   0x00000060   Code   RO         2002    i.getsample         recev.o
    0x08008910   0x00000214   Code   RO          274    i.hardware_main     hardware.o
    0x08008b24   0x00000010   Code   RO          950    i.hdr_Init          hdr.o
    0x08008b34   0x00000144   Code   RO          951    i.hdr_check         hdr.o
    0x08008c78   0x00000026   Code   RO          952    i.hdr_open          hdr.o
    0x08008c9e   0x00000002   PAD
    0x08008ca0   0x000000ac   Code   RO          953    i.hdraction         hdr.o
    0x08008d4c   0x00000022   Code   RO          139    i.initionNRF        xiaomu.o
    0x08008d6e   0x00000026   Code   RO          954    i.layer2index       hdr.o
    0x08008d94   0x00000018   Code   RO         4186    i.mDelay            cmos.o
    0x08008dac   0x00000018   Code   RO           10    i.main              main.o
    0x08008dc4   0x000000ac   Code   RO         4362    i.mixchanel         mix.o
    0x08008e70   0x00000054   Code   RO         1058    i.nRF_Check         nrf24l01.o
    0x08008ec4   0x0000000c   Code   RO         1059    i.nRF_ClearStatusRegister  nrf24l01.o
    0x08008ed0   0x0000004c   Code   RO         1060    i.nRF_EXTIcfg       nrf24l01.o
    0x08008f1c   0x00000012   Code   RO         1061    i.nRF_FlushRxBuffer  nrf24l01.o
    0x08008f2e   0x00000012   Code   RO         1062    i.nRF_FlushTxBuffer  nrf24l01.o
    0x08008f40   0x00000038   Code   RO          552    i.nRF_GetMessage    nrf.o
    0x08008f78   0x00000016   Code   RO         1064    i.nRF_GetStatusRegister  nrf24l01.o
    0x08008f8e   0x00000002   PAD
    0x08008f90   0x0000009c   Code   RO          140    i.nRF_IRQHandler    xiaomu.o
    0x0800902c   0x00000038   Code   RO         1065    i.nRF_Init          nrf24l01.o
    0x08009064   0x00000064   Code   RO         1066    i.nRF_InitReg       nrf24l01.o
    0x080090c8   0x0000003c   Code   RO          553    i.nRF_Initialization  nrf.o
    0x08009104   0x0000002c   Code   RO         1067    i.nRF_PowerDown     nrf24l01.o
    0x08009130   0x0000002a   Code   RO         1068    i.nRF_ReadRxBuffer  nrf24l01.o
    0x0800915a   0x00000002   PAD
    0x0800915c   0x0000011c   Code   RO          141    i.nRF_ReceiveDataHandler  xiaomu.o
    0x08009278   0x00000024   Code   RO         1069    i.nRF_RecieveMode   nrf24l01.o
    0x0800929c   0x00000034   Code   RO         1070    i.nRF_RegisterReadBuffer  nrf24l01.o
    0x080092d0   0x00000034   Code   RO         1072    i.nRF_RegisterWriteBuffer  nrf24l01.o
    0x08009304   0x00000022   Code   RO         1073    i.nRF_RegisterWriteByte  nrf24l01.o
    0x08009326   0x00000002   PAD
    0x08009328   0x00000038   Code   RO         1075    i.nRF_SPIRW         nrf24l01.o
    0x08009360   0x00000018   Code   RO         1076    i.nRF_SPIStart      nrf24l01.o
    0x08009378   0x00000010   Code   RO         1077    i.nRF_SPIStop       nrf24l01.o
    0x08009388   0x0000001c   Code   RO          554    i.nRF_SetAddress    nrf.o
    0x080093a4   0x0000000c   Code   RO         1078    i.nRF_StandbyMode   nrf24l01.o
    0x080093b0   0x00000024   Code   RO         1079    i.nRF_TxSendData    nrf24l01.o
    0x080093d4   0x0000005c   Code   RO         1080    i.nRF_TxSetRP1P2    nrf24l01.o
    0x08009430   0x00000028   Code   RO         1081    i.nRF_TxSetTXRP0    nrf24l01.o
    0x08009458   0x00000028   Code   RO         1082    i.nRF_WriteTxBuffer  nrf24l01.o
    0x08009480   0x0000004c   Code   RO          799    i.nRF_getAddr       config.o
    0x080094cc   0x00000054   Code   RO          800    i.nRF_setAddr       config.o
    0x08009520   0x00000064   Code   RO          801    i.nRF_updateAddr    config.o
    0x08009584   0x000000fc   Code   RO         4380    i.pcm_Init          pcm.o
    0x08009680   0x00000038   Code   RO         4381    i.pcm_Init_Shutdown_Pin  pcm.o
    0x080096b8   0x0000001c   Code   RO         4382    i.pcm_checkbuf      pcm.o
    0x080096d4   0x00000038   Code   RO         4383    i.pcm_close         pcm.o
    0x0800970c   0x00000034   Code   RO         4384    i.pcm_fillbuf       pcm.o
    0x08009740   0x00000068   Code   RO         4386    i.pcm_open          pcm.o
    0x080097a8   0x0000008c   Code   RO          955    i.play_check        hdr.o
    0x08009834   0x0000003c   Code   RO          956    i.play_status       hdr.o
    0x08009870   0x00000050   Code   RO         4261    i.playbgm           audio.o
    0x080098c0   0x00000010   Code   RO         1587    i.poweroff          mma7660fc.o
    0x080098d0   0x00000034   Code   RO         1588    i.poweron           mma7660fc.o
    0x08009904   0x0000000c   Code   RO          802    i.readSlaverID      config.o
    0x08009910   0x00000050   Code   RO         2003    i.recev_Init        recev.o
    0x08009960   0x000004a8   Code   RO         2004    i.recevcheck        recev.o
    0x08009e08   0x0000004c   Code   RO          142    i.resetupdate       xiaomu.o
    0x08009e54   0x00000024   Code   RO         1725    i.sentencePlay      sentence.o
    0x08009e78   0x00000018   Code   RO         1975    i.setLine           oneline.o
    0x08009e90   0x00000030   Code   RO         1876    i.set_mode          singlewireslave.o
    0x08009ec0   0x00000098   Code   RO          803    i.setgname          config.o
    0x08009f58   0x00000024   Code   RO          143    i.shutdown          xiaomu.o
    0x08009f7c   0x0000020c   Code   RO          144    i.slaver_main       xiaomu.o
    0x0800a188   0x0000006c   Code   RO          145    i.slaverpowerOff    xiaomu.o
    0x0800a1f4   0x0000009c   Code   RO         1726    i.sndInit           sentence.o
    0x0800a290   0x00000038   Code   RO         2005    i.sort              recev.o
    0x0800a2c8   0x00000178   Code   RO         1727    i.stCheck           sentence.o
    0x0800a440   0x00000060   Code   RO         1728    i.stFillBuf         sentence.o
    0x0800a4a0   0x00000074   Code   RO         1729    i.stOpenSentence    sentence.o
    0x0800a514   0x0000001a   Code   RO         4187    i.uDelay            cmos.o
    0x0800a52e   0x00000002   PAD
    0x0800a530   0x00000030   Code   RO          146    i.updateend         xiaomu.o
    0x0800a560   0x00000074   Code   RO          147    i.updategame        xiaomu.o
    0x0800a5d4   0x00000014   Code   RO          804    i.witeproisok       config.o
    0x0800a5e8   0x0000002a   Code   RO          805    i.writeconfig       config.o
    0x0800a612   0x00000002   PAD
    0x0800a614   0x0000003c   Data   RO          275    .constdata          hardware.o
    0x0800a650   0x000000b0   Data   RO          779    .constdata          genginecfg.o
    0x0800a700   0x00000020   Data   RO         4522    Region$$Table       anon$$obj.o


    Execution Region RW_IRAM1 (Base: 0x20000000, Size: 0x0000fef0, Max: 0x00010000, ABSOLUTE, COMPRESSED[0x00000504])

    Base Addr    Size         Type   Attr      Idx    E Section Name        Object

    0x20000000   0x0000002d   Data   RW          149    .data               xiaomu.o
    0x2000002d   0x00000003   PAD
    0x20000030   0x00001010   Data   RW          338    .data               display.o
    0x20001040   0x00000008   Data   RW          556    .data               nrf.o
    0x20001048   0x00000014   Data   RW          608    .data               g-sensor.o
    0x2000105c   0x00000007   Data   RW         1083    .data               nrf24l01.o
    0x20001063   0x00000001   Data   RW         1257    .data               lcd.o
    0x20001064   0x00000008   Data   RW         1519    .data               motor.o
    0x2000106c   0x000000b4   Data   RW         1590    .data               mma7660fc.o
    0x20001120   0x00000008   Data   RW         1731    .data               sentence.o
    0x20001128   0x00000022   Data   RW         1878    .data               singlewireslave.o
    0x2000114a   0x00000002   PAD
    0x2000114c   0x0000000c   Data   RW         4188    .data               cmos.o
    0x20001158   0x00001038   Data   RW         4263    .data               audio.o
    0x20002190   0x00000016   Data   RW         4387    .data               pcm.o
    0x200021a6   0x00000002   PAD
    0x200021a8   0x000001a4   Data   RW         4436    .data               adpcm.o
    0x2000234c   0x00002000   Zero   RW          148    .bss                xiaomu.o
    0x2000434c   0x00008180   Zero   RW          337    .bss                display.o
    0x2000c4cc   0x00000038   Zero   RW          494    .bss                file.o
    0x2000c504   0x000001e0   Zero   RW          555    .bss                nrf.o
    0x2000c6e4   0x0000001c   Zero   RW          806    .bss                config.o
    0x2000c700   0x00000190   Zero   RW          957    .bss                hdr.o
    0x2000c890   0x0000005a   Zero   RW         1589    .bss                mma7660fc.o
    0x2000c8ea   0x00000002   PAD
    0x2000c8ec   0x00000048   Zero   RW         1730    .bss                sentence.o
    0x2000c934   0x0000003c   Zero   RW         1877    .bss                singlewireslave.o
    0x2000c970   0x00000978   Zero   RW         2006    .bss                recev.o
    0x2000d2e8   0x00002004   Zero   RW         4262    .bss                audio.o
    0x2000f2ec   0x00000004   PAD
    0x2000f2f0   0x00000c00   Zero   RW            1    STACK               startup_stm32f10x_hd.o


==============================================================================

Image component sizes


      Code (inc. data)   RO Data    RW Data    ZI Data      Debug   Object Name

       228         14          0        420          0       1556   adpcm.o
       520         50          0       4152       8196       6575   audio.o
       336         32          0          0          0      11989   battery.o
       260          0          0          0          0       1229   chanel.o
       188          0          0          0          0       2972   cmlib.o
       444         52          0         12          0       5952   cmos.o
       826         58          0          0         28       8446   config.o
        32          0          0          0          0       1913   decode.o
      1450         82          0       4112      33152      12435   display.o
       426         16          0          0         56       5956   file.o
      1558         92          0          0          0      12596   flash.o
      1112         74          0         20          0       4848   g-sensor.o
         0          0        176          0          0       1427   genginecfg.o
       624         34         60          0          0       2060   hardware.o
      1216         26          0          0        400       7543   hdr.o
       578         52          0          1          0       6526   lcd.o
        24          8          0          0          0     217007   main.o
       132         22          0          0          0       1343   misc.o
       172          6          0          0          0       1216   mix.o
      1698        144          0        180         90      13126   mma7660fc.o
       200         38          0          8          0       2685   motor.o
       144         36          0          8        480       2141   nrf.o
      1368        138          0          7          0      22618   nrf24l01.o
       132         20          0          0          0        969   oneline.o
       824        136          0         22          0       4333   pcm.o
      1860         92          0          0       2424      16525   recev.o
      1118        166          0          8         72       6677   sentence.o
       908        108          0         34         60       8111   singlewireslave.o
       530         18          0          0          0       3636   slaverapis2.o
        60         16        304          0       3072        848   startup_stm32f10x_hd.o
       490         24          0          0          0       7775   stm32f10x_adc.o
        60         14          0          0          0       1678   stm32f10x_crc.o
        32          6          0          0          0        496   stm32f10x_dbgmcu.o
       506         26          0          0          0       4695   stm32f10x_dma.o
       200         18          0          0          0       1848   stm32f10x_exti.o
        52         12          0          0          0        973   stm32f10x_flash.o
       522         10          0          0          0       5184   stm32f10x_gpio.o
        30          0          0          0          0      20714   stm32f10x_it.o
        68         30          0          0          0       2162   stm32f10x_iwdg.o
       604         96          0          0          0      10683   stm32f10x_rcc.o
       118          0          0          0          0       3938   stm32f10x_spi.o
       740        106          0          0          0       4379   stm32f10x_tim.o
       328         28          0          0          0       1709   system_stm32f10x.o
      2246        186          0         45       8192      28827   xiaomu.o

    ----------------------------------------------------------------------
     25020       2086        572       9036      56228     490319   Object Totals
         0          0         32          0          0          0   (incl. Generated)
        56          0          0          7          6          0   (incl. Padding)

    ----------------------------------------------------------------------

      Code (inc. data)   RO Data    RW Data    ZI Data      Debug   Library Member Name

        86          0          0          0          0          0   __dczerorl2.o
         0          0          0          0          0          0   entry.o
         0          0          0          0          0          0   entry10a.o
         0          0          0          0          0          0   entry11a.o
         8          4          0          0          0          0   entry2.o
         4          0          0          0          0          0   entry5.o
         0          0          0          0          0          0   entry7b.o
         0          0          0          0          0          0   entry8b.o
         8          4          0          0          0          0   entry9a.o
        30          0          0          0          0          0   handlers.o
        36          8          0          0          0         68   init.o
         0          0          0          0          0          0   iusefp.o
        30          0          0          0          0         68   llshl.o
        32          0          0          0          0         68   llushr.o
        36          0          0          0          0         68   memcpya.o
        36          0          0          0          0        108   memseta.o
       186          0          0          0          0        176   depilogue.o
        50          0          0          0          0         76   dfixui.o
        34          0          0          0          0         76   dflti.o
       228          0          0          0          0         96   dmul.o

    ----------------------------------------------------------------------
       808         16          0          0          0        804   Library Totals
         4          0          0          0          0          0   (incl. Padding)

    ----------------------------------------------------------------------

      Code (inc. data)   RO Data    RW Data    ZI Data      Debug   Library Name

       306         16          0          0          0        380   mc_w.l
       498          0          0          0          0        424   mf_w.l

    ----------------------------------------------------------------------
       808         16          0          0          0        804   Library Totals

    ----------------------------------------------------------------------

==============================================================================


      Code (inc. data)   RO Data    RW Data    ZI Data      Debug   

     25828       2102        572       9036      56228     474039   Grand Totals
     25828       2102        572       1284      56228     474039   ELF Image Totals (compressed)
     25828       2102        572       1284          0          0   ROM Totals

==============================================================================

    Total RO  Size (Code + RO Data)                26400 (  25.78kB)
    Total RW  Size (RW Data + ZI Data)             65264 (  63.73kB)
    Total ROM Size (Code + RO Data + RW Data)      27684 (  27.04kB)

==============================================================================

